<?xml version="1.0" encoding="ISO-8859-1" ?>
<link_info>
   <banner>TMS320C2000 Linker PC v21.6.0.LTS</banner>
   <copyright>Copyright (c) 1996-2018 Texas Instruments Incorporated</copyright>
   <link_time>0x623979a3</link_time>
   <link_errors>0x0</link_errors>
   <output_file>power_cpu2.out</output_file>
   <entry_point>
      <name>code_start</name>
      <address>0x80000</address>
   </entry_point>
   <input_file_list>
      <input_file id="fl-2">
         <path>.\</path>
         <kind>object</kind>
         <file>main_cpu2.obj</file>
         <name>main_cpu2.obj</name>
      </input_file>
      <input_file id="fl-3">
         <path>.\dsp\c2000_sdk\v400\f2837xd\</path>
         <kind>object</kind>
         <file>F2837xD_Adc.obj</file>
         <name>F2837xD_Adc.obj</name>
      </input_file>
      <input_file id="fl-4">
         <path>.\dsp\c2000_sdk\v400\f2837xd\</path>
         <kind>object</kind>
         <file>F2837xD_CpuTimers.obj</file>
         <name>F2837xD_CpuTimers.obj</name>
      </input_file>
      <input_file id="fl-5">
         <path>.\dsp\c2000_sdk\v400\f2837xd\</path>
         <kind>object</kind>
         <file>F2837xD_DBGIER.obj</file>
         <name>F2837xD_DBGIER.obj</name>
      </input_file>
      <input_file id="fl-6">
         <path>.\dsp\c2000_sdk\v400\f2837xd\</path>
         <kind>object</kind>
         <file>F2837xD_DefaultISR.obj</file>
         <name>F2837xD_DefaultISR.obj</name>
      </input_file>
      <input_file id="fl-7">
         <path>.\dsp\c2000_sdk\v400\f2837xd\</path>
         <kind>object</kind>
         <file>F2837xD_Dma.obj</file>
         <name>F2837xD_Dma.obj</name>
      </input_file>
      <input_file id="fl-8">
         <path>.\dsp\c2000_sdk\v400\f2837xd\</path>
         <kind>object</kind>
         <file>F2837xD_GlobalVariableDefs.obj</file>
         <name>F2837xD_GlobalVariableDefs.obj</name>
      </input_file>
      <input_file id="fl-9">
         <path>.\dsp\c2000_sdk\v400\f2837xd\</path>
         <kind>object</kind>
         <file>F2837xD_Gpio.obj</file>
         <name>F2837xD_Gpio.obj</name>
      </input_file>
      <input_file id="fl-a">
         <path>.\dsp\c2000_sdk\v400\f2837xd\</path>
         <kind>object</kind>
         <file>F2837xD_I2C.obj</file>
         <name>F2837xD_I2C.obj</name>
      </input_file>
      <input_file id="fl-b">
         <path>.\dsp\c2000_sdk\v400\f2837xd\</path>
         <kind>object</kind>
         <file>F2837xD_Ipc.obj</file>
         <name>F2837xD_Ipc.obj</name>
      </input_file>
      <input_file id="fl-c">
         <path>.\dsp\c2000_sdk\v400\f2837xd\</path>
         <kind>object</kind>
         <file>F2837xD_Ipc_Driver.obj</file>
         <name>F2837xD_Ipc_Driver.obj</name>
      </input_file>
      <input_file id="fl-d">
         <path>.\dsp\c2000_sdk\v400\f2837xd\</path>
         <kind>object</kind>
         <file>F2837xD_Ipc_Driver_Lite.obj</file>
         <name>F2837xD_Ipc_Driver_Lite.obj</name>
      </input_file>
      <input_file id="fl-e">
         <path>.\dsp\c2000_sdk\v400\f2837xd\</path>
         <kind>object</kind>
         <file>F2837xD_Ipc_Driver_Util.obj</file>
         <name>F2837xD_Ipc_Driver_Util.obj</name>
      </input_file>
      <input_file id="fl-f">
         <path>.\dsp\c2000_sdk\v400\f2837xd\</path>
         <kind>object</kind>
         <file>F2837xD_Mcbsp.obj</file>
         <name>F2837xD_Mcbsp.obj</name>
      </input_file>
      <input_file id="fl-10">
         <path>.\dsp\c2000_sdk\v400\f2837xd\</path>
         <kind>object</kind>
         <file>F2837xD_PieCtrl.obj</file>
         <name>F2837xD_PieCtrl.obj</name>
      </input_file>
      <input_file id="fl-11">
         <path>.\dsp\c2000_sdk\v400\f2837xd\</path>
         <kind>object</kind>
         <file>F2837xD_PieVect.obj</file>
         <name>F2837xD_PieVect.obj</name>
      </input_file>
      <input_file id="fl-12">
         <path>.\dsp\c2000_sdk\v400\f2837xd\</path>
         <kind>object</kind>
         <file>F2837xD_Sci.obj</file>
         <name>F2837xD_Sci.obj</name>
      </input_file>
      <input_file id="fl-13">
         <path>.\dsp\c2000_sdk\v400\f2837xd\</path>
         <kind>object</kind>
         <file>F2837xD_SysCtrl.obj</file>
         <name>F2837xD_SysCtrl.obj</name>
      </input_file>
      <input_file id="fl-14">
         <path>.\dsp\c2000_sdk\v400\f2837xd\</path>
         <kind>object</kind>
         <file>F2837xD_can.obj</file>
         <name>F2837xD_can.obj</name>
      </input_file>
      <input_file id="fl-15">
         <path>.\dsp\c2000_sdk\v400\f2837xd\</path>
         <kind>object</kind>
         <file>F2837xD_sci_io.obj</file>
         <name>F2837xD_sci_io.obj</name>
      </input_file>
      <input_file id="fl-16">
         <path>.\dsp\c2000_sdk\v400\f2837xd\</path>
         <kind>object</kind>
         <file>F2837xD_sdfm_drivers.obj</file>
         <name>F2837xD_sdfm_drivers.obj</name>
      </input_file>
      <input_file id="fl-17">
         <path>.\dsp\c2000_sdk\v400\f2837xd\</path>
         <kind>object</kind>
         <file>F2837xD_struct.obj</file>
         <name>F2837xD_struct.obj</name>
      </input_file>
      <input_file id="fl-18">
         <path>.\dsp\c2000_sdk\v400\f2837xd\</path>
         <kind>object</kind>
         <file>F2837xD_usDelay.obj</file>
         <name>F2837xD_usDelay.obj</name>
      </input_file>
      <input_file id="fl-19">
         <path>.\dsp\c2000_sdk\v400\f2837xd\device\</path>
         <kind>object</kind>
         <file>F2837xD_CodeStartBranch.obj</file>
         <name>F2837xD_CodeStartBranch.obj</name>
      </input_file>
      <input_file id="fl-1a">
         <path>.\dsp\c2000_sdk\v400\f2837xd\device\</path>
         <kind>object</kind>
         <file>device.obj</file>
         <name>device.obj</name>
      </input_file>
      <input_file id="fl-1b">
         <path>.\dsp\c2000_sdk\v400\f2837xd\libraries\flash_api\f2837xd\source\</path>
         <kind>object</kind>
         <file>Fapi_UserDefinedFunctions.obj</file>
         <name>Fapi_UserDefinedFunctions.obj</name>
      </input_file>
      <input_file id="fl-1c">
         <path>.\phoenixon\app_formation\app\</path>
         <kind>object</kind>
         <file>app_op.obj</file>
         <name>app_op.obj</name>
      </input_file>
      <input_file id="fl-1d">
         <path>.\phoenixon\app_formation\app\</path>
         <kind>object</kind>
         <file>app_settings.obj</file>
         <name>app_settings.obj</name>
      </input_file>
      <input_file id="fl-1e">
         <path>.\phoenixon\app_formation\app\calibration\</path>
         <kind>object</kind>
         <file>app_calibration.obj</file>
         <name>app_calibration.obj</name>
      </input_file>
      <input_file id="fl-1f">
         <path>.\phoenixon\app_formation\app\comm\</path>
         <kind>object</kind>
         <file>app_comm.obj</file>
         <name>app_comm.obj</name>
      </input_file>
      <input_file id="fl-20">
         <path>.\phoenixon\app_formation\app\control\</path>
         <kind>object</kind>
         <file>app_ctrl_dcdc.obj</file>
         <name>app_ctrl_dcdc.obj</name>
      </input_file>
      <input_file id="fl-21">
         <path>.\phoenixon\app_formation\app\control\</path>
         <kind>object</kind>
         <file>app_ctrl_power.obj</file>
         <name>app_ctrl_power.obj</name>
      </input_file>
      <input_file id="fl-22">
         <path>.\phoenixon\app_formation\app\control\</path>
         <kind>object</kind>
         <file>app_pid.obj</file>
         <name>app_pid.obj</name>
      </input_file>
      <input_file id="fl-23">
         <path>.\phoenixon\app_formation\app\safety\</path>
         <kind>object</kind>
         <file>app_safety.obj</file>
         <name>app_safety.obj</name>
      </input_file>
      <input_file id="fl-24">
         <path>.\phoenixon\app_formation\app\sense\</path>
         <kind>object</kind>
         <file>app_sense.obj</file>
         <name>app_sense.obj</name>
      </input_file>
      <input_file id="fl-25">
         <path>.\phoenixon\app_formation\app\test\</path>
         <kind>object</kind>
         <file>app_test.obj</file>
         <name>app_test.obj</name>
      </input_file>
      <input_file id="fl-26">
         <path>.\phoenixon\app_formation\app\tick\</path>
         <kind>object</kind>
         <file>app_tick.obj</file>
         <name>app_tick.obj</name>
      </input_file>
      <input_file id="fl-27">
         <path>.\phoenixon\app_formation\bsp\</path>
         <kind>object</kind>
         <file>bsp_ad7606.obj</file>
         <name>bsp_ad7606.obj</name>
      </input_file>
      <input_file id="fl-28">
         <path>.\phoenixon\app_formation\bsp\</path>
         <kind>object</kind>
         <file>bsp_io.obj</file>
         <name>bsp_io.obj</name>
      </input_file>
      <input_file id="fl-29">
         <path>.\phoenixon\app_formation\drv\</path>
         <kind>object</kind>
         <file>drv_adc.obj</file>
         <name>drv_adc.obj</name>
      </input_file>
      <input_file id="fl-2a">
         <path>.\phoenixon\app_formation\drv\</path>
         <kind>object</kind>
         <file>drv_can.obj</file>
         <name>drv_can.obj</name>
      </input_file>
      <input_file id="fl-2b">
         <path>.\phoenixon\app_formation\drv\</path>
         <kind>object</kind>
         <file>drv_emif.obj</file>
         <name>drv_emif.obj</name>
      </input_file>
      <input_file id="fl-2c">
         <path>.\phoenixon\app_formation\drv\</path>
         <kind>object</kind>
         <file>drv_gpio.obj</file>
         <name>drv_gpio.obj</name>
      </input_file>
      <input_file id="fl-2d">
         <path>.\phoenixon\app_formation\drv\</path>
         <kind>object</kind>
         <file>drv_pwm.obj</file>
         <name>drv_pwm.obj</name>
      </input_file>
      <input_file id="fl-2e">
         <path>.\phoenixon\app_formation\drv\</path>
         <kind>object</kind>
         <file>drv_timer.obj</file>
         <name>drv_timer.obj</name>
      </input_file>
      <input_file id="fl-2f">
         <path>.\phoenixon\utils\</path>
         <kind>object</kind>
         <file>ringbuffer.obj</file>
         <name>ringbuffer.obj</name>
      </input_file>
      <input_file id="fl-30">
         <path>.\phoenixon\utils\</path>
         <kind>object</kind>
         <file>util_adc.obj</file>
         <name>util_adc.obj</name>
      </input_file>
      <input_file id="fl-31">
         <path>.\phoenixon\utils\</path>
         <kind>object</kind>
         <file>util_sort.obj</file>
         <name>util_sort.obj</name>
      </input_file>
      <input_file id="fl-46">
         <kind>object</kind>
         <file>&lt;internal&gt;</file>
         <name>&lt;internal&gt;</name>
      </input_file>
      <input_file id="fl-47">
         <path>D:\1.Phoenixon_Work\06.Ccs_Workspace\04.Fomation5V100A\4_Channel_card\Formation_Channel\power_cpu1\dsp\c2000_sdk\v400\f2837xd\libraries\flash_api\f2837xd\lib\</path>
         <kind>archive</kind>
         <file>F021_API_F2837xD_FPU32.lib</file>
         <name>Init.obj</name>
      </input_file>
      <input_file id="fl-4b">
         <path>D:\1.Phoenixon_Work\06.Ccs_Workspace\04.Fomation5V100A\4_Channel_card\Formation_Channel\power_cpu1\dsp\c2000_sdk\v400\f2837xd\device\driverlib\ccs\Debug\</path>
         <kind>archive</kind>
         <file>driverlib_coff.lib</file>
         <name>adc.obj</name>
      </input_file>
      <input_file id="fl-4c">
         <path>D:\1.Phoenixon_Work\06.Ccs_Workspace\04.Fomation5V100A\4_Channel_card\Formation_Channel\power_cpu1\dsp\c2000_sdk\v400\f2837xd\device\driverlib\ccs\Debug\</path>
         <kind>archive</kind>
         <file>driverlib_coff.lib</file>
         <name>can.obj</name>
      </input_file>
      <input_file id="fl-4d">
         <path>D:\1.Phoenixon_Work\06.Ccs_Workspace\04.Fomation5V100A\4_Channel_card\Formation_Channel\power_cpu1\dsp\c2000_sdk\v400\f2837xd\device\driverlib\ccs\Debug\</path>
         <kind>archive</kind>
         <file>driverlib_coff.lib</file>
         <name>cputimer.obj</name>
      </input_file>
      <input_file id="fl-4e">
         <path>D:\1.Phoenixon_Work\06.Ccs_Workspace\04.Fomation5V100A\4_Channel_card\Formation_Channel\power_cpu1\dsp\c2000_sdk\v400\f2837xd\device\driverlib\ccs\Debug\</path>
         <kind>archive</kind>
         <file>driverlib_coff.lib</file>
         <name>epwm.obj</name>
      </input_file>
      <input_file id="fl-4f">
         <path>D:\1.Phoenixon_Work\06.Ccs_Workspace\04.Fomation5V100A\4_Channel_card\Formation_Channel\power_cpu1\dsp\c2000_sdk\v400\f2837xd\device\driverlib\ccs\Debug\</path>
         <kind>archive</kind>
         <file>driverlib_coff.lib</file>
         <name>flash.obj</name>
      </input_file>
      <input_file id="fl-50">
         <path>D:\1.Phoenixon_Work\06.Ccs_Workspace\04.Fomation5V100A\4_Channel_card\Formation_Channel\power_cpu1\dsp\c2000_sdk\v400\f2837xd\device\driverlib\ccs\Debug\</path>
         <kind>archive</kind>
         <file>driverlib_coff.lib</file>
         <name>gpio.obj</name>
      </input_file>
      <input_file id="fl-51">
         <path>D:\1.Phoenixon_Work\06.Ccs_Workspace\04.Fomation5V100A\4_Channel_card\Formation_Channel\power_cpu1\dsp\c2000_sdk\v400\f2837xd\device\driverlib\ccs\Debug\</path>
         <kind>archive</kind>
         <file>driverlib_coff.lib</file>
         <name>interrupt.obj</name>
      </input_file>
      <input_file id="fl-52">
         <path>D:\1.Phoenixon_Work\06.Ccs_Workspace\04.Fomation5V100A\4_Channel_card\Formation_Channel\power_cpu1\dsp\c2000_sdk\v400\f2837xd\device\driverlib\ccs\Debug\</path>
         <kind>archive</kind>
         <file>driverlib_coff.lib</file>
         <name>sysctl.obj</name>
      </input_file>
      <input_file id="fl-59">
         <path>D:\1.Phoenixon_Work\06.Ccs_Workspace\04.Fomation5V100A\4_Channel_card\Formation_Channel\power_cpu1\dsp\c2000_sdk\v400\f2837xd\libraries\calibration\hrpwm\f2837xd\lib\</path>
         <kind>archive</kind>
         <file>SFO_v8_fpu_lib_build_c28_coff.lib</file>
         <name>SFO_v8_fpu_lib_build_c28.obj</name>
      </input_file>
      <input_file id="fl-68">
         <path>C:\ti\ccs1011\ccs\tools\compiler\ti-cgt-c2000_21.6.0.LTS\lib\</path>
         <kind>archive</kind>
         <file>rts2800_fpu32.lib</file>
         <name>e_logf.c.obj</name>
      </input_file>
      <input_file id="fl-69">
         <path>C:\ti\ccs1011\ccs\tools\compiler\ti-cgt-c2000_21.6.0.LTS\lib\</path>
         <kind>archive</kind>
         <file>rts2800_fpu32.lib</file>
         <name>e_sqrtf.c.obj</name>
      </input_file>
      <input_file id="fl-6a">
         <path>C:\ti\ccs1011\ccs\tools\compiler\ti-cgt-c2000_21.6.0.LTS\lib\</path>
         <kind>archive</kind>
         <file>rts2800_fpu32.lib</file>
         <name>boot28.asm.obj</name>
      </input_file>
      <input_file id="fl-6b">
         <path>C:\ti\ccs1011\ccs\tools\compiler\ti-cgt-c2000_21.6.0.LTS\lib\</path>
         <kind>archive</kind>
         <file>rts2800_fpu32.lib</file>
         <name>fs_div28.asm.obj</name>
      </input_file>
      <input_file id="fl-6c">
         <path>C:\ti\ccs1011\ccs\tools\compiler\ti-cgt-c2000_21.6.0.LTS\lib\</path>
         <kind>archive</kind>
         <file>rts2800_fpu32.lib</file>
         <name>ll_aox28.asm.obj</name>
      </input_file>
      <input_file id="fl-6d">
         <path>C:\ti\ccs1011\ccs\tools\compiler\ti-cgt-c2000_21.6.0.LTS\lib\</path>
         <kind>archive</kind>
         <file>rts2800_fpu32.lib</file>
         <name>ll_cmp28.asm.obj</name>
      </input_file>
      <input_file id="fl-6e">
         <path>C:\ti\ccs1011\ccs\tools\compiler\ti-cgt-c2000_21.6.0.LTS\lib\</path>
         <kind>archive</kind>
         <file>rts2800_fpu32.lib</file>
         <name>cpy_tbl.c.obj</name>
      </input_file>
      <input_file id="fl-6f">
         <path>C:\ti\ccs1011\ccs\tools\compiler\ti-cgt-c2000_21.6.0.LTS\lib\</path>
         <kind>archive</kind>
         <file>rts2800_fpu32.lib</file>
         <name>memcpy.c.obj</name>
      </input_file>
      <input_file id="fl-70">
         <path>C:\ti\ccs1011\ccs\tools\compiler\ti-cgt-c2000_21.6.0.LTS\lib\</path>
         <kind>archive</kind>
         <file>rts2800_fpu32.lib</file>
         <name>pre_init.c.obj</name>
      </input_file>
      <input_file id="fl-71">
         <path>C:\ti\ccs1011\ccs\tools\compiler\ti-cgt-c2000_21.6.0.LTS\lib\</path>
         <kind>archive</kind>
         <file>rts2800_fpu32.lib</file>
         <name>startup.c.obj</name>
      </input_file>
      <input_file id="fl-72">
         <path>C:\ti\ccs1011\ccs\tools\compiler\ti-cgt-c2000_21.6.0.LTS\lib\</path>
         <kind>archive</kind>
         <file>rts2800_fpu32.lib</file>
         <name>exit.c.obj</name>
      </input_file>
      <input_file id="fl-73">
         <path>C:\ti\ccs1011\ccs\tools\compiler\ti-cgt-c2000_21.6.0.LTS\lib\</path>
         <kind>archive</kind>
         <file>rts2800_fpu32.lib</file>
         <name>_lock.c.obj</name>
      </input_file>
      <input_file id="fl-74">
         <path>C:\ti\ccs1011\ccs\tools\compiler\ti-cgt-c2000_21.6.0.LTS\lib\</path>
         <kind>archive</kind>
         <file>rts2800_fpu32.lib</file>
         <name>args_main.c.obj</name>
      </input_file>
      <input_file id="fl-75">
         <path>C:\ti\ccs1011\ccs\tools\compiler\ti-cgt-c2000_21.6.0.LTS\lib\</path>
         <kind>archive</kind>
         <file>rts2800_fpu32.lib</file>
         <name>memset.c.obj</name>
      </input_file>
      <input_file id="fl-76">
         <path>C:\ti\ccs1011\ccs\tools\compiler\ti-cgt-c2000_21.6.0.LTS\lib\</path>
         <kind>archive</kind>
         <file>rts2800_fpu32.lib</file>
         <name>errno.c.obj</name>
      </input_file>
   </input_file_list>
   <object_component_list>
      <object_component id="oc-1a0">
         <name>.cinit</name>
         <load_address>0x837d0</load_address>
         <run_address>0x837d0</run_address>
         <size>0x186</size>
         <input_file_ref idref="fl-24"/>
      </object_component>
      <object_component id="oc-18b">
         <name>.cinit</name>
         <load_address>0x83956</load_address>
         <run_address>0x83956</run_address>
         <size>0x157</size>
         <input_file_ref idref="fl-21"/>
      </object_component>
      <object_component id="oc-187">
         <name>.cinit</name>
         <load_address>0x83aad</load_address>
         <run_address>0x83aad</run_address>
         <size>0xe8</size>
         <input_file_ref idref="fl-20"/>
      </object_component>
      <object_component id="oc-198">
         <name>.cinit</name>
         <load_address>0x83b95</load_address>
         <run_address>0x83b95</run_address>
         <size>0x61</size>
         <input_file_ref idref="fl-23"/>
      </object_component>
      <object_component id="oc-16c">
         <name>.cinit</name>
         <load_address>0x83bf6</load_address>
         <run_address>0x83bf6</run_address>
         <size>0x5b</size>
         <input_file_ref idref="fl-1c"/>
      </object_component>
      <object_component id="oc-174">
         <name>.cinit</name>
         <load_address>0x83c51</load_address>
         <run_address>0x83c51</run_address>
         <size>0x55</size>
         <input_file_ref idref="fl-1d"/>
      </object_component>
      <object_component id="oc-1a7">
         <name>.cinit</name>
         <load_address>0x83ca6</load_address>
         <run_address>0x83ca6</run_address>
         <size>0x32</size>
         <input_file_ref idref="fl-25"/>
      </object_component>
      <object_component id="oc-f6">
         <name>.cinit:_EPWM</name>
         <load_address>0x83cd8</load_address>
         <run_address>0x83cd8</run_address>
         <size>0x1d</size>
         <input_file_ref idref="fl-17"/>
      </object_component>
      <object_component id="oc-bf">
         <name>.cinit:_ECAP</name>
         <load_address>0x83cf5</load_address>
         <run_address>0x83cf5</run_address>
         <size>0x11</size>
         <input_file_ref idref="fl-17"/>
      </object_component>
      <object_component id="oc-160">
         <name>.cinit</name>
         <load_address>0x83d06</load_address>
         <run_address>0x83d06</run_address>
         <size>0xf</size>
         <input_file_ref idref="fl-1a"/>
      </object_component>
      <object_component id="oc-1e3">
         <name>.cinit</name>
         <load_address>0x83d15</load_address>
         <run_address>0x83d15</run_address>
         <size>0xf</size>
         <input_file_ref idref="fl-2e"/>
      </object_component>
      <object_component id="oc-26a">
         <name>.cinit</name>
         <load_address>0x83d24</load_address>
         <run_address>0x83d24</run_address>
         <size>0xe</size>
         <input_file_ref idref="fl-72"/>
      </object_component>
      <object_component id="oc-d1">
         <name>.cinit:_EQEP</name>
         <load_address>0x83d32</load_address>
         <run_address>0x83d32</run_address>
         <size>0xb</size>
         <input_file_ref idref="fl-17"/>
      </object_component>
      <object_component id="oc-b6">
         <name>.cinit:_SPI</name>
         <load_address>0x83d3d</load_address>
         <run_address>0x83d3d</run_address>
         <size>0xb</size>
         <input_file_ref idref="fl-17"/>
      </object_component>
      <object_component id="oc-1af">
         <name>.cinit</name>
         <load_address>0x83d48</load_address>
         <run_address>0x83d48</run_address>
         <size>0xa</size>
         <input_file_ref idref="fl-26"/>
      </object_component>
      <object_component id="oc-ec">
         <name>.cinit:_SDFM</name>
         <load_address>0x83d52</load_address>
         <run_address>0x83d52</run_address>
         <size>0x9</size>
         <input_file_ref idref="fl-17"/>
      </object_component>
      <object_component id="oc-d5">
         <name>.cinit:_I2C</name>
         <load_address>0x83d5b</load_address>
         <run_address>0x83d5b</run_address>
         <size>0x7</size>
         <input_file_ref idref="fl-17"/>
      </object_component>
      <object_component id="oc-d9">
         <name>.cinit:_MCBSP</name>
         <load_address>0x83d62</load_address>
         <run_address>0x83d62</run_address>
         <size>0x7</size>
         <input_file_ref idref="fl-17"/>
      </object_component>
      <object_component id="oc-b1">
         <name>.cinit:_SCI</name>
         <load_address>0x83d69</load_address>
         <run_address>0x83d69</run_address>
         <size>0x7</size>
         <input_file_ref idref="fl-17"/>
      </object_component>
      <object_component id="oc-2a3">
         <name>.cinit:__lock</name>
         <load_address>0x83d70</load_address>
         <run_address>0x83d70</run_address>
         <size>0x5</size>
         <input_file_ref idref="fl-73"/>
      </object_component>
      <object_component id="oc-2b2">
         <name>.cinit:__unlock</name>
         <load_address>0x83d75</load_address>
         <run_address>0x83d75</run_address>
         <size>0x5</size>
         <input_file_ref idref="fl-73"/>
      </object_component>
      <object_component id="oc-28f">
         <name>.cinit:_drv_timer0_register</name>
         <load_address>0x83d7a</load_address>
         <run_address>0x83d7a</run_address>
         <size>0x5</size>
         <input_file_ref idref="fl-2e"/>
      </object_component>
      <object_component id="oc-292">
         <name>.cinit:_drv_timer1_register</name>
         <load_address>0x83d7f</load_address>
         <run_address>0x83d7f</run_address>
         <size>0x5</size>
         <input_file_ref idref="fl-2e"/>
      </object_component>
      <object_component id="oc-294">
         <name>.cinit:_drv_timer2_register</name>
         <load_address>0x83d84</load_address>
         <run_address>0x83d84</run_address>
         <size>0x5</size>
         <input_file_ref idref="fl-2e"/>
      </object_component>
      <object_component id="oc-180">
         <name>.cinit</name>
         <load_address>0x83d89</load_address>
         <run_address>0x83d89</run_address>
         <size>0x5</size>
         <input_file_ref idref="fl-1f"/>
      </object_component>
      <object_component id="oc-1db">
         <name>.cinit</name>
         <load_address>0x83d8e</load_address>
         <run_address>0x83d8e</run_address>
         <size>0x5</size>
         <input_file_ref idref="fl-2d"/>
      </object_component>
      <object_component id="oc-148">
         <name>.cinit</name>
         <load_address>0x83d93</load_address>
         <run_address>0x83d93</run_address>
         <size>0x4</size>
         <input_file_ref idref="fl-15"/>
      </object_component>
      <object_component id="oc-22e">
         <name>.cinit</name>
         <load_address>0x83d97</load_address>
         <run_address>0x83d97</run_address>
         <size>0x4</size>
         <input_file_ref idref="fl-59"/>
      </object_component>
      <object_component id="oc-280">
         <name>.cinit</name>
         <load_address>0x83d9b</load_address>
         <run_address>0x83d9b</run_address>
         <size>0x4</size>
         <input_file_ref idref="fl-76"/>
      </object_component>
      <object_component id="oc-99">
         <name>.text:retain</name>
         <load_address>0x82000</load_address>
         <run_address>0x82000</run_address>
         <size>0x585</size>
         <input_file_ref idref="fl-6"/>
      </object_component>
      <object_component id="oc-2af">
         <name>.text</name>
         <load_address>0x82585</load_address>
         <run_address>0x82585</run_address>
         <size>0x2b4</size>
         <input_file_ref idref="fl-29"/>
      </object_component>
      <object_component id="oc-2a9">
         <name>.text</name>
         <load_address>0x82839</load_address>
         <run_address>0x82839</run_address>
         <size>0x256</size>
         <input_file_ref idref="fl-13"/>
      </object_component>
      <object_component id="oc-2ae">
         <name>.text</name>
         <load_address>0x82a8f</load_address>
         <run_address>0x82a8f</run_address>
         <size>0x1fc</size>
         <input_file_ref idref="fl-2b"/>
      </object_component>
      <object_component id="oc-29a">
         <name>.text</name>
         <load_address>0x82c8b</load_address>
         <run_address>0x82c8b</run_address>
         <size>0x1a4</size>
         <input_file_ref idref="fl-1a"/>
      </object_component>
      <object_component id="oc-290">
         <name>.text</name>
         <load_address>0x82e2f</load_address>
         <run_address>0x82e2f</run_address>
         <size>0x177</size>
         <input_file_ref idref="fl-2e"/>
      </object_component>
      <object_component id="oc-2b0">
         <name>.text</name>
         <load_address>0x82fa6</load_address>
         <run_address>0x82fa6</run_address>
         <size>0xd4</size>
         <input_file_ref idref="fl-27"/>
      </object_component>
      <object_component id="oc-1c9">
         <name>.text:retain</name>
         <load_address>0x8307a</load_address>
         <run_address>0x8307a</run_address>
         <size>0xd3</size>
         <input_file_ref idref="fl-2a"/>
      </object_component>
      <object_component id="oc-28b">
         <name>.text</name>
         <load_address>0x8314d</load_address>
         <run_address>0x8314d</run_address>
         <size>0x97</size>
         <input_file_ref idref="fl-2a"/>
      </object_component>
      <object_component id="oc-246">
         <name>.text</name>
         <load_address>0x831e4</load_address>
         <run_address>0x831e4</run_address>
         <size>0x88</size>
         <input_file_ref idref="fl-6b"/>
      </object_component>
      <object_component id="oc-29b">
         <name>.text:_CAN_sendMessage</name>
         <load_address>0x8326c</load_address>
         <run_address>0x8326c</run_address>
         <size>0x7b</size>
         <input_file_ref idref="fl-4c"/>
      </object_component>
      <object_component id="oc-2ca">
         <name>.text:_ADC_setINLTrim</name>
         <load_address>0x832e7</load_address>
         <run_address>0x832e7</run_address>
         <size>0x73</size>
         <input_file_ref idref="fl-4b"/>
      </object_component>
      <object_component id="oc-28c">
         <name>.text:_CAN_readMessage</name>
         <load_address>0x8335a</load_address>
         <run_address>0x8335a</run_address>
         <size>0x70</size>
         <input_file_ref idref="fl-4c"/>
      </object_component>
      <object_component id="oc-2a1">
         <name>.text</name>
         <load_address>0x833ca</load_address>
         <run_address>0x833ca</run_address>
         <size>0x68</size>
         <input_file_ref idref="fl-2"/>
      </object_component>
      <object_component id="oc-2cb">
         <name>.text:_ADC_setOffsetTrim</name>
         <load_address>0x83432</load_address>
         <run_address>0x83432</run_address>
         <size>0x64</size>
         <input_file_ref idref="fl-4b"/>
      </object_component>
      <object_component id="oc-23f">
         <name>.text</name>
         <load_address>0x83496</load_address>
         <run_address>0x83496</run_address>
         <size>0x56</size>
         <input_file_ref idref="fl-6a"/>
      </object_component>
      <object_component id="oc-28d">
         <name>.text:_CAN_clearInterruptStatus</name>
         <load_address>0x834ec</load_address>
         <run_address>0x834ec</run_address>
         <size>0x49</size>
         <input_file_ref idref="fl-4c"/>
      </object_component>
      <object_component id="oc-2aa">
         <name>.text:_Interrupt_initModule</name>
         <load_address>0x83535</load_address>
         <run_address>0x83535</run_address>
         <size>0x3d</size>
         <input_file_ref idref="fl-51"/>
      </object_component>
      <object_component id="oc-29e">
         <name>.text:_Interrupt_enable</name>
         <load_address>0x83572</load_address>
         <run_address>0x83572</run_address>
         <size>0x34</size>
         <input_file_ref idref="fl-51"/>
      </object_component>
      <object_component id="oc-2c6">
         <name>.text:_ADC_setMode</name>
         <load_address>0x835a6</load_address>
         <run_address>0x835a6</run_address>
         <size>0x2f</size>
         <input_file_ref idref="fl-4b"/>
      </object_component>
      <object_component id="oc-299">
         <name>.text</name>
         <load_address>0x835d5</load_address>
         <run_address>0x835d5</run_address>
         <size>0x29</size>
         <input_file_ref idref="fl-72"/>
      </object_component>
      <object_component id="oc-2b5">
         <name>.text:_Flash_setBankPowerUpDelay</name>
         <load_address>0x835fe</load_address>
         <run_address>0x835fe</run_address>
         <size>0x28</size>
         <input_file_ref idref="fl-4f"/>
      </object_component>
      <object_component id="oc-296">
         <name>.text</name>
         <load_address>0x83626</load_address>
         <run_address>0x83626</run_address>
         <size>0x24</size>
         <input_file_ref idref="fl-6e"/>
      </object_component>
      <object_component id="oc-2a5">
         <name>.text:_CAN_writeDataReg</name>
         <load_address>0x8364a</load_address>
         <run_address>0x8364a</run_address>
         <size>0x23</size>
         <input_file_ref idref="fl-4c"/>
      </object_component>
      <object_component id="oc-2c9">
         <name>.text:_ADC_isBaseValid</name>
         <load_address>0x8366d</load_address>
         <run_address>0x8366d</run_address>
         <size>0x1f</size>
         <input_file_ref idref="fl-4b"/>
      </object_component>
      <object_component id="oc-2ab">
         <name>.text:_Interrupt_initVectorTable</name>
         <load_address>0x8368c</load_address>
         <run_address>0x8368c</run_address>
         <size>0x1e</size>
         <input_file_ref idref="fl-51"/>
      </object_component>
      <object_component id="oc-250">
         <name>.text</name>
         <load_address>0x836aa</load_address>
         <run_address>0x836aa</run_address>
         <size>0x1e</size>
         <input_file_ref idref="fl-6d"/>
      </object_component>
      <object_component id="oc-2a0">
         <name>.text</name>
         <load_address>0x836c8</load_address>
         <run_address>0x836c8</run_address>
         <size>0x1d</size>
         <input_file_ref idref="fl-6f"/>
      </object_component>
      <object_component id="oc-29d">
         <name>.text:_CAN_readDataReg</name>
         <load_address>0x836e5</load_address>
         <run_address>0x836e5</run_address>
         <size>0x1b</size>
         <input_file_ref idref="fl-4c"/>
      </object_component>
      <object_component id="oc-2a8">
         <name>.text:_CPUTimer_isBaseValid</name>
         <load_address>0x83700</load_address>
         <run_address>0x83700</run_address>
         <size>0x1a</size>
         <input_file_ref idref="fl-4d"/>
      </object_component>
      <object_component id="oc-24b">
         <name>.text</name>
         <load_address>0x8371a</load_address>
         <run_address>0x8371a</run_address>
         <size>0x18</size>
         <input_file_ref idref="fl-6c"/>
      </object_component>
      <object_component id="oc-29c">
         <name>.text:_CAN_isBaseValid</name>
         <load_address>0x83732</load_address>
         <run_address>0x83732</run_address>
         <size>0x15</size>
         <input_file_ref idref="fl-4c"/>
      </object_component>
      <object_component id="oc-29f">
         <name>.text:_CPUTimer_setEmulationMode</name>
         <load_address>0x83747</load_address>
         <run_address>0x83747</run_address>
         <size>0x13</size>
         <input_file_ref idref="fl-4d"/>
      </object_component>
      <object_component id="oc-298">
         <name>.text</name>
         <load_address>0x8375a</load_address>
         <run_address>0x8375a</run_address>
         <size>0x12</size>
         <input_file_ref idref="fl-74"/>
      </object_component>
      <object_component id="oc-2b3">
         <name>.text:_Flash_isCtrlBaseValid</name>
         <load_address>0x8376c</load_address>
         <run_address>0x8376c</run_address>
         <size>0x10</size>
         <input_file_ref idref="fl-4f"/>
      </object_component>
      <object_component id="oc-2b4">
         <name>.text:_Flash_isECCBaseValid</name>
         <load_address>0x8377c</load_address>
         <run_address>0x8377c</run_address>
         <size>0x10</size>
         <input_file_ref idref="fl-4f"/>
      </object_component>
      <object_component id="oc-2bf">
         <name>.text:_Interrupt_defaultHandler</name>
         <load_address>0x8378c</load_address>
         <run_address>0x8378c</run_address>
         <size>0xe</size>
         <input_file_ref idref="fl-51"/>
      </object_component>
      <object_component id="oc-2a6">
         <name>.text:_Interrupt_disableMaster</name>
         <load_address>0x8379a</load_address>
         <run_address>0x8379a</run_address>
         <size>0xd</size>
         <input_file_ref idref="fl-51"/>
      </object_component>
      <object_component id="oc-2a7">
         <name>.text:_Interrupt_enableMaster</name>
         <load_address>0x837a7</load_address>
         <run_address>0x837a7</run_address>
         <size>0xd</size>
         <input_file_ref idref="fl-51"/>
      </object_component>
      <object_component id="oc-2b1">
         <name>.text</name>
         <load_address>0x837b4</load_address>
         <run_address>0x837b4</run_address>
         <size>0x9</size>
         <input_file_ref idref="fl-73"/>
      </object_component>
      <object_component id="oc-15a">
         <name>.text</name>
         <load_address>0x837bd</load_address>
         <run_address>0x837bd</run_address>
         <size>0x8</size>
         <input_file_ref idref="fl-19"/>
      </object_component>
      <object_component id="oc-93">
         <name>.text</name>
         <load_address>0x837c5</load_address>
         <run_address>0x837c5</run_address>
         <size>0x3</size>
         <input_file_ref idref="fl-5"/>
      </object_component>
      <object_component id="oc-2c1">
         <name>.text:_Interrupt_illegalOperationHandler</name>
         <load_address>0x837c8</load_address>
         <run_address>0x837c8</run_address>
         <size>0x2</size>
         <input_file_ref idref="fl-51"/>
      </object_component>
      <object_component id="oc-2c0">
         <name>.text:_Interrupt_nmiHandler</name>
         <load_address>0x837ca</load_address>
         <run_address>0x837ca</run_address>
         <size>0x2</size>
         <input_file_ref idref="fl-51"/>
      </object_component>
      <object_component id="oc-295">
         <name>.text</name>
         <load_address>0x837cc</load_address>
         <run_address>0x837cc</run_address>
         <size>0x2</size>
         <input_file_ref idref="fl-70"/>
      </object_component>
      <object_component id="oc-297">
         <name>.text</name>
         <load_address>0x837ce</load_address>
         <run_address>0x837ce</run_address>
         <size>0x1</size>
         <input_file_ref idref="fl-71"/>
      </object_component>
      <object_component id="oc-80">
         <name>codestart</name>
         <load_address>0x80000</load_address>
         <run_address>0x80000</run_address>
         <size>0x2</size>
         <input_file_ref idref="fl-19"/>
      </object_component>
      <object_component id="oc-240">
         <name>.stack</name>
         <uninitialized>true</uninitialized>
         <run_address>0x400</run_address>
         <size>0x0</size>
         <input_file_ref idref="fl-6a"/>
      </object_component>
      <object_component id="oc-351">
         <name>.stack</name>
         <uninitialized>true</uninitialized>
         <run_address>0x400</run_address>
         <size>0x0</size>
      </object_component>
      <object_component id="oc-241">
         <name>.reset</name>
         <load_address>0x3fffc0</load_address>
         <run_address>0x3fffc0</run_address>
         <size>0x2</size>
         <input_file_ref idref="fl-6a"/>
      </object_component>
      <object_component id="oc-1c8">
         <name>.ebss</name>
         <uninitialized>true</uninitialized>
         <run_address>0xa800</run_address>
         <size>0x284</size>
         <input_file_ref idref="fl-2a"/>
      </object_component>
      <object_component id="oc-175">
         <name>.ebss</name>
         <uninitialized>true</uninitialized>
         <run_address>0xaa84</run_address>
         <size>0x3c</size>
         <input_file_ref idref="fl-1d"/>
      </object_component>
      <object_component id="oc-1a1">
         <name>.ebss</name>
         <uninitialized>true</uninitialized>
         <run_address>0xaac0</run_address>
         <size>0x9c</size>
         <input_file_ref idref="fl-24"/>
      </object_component>
      <object_component id="oc-181">
         <name>.ebss</name>
         <uninitialized>true</uninitialized>
         <run_address>0xab5c</run_address>
         <size>0x22</size>
         <input_file_ref idref="fl-1f"/>
      </object_component>
      <object_component id="oc-2a2">
         <name>.ebss:__lock</name>
         <uninitialized>true</uninitialized>
         <run_address>0xab7e</run_address>
         <size>0x2</size>
         <input_file_ref idref="fl-73"/>
      </object_component>
      <object_component id="oc-16d">
         <name>.ebss</name>
         <uninitialized>true</uninitialized>
         <run_address>0xab80</run_address>
         <size>0x86</size>
         <input_file_ref idref="fl-1c"/>
      </object_component>
      <object_component id="oc-2c2">
         <name>.ebss:_cpu2_adc_dsp_raw</name>
         <uninitialized>true</uninitialized>
         <run_address>0xac06</run_address>
         <size>0x20</size>
         <input_file_ref idref="fl-24"/>
      </object_component>
      <object_component id="oc-28a">
         <name>.ebss:_EPWM</name>
         <uninitialized>true</uninitialized>
         <run_address>0xac26</run_address>
         <size>0x1a</size>
         <input_file_ref idref="fl-17"/>
      </object_component>
      <object_component id="oc-18c">
         <name>.ebss</name>
         <uninitialized>true</uninitialized>
         <run_address>0xac40</run_address>
         <size>0x82</size>
         <input_file_ref idref="fl-21"/>
      </object_component>
      <object_component id="oc-199">
         <name>.ebss</name>
         <uninitialized>true</uninitialized>
         <run_address>0xacc2</run_address>
         <size>0x1c</size>
         <input_file_ref idref="fl-23"/>
      </object_component>
      <object_component id="oc-8e">
         <name>.ebss</name>
         <uninitialized>true</uninitialized>
         <run_address>0xacde</run_address>
         <size>0x18</size>
         <input_file_ref idref="fl-4"/>
      </object_component>
      <object_component id="oc-291">
         <name>.ebss:_drv_timer1_register</name>
         <uninitialized>true</uninitialized>
         <run_address>0xacf6</run_address>
         <size>0xa</size>
         <input_file_ref idref="fl-2e"/>
      </object_component>
      <object_component id="oc-188">
         <name>.ebss</name>
         <uninitialized>true</uninitialized>
         <run_address>0xad00</run_address>
         <size>0x5c</size>
         <input_file_ref idref="fl-20"/>
      </object_component>
      <object_component id="oc-1dc">
         <name>.ebss</name>
         <uninitialized>true</uninitialized>
         <run_address>0xad5c</run_address>
         <size>0x12</size>
         <input_file_ref idref="fl-2d"/>
      </object_component>
      <object_component id="oc-285">
         <name>.ebss:_ECAP</name>
         <uninitialized>true</uninitialized>
         <run_address>0xad6e</run_address>
         <size>0xe</size>
         <input_file_ref idref="fl-17"/>
      </object_component>
      <object_component id="oc-287">
         <name>.ebss:_I2C</name>
         <uninitialized>true</uninitialized>
         <run_address>0xad7c</run_address>
         <size>0x4</size>
         <input_file_ref idref="fl-17"/>
      </object_component>
      <object_component id="oc-1a8">
         <name>.ebss</name>
         <uninitialized>true</uninitialized>
         <run_address>0xad80</run_address>
         <size>0xe</size>
         <input_file_ref idref="fl-25"/>
      </object_component>
      <object_component id="oc-1f8">
         <name>.ebss</name>
         <uninitialized>true</uninitialized>
         <run_address>0xad8e</run_address>
         <size>0xc</size>
         <input_file_ref idref="fl-47"/>
      </object_component>
      <object_component id="oc-28e">
         <name>.ebss:_drv_timer0_register</name>
         <uninitialized>true</uninitialized>
         <run_address>0xad9a</run_address>
         <size>0xc</size>
         <input_file_ref idref="fl-2e"/>
      </object_component>
      <object_component id="oc-293">
         <name>.ebss:_drv_timer2_register</name>
         <uninitialized>true</uninitialized>
         <run_address>0xada6</run_address>
         <size>0xa</size>
         <input_file_ref idref="fl-2e"/>
      </object_component>
      <object_component id="oc-286">
         <name>.ebss:_EQEP</name>
         <uninitialized>true</uninitialized>
         <run_address>0xadb0</run_address>
         <size>0x8</size>
         <input_file_ref idref="fl-17"/>
      </object_component>
      <object_component id="oc-284">
         <name>.ebss:_SPI</name>
         <uninitialized>true</uninitialized>
         <run_address>0xadb8</run_address>
         <size>0x8</size>
         <input_file_ref idref="fl-17"/>
      </object_component>
      <object_component id="oc-2c4">
         <name>.ebss:_cpu2_adc_ad7606_raw</name>
         <uninitialized>true</uninitialized>
         <run_address>0xadc0</run_address>
         <size>0x8</size>
         <input_file_ref idref="fl-24"/>
      </object_component>
      <object_component id="oc-22f">
         <name>.ebss</name>
         <uninitialized>true</uninitialized>
         <run_address>0xadc8</run_address>
         <size>0x6</size>
         <input_file_ref idref="fl-59"/>
      </object_component>
      <object_component id="oc-289">
         <name>.ebss:_SDFM</name>
         <uninitialized>true</uninitialized>
         <run_address>0xadce</run_address>
         <size>0x6</size>
         <input_file_ref idref="fl-17"/>
      </object_component>
      <object_component id="oc-161">
         <name>.ebss</name>
         <uninitialized>true</uninitialized>
         <run_address>0xadd4</run_address>
         <size>0x6</size>
         <input_file_ref idref="fl-1a"/>
      </object_component>
      <object_component id="oc-1e4">
         <name>.ebss</name>
         <uninitialized>true</uninitialized>
         <run_address>0xadda</run_address>
         <size>0x6</size>
         <input_file_ref idref="fl-2e"/>
      </object_component>
      <object_component id="oc-26b">
         <name>.ebss</name>
         <uninitialized>true</uninitialized>
         <run_address>0xade0</run_address>
         <size>0x6</size>
         <input_file_ref idref="fl-72"/>
      </object_component>
      <object_component id="oc-288">
         <name>.ebss:_MCBSP</name>
         <uninitialized>true</uninitialized>
         <run_address>0xade6</run_address>
         <size>0x4</size>
         <input_file_ref idref="fl-17"/>
      </object_component>
      <object_component id="oc-283">
         <name>.ebss:_SCI</name>
         <uninitialized>true</uninitialized>
         <run_address>0xadea</run_address>
         <size>0x4</size>
         <input_file_ref idref="fl-17"/>
      </object_component>
      <object_component id="oc-1b0">
         <name>.ebss</name>
         <uninitialized>true</uninitialized>
         <run_address>0xadee</run_address>
         <size>0x4</size>
         <input_file_ref idref="fl-26"/>
      </object_component>
      <object_component id="oc-2c7">
         <name>.ebss:__unlock</name>
         <uninitialized>true</uninitialized>
         <run_address>0xadf2</run_address>
         <size>0x2</size>
         <input_file_ref idref="fl-73"/>
      </object_component>
      <object_component id="oc-149">
         <name>.ebss</name>
         <uninitialized>true</uninitialized>
         <run_address>0xadf4</run_address>
         <size>0x1</size>
         <input_file_ref idref="fl-15"/>
      </object_component>
      <object_component id="oc-281">
         <name>.ebss</name>
         <uninitialized>true</uninitialized>
         <run_address>0xadf5</run_address>
         <size>0x1</size>
         <input_file_ref idref="fl-76"/>
      </object_component>
      <object_component id="oc-1dd">
         <name>.econst:.string</name>
         <load_address>0x90000</load_address>
         <run_address>0x90000</run_address>
         <size>0x24d</size>
         <input_file_ref idref="fl-2d"/>
      </object_component>
      <object_component id="oc-18d">
         <name>.econst:.string</name>
         <load_address>0x9024e</load_address>
         <run_address>0x9024e</run_address>
         <size>0x1c3</size>
         <input_file_ref idref="fl-21"/>
      </object_component>
      <object_component id="oc-1a9">
         <name>.econst:.string</name>
         <load_address>0x90412</load_address>
         <run_address>0x90412</run_address>
         <size>0x1c3</size>
         <input_file_ref idref="fl-25"/>
      </object_component>
      <object_component id="oc-228">
         <name>.econst:.string</name>
         <load_address>0x905d6</load_address>
         <run_address>0x905d6</run_address>
         <size>0xc2</size>
         <input_file_ref idref="fl-52"/>
      </object_component>
      <object_component id="oc-215">
         <name>.econst:.string</name>
         <load_address>0x90698</load_address>
         <run_address>0x90698</run_address>
         <size>0xbf</size>
         <input_file_ref idref="fl-4f"/>
      </object_component>
      <object_component id="oc-20f">
         <name>.econst:.string</name>
         <load_address>0x90758</load_address>
         <run_address>0x90758</run_address>
         <size>0xbc</size>
         <input_file_ref idref="fl-4e"/>
      </object_component>
      <object_component id="oc-21b">
         <name>.econst:.string</name>
         <load_address>0x90814</load_address>
         <run_address>0x90814</run_address>
         <size>0xbc</size>
         <input_file_ref idref="fl-50"/>
      </object_component>
      <object_component id="oc-203">
         <name>.econst:.string</name>
         <load_address>0x908d0</load_address>
         <run_address>0x908d0</run_address>
         <size>0xbb</size>
         <input_file_ref idref="fl-4c"/>
      </object_component>
      <object_component id="oc-1e6">
         <name>.econst:.string</name>
         <load_address>0x9098c</load_address>
         <run_address>0x9098c</run_address>
         <size>0x9a</size>
         <input_file_ref idref="fl-2e"/>
      </object_component>
      <object_component id="oc-16e">
         <name>.econst:.string</name>
         <load_address>0x90a26</load_address>
         <run_address>0x90a26</run_address>
         <size>0x96</size>
         <input_file_ref idref="fl-1c"/>
      </object_component>
      <object_component id="oc-19a">
         <name>.econst:.string</name>
         <load_address>0x90abc</load_address>
         <run_address>0x90abc</run_address>
         <size>0x96</size>
         <input_file_ref idref="fl-23"/>
      </object_component>
      <object_component id="oc-1b6">
         <name>.econst:.string</name>
         <load_address>0x90b52</load_address>
         <run_address>0x90b52</run_address>
         <size>0x96</size>
         <input_file_ref idref="fl-27"/>
      </object_component>
      <object_component id="oc-1bc">
         <name>.econst:.string</name>
         <load_address>0x90be8</load_address>
         <run_address>0x90be8</run_address>
         <size>0x96</size>
         <input_file_ref idref="fl-28"/>
      </object_component>
      <object_component id="oc-1d0">
         <name>.econst:.string</name>
         <load_address>0x90c7e</load_address>
         <run_address>0x90c7e</run_address>
         <size>0x96</size>
         <input_file_ref idref="fl-2b"/>
      </object_component>
      <object_component id="oc-83">
         <name>.econst:.string</name>
         <load_address>0x90d14</load_address>
         <run_address>0x90d14</run_address>
         <size>0x96</size>
         <input_file_ref idref="fl-2"/>
      </object_component>
      <object_component id="oc-1c2">
         <name>.econst:.string</name>
         <load_address>0x90daa</load_address>
         <run_address>0x90daa</run_address>
         <size>0x95</size>
         <input_file_ref idref="fl-29"/>
      </object_component>
      <object_component id="oc-1ca">
         <name>.econst:.string</name>
         <load_address>0x90e40</load_address>
         <run_address>0x90e40</run_address>
         <size>0x95</size>
         <input_file_ref idref="fl-2a"/>
      </object_component>
      <object_component id="oc-221">
         <name>.econst:.string</name>
         <load_address>0x90ed6</load_address>
         <run_address>0x90ed6</run_address>
         <size>0x63</size>
         <input_file_ref idref="fl-51"/>
      </object_component>
      <object_component id="oc-209">
         <name>.econst:.string</name>
         <load_address>0x90f3a</load_address>
         <run_address>0x90f3a</run_address>
         <size>0x62</size>
         <input_file_ref idref="fl-4d"/>
      </object_component>
      <object_component id="oc-1fd">
         <name>.econst:.string</name>
         <load_address>0x90f9c</load_address>
         <run_address>0x90f9c</run_address>
         <size>0x5d</size>
         <input_file_ref idref="fl-4b"/>
      </object_component>
      <object_component id="oc-235">
         <name>.econst</name>
         <load_address>0x90ffa</load_address>
         <run_address>0x90ffa</run_address>
         <size>0x10</size>
         <input_file_ref idref="fl-68"/>
      </object_component>
      <object_component id="oc-82">
         <name>SHARERAMGS0</name>
         <uninitialized>true</uninitialized>
         <run_address>0xc000</run_address>
         <size>0x60</size>
         <input_file_ref idref="fl-2"/>
      </object_component>
      <object_component id="oc-2c3">
         <name>.TI.ramfunc</name>
         <load_address>0x86000</load_address>
         <run_address>0x8000</run_address>
         <size>0x35c</size>
         <input_file_ref idref="fl-29"/>
      </object_component>
      <object_component id="oc-2ac">
         <name>.TI.ramfunc</name>
         <load_address>0x8635c</load_address>
         <run_address>0x835c</run_address>
         <size>0x192</size>
         <input_file_ref idref="fl-24"/>
      </object_component>
      <object_component id="oc-1e5">
         <name>.TI.ramfunc:retain</name>
         <load_address>0x864ee</load_address>
         <run_address>0x84ee</run_address>
         <size>0xd4</size>
         <input_file_ref idref="fl-2e"/>
      </object_component>
      <object_component id="oc-2c5">
         <name>.TI.ramfunc</name>
         <load_address>0x865c2</load_address>
         <run_address>0x85c2</run_address>
         <size>0x71</size>
         <input_file_ref idref="fl-27"/>
      </object_component>
      <object_component id="oc-2c8">
         <name>.TI.ramfunc</name>
         <load_address>0x86633</load_address>
         <run_address>0x8633</run_address>
         <size>0x5d</size>
         <input_file_ref idref="fl-2b"/>
      </object_component>
      <object_component id="oc-2a4">
         <name>.TI.ramfunc:_Flash_initModule</name>
         <load_address>0x86690</load_address>
         <run_address>0x8690</run_address>
         <size>0x43</size>
         <input_file_ref idref="fl-4f"/>
      </object_component>
      <object_component id="oc-2be">
         <name>.TI.ramfunc</name>
         <load_address>0x866d3</load_address>
         <run_address>0x86d3</run_address>
         <size>0x37</size>
         <input_file_ref idref="fl-13"/>
      </object_component>
      <object_component id="oc-2b6">
         <name>.TI.ramfunc:_Flash_setBankPowerMode</name>
         <load_address>0x8670a</load_address>
         <run_address>0x870a</run_address>
         <size>0x2d</size>
         <input_file_ref idref="fl-4f"/>
      </object_component>
      <object_component id="oc-2ba">
         <name>.TI.ramfunc:_Flash_setWaitstates</name>
         <load_address>0x86737</load_address>
         <run_address>0x8737</run_address>
         <size>0x26</size>
         <input_file_ref idref="fl-4f"/>
      </object_component>
      <object_component id="oc-2b7">
         <name>.TI.ramfunc:_Flash_setPumpPowerMode</name>
         <load_address>0x8675d</load_address>
         <run_address>0x875d</run_address>
         <size>0x1e</size>
         <input_file_ref idref="fl-4f"/>
      </object_component>
      <object_component id="oc-2b8">
         <name>.TI.ramfunc:_Flash_disableCache</name>
         <load_address>0x8677b</load_address>
         <run_address>0x877b</run_address>
         <size>0x1a</size>
         <input_file_ref idref="fl-4f"/>
      </object_component>
      <object_component id="oc-2b9">
         <name>.TI.ramfunc:_Flash_disablePrefetch</name>
         <load_address>0x86795</load_address>
         <run_address>0x8795</run_address>
         <size>0x1a</size>
         <input_file_ref idref="fl-4f"/>
      </object_component>
      <object_component id="oc-2bb">
         <name>.TI.ramfunc:_Flash_enableCache</name>
         <load_address>0x867af</load_address>
         <run_address>0x87af</run_address>
         <size>0x19</size>
         <input_file_ref idref="fl-4f"/>
      </object_component>
      <object_component id="oc-2bc">
         <name>.TI.ramfunc:_Flash_enablePrefetch</name>
         <load_address>0x867c8</load_address>
         <run_address>0x87c8</run_address>
         <size>0x19</size>
         <input_file_ref idref="fl-4f"/>
      </object_component>
      <object_component id="oc-2bd">
         <name>.TI.ramfunc:_Flash_enableECC</name>
         <load_address>0x867e1</load_address>
         <run_address>0x87e1</run_address>
         <size>0x17</size>
         <input_file_ref idref="fl-4f"/>
      </object_component>
      <object_component id="oc-2ad">
         <name>.TI.ramfunc</name>
         <load_address>0x867f8</load_address>
         <run_address>0x87f8</run_address>
         <size>0xa</size>
         <input_file_ref idref="fl-26"/>
      </object_component>
      <object_component id="oc-155">
         <name>.TI.ramfunc</name>
         <load_address>0x86802</load_address>
         <run_address>0x8802</run_address>
         <size>0x4</size>
         <input_file_ref idref="fl-18"/>
      </object_component>
      <object_component id="oc-227">
         <name>.TI.ramfunc</name>
         <load_address>0x86806</load_address>
         <run_address>0x8806</run_address>
         <size>0x4</size>
         <input_file_ref idref="fl-52"/>
      </object_component>
      <object_component id="oc-11d">
         <name>PUTBUFFER</name>
         <uninitialized>true</uninitialized>
         <run_address>0x3f800</run_address>
         <size>0x80</size>
         <input_file_ref idref="fl-c"/>
      </object_component>
      <object_component id="oc-118">
         <name>PUTWRITEIDX</name>
         <uninitialized>true</uninitialized>
         <run_address>0x3f880</run_address>
         <size>0x4</size>
         <input_file_ref idref="fl-c"/>
      </object_component>
      <object_component id="oc-11b">
         <name>GETREADIDX</name>
         <uninitialized>true</uninitialized>
         <run_address>0x3f884</run_address>
         <size>0x4</size>
         <input_file_ref idref="fl-c"/>
      </object_component>
      <object_component id="oc-11c">
         <name>GETBUFFER</name>
         <uninitialized>true</uninitialized>
         <run_address>0x3fc00</run_address>
         <size>0x80</size>
         <input_file_ref idref="fl-c"/>
      </object_component>
      <object_component id="oc-11a">
         <name>GETWRITEIDX</name>
         <uninitialized>true</uninitialized>
         <run_address>0x3fc80</run_address>
         <size>0x4</size>
         <input_file_ref idref="fl-c"/>
      </object_component>
      <object_component id="oc-119">
         <name>PUTREADIDX</name>
         <uninitialized>true</uninitialized>
         <run_address>0x3fc84</run_address>
         <size>0x4</size>
         <input_file_ref idref="fl-c"/>
      </object_component>
      <object_component id="oc-109">
         <name>PieVectTableFile</name>
         <uninitialized>true</uninitialized>
         <run_address>0xd00</run_address>
         <size>0x1c0</size>
         <input_file_ref idref="fl-8"/>
      </object_component>
      <object_component id="oc-de">
         <name>AccessProtectionRegsFile</name>
         <uninitialized>true</uninitialized>
         <run_address>0x5f4c0</run_address>
         <size>0x2e</size>
         <input_file_ref idref="fl-8"/>
      </object_component>
      <object_component id="oc-ef">
         <name>AdcaRegsFile</name>
         <uninitialized>true</uninitialized>
         <run_address>0x7400</run_address>
         <size>0x7c</size>
         <input_file_ref idref="fl-8"/>
      </object_component>
      <object_component id="oc-f0">
         <name>AdcbRegsFile</name>
         <uninitialized>true</uninitialized>
         <run_address>0x7480</run_address>
         <size>0x7c</size>
         <input_file_ref idref="fl-8"/>
      </object_component>
      <object_component id="oc-f1">
         <name>AdccRegsFile</name>
         <uninitialized>true</uninitialized>
         <run_address>0x7500</run_address>
         <size>0x7c</size>
         <input_file_ref idref="fl-8"/>
      </object_component>
      <object_component id="oc-f2">
         <name>AdcdRegsFile</name>
         <uninitialized>true</uninitialized>
         <run_address>0x7580</run_address>
         <size>0x7c</size>
         <input_file_ref idref="fl-8"/>
      </object_component>
      <object_component id="oc-b9">
         <name>AdcaResultRegsFile</name>
         <uninitialized>true</uninitialized>
         <run_address>0xb00</run_address>
         <size>0x18</size>
         <input_file_ref idref="fl-8"/>
      </object_component>
      <object_component id="oc-ba">
         <name>AdcbResultRegsFile</name>
         <uninitialized>true</uninitialized>
         <run_address>0xb20</run_address>
         <size>0x18</size>
         <input_file_ref idref="fl-8"/>
      </object_component>
      <object_component id="oc-bb">
         <name>AdccResultRegsFile</name>
         <uninitialized>true</uninitialized>
         <run_address>0xb40</run_address>
         <size>0x18</size>
         <input_file_ref idref="fl-8"/>
      </object_component>
      <object_component id="oc-bc">
         <name>AdcdResultRegsFile</name>
         <uninitialized>true</uninitialized>
         <run_address>0xb60</run_address>
         <size>0x18</size>
         <input_file_ref idref="fl-8"/>
      </object_component>
      <object_component id="oc-106">
         <name>CanaRegsFile</name>
         <uninitialized>true</uninitialized>
         <run_address>0x48000</run_address>
         <size>0x164</size>
         <input_file_ref idref="fl-8"/>
      </object_component>
      <object_component id="oc-107">
         <name>CanbRegsFile</name>
         <uninitialized>true</uninitialized>
         <run_address>0x4a000</run_address>
         <size>0x164</size>
         <input_file_ref idref="fl-8"/>
      </object_component>
      <object_component id="oc-e2">
         <name>Cla1RegsFile</name>
         <uninitialized>true</uninitialized>
         <run_address>0x1400</run_address>
         <size>0x3e</size>
         <input_file_ref idref="fl-8"/>
      </object_component>
      <object_component id="oc-102">
         <name>Clb1DataExchRegsFile</name>
         <uninitialized>true</uninitialized>
         <run_address>0x3200</run_address>
         <size>0x108</size>
         <input_file_ref idref="fl-8"/>
      </object_component>
      <object_component id="oc-103">
         <name>Clb2DataExchRegsFile</name>
         <uninitialized>true</uninitialized>
         <run_address>0x3600</run_address>
         <size>0x108</size>
         <input_file_ref idref="fl-8"/>
      </object_component>
      <object_component id="oc-104">
         <name>Clb3DataExchRegsFile</name>
         <uninitialized>true</uninitialized>
         <run_address>0x3a00</run_address>
         <size>0x108</size>
         <input_file_ref idref="fl-8"/>
      </object_component>
      <object_component id="oc-105">
         <name>Clb4DataExchRegsFile</name>
         <uninitialized>true</uninitialized>
         <run_address>0x3e00</run_address>
         <size>0x108</size>
         <input_file_ref idref="fl-8"/>
      </object_component>
      <object_component id="oc-e3">
         <name>Clb1LogicCfgRegsFile</name>
         <uninitialized>true</uninitialized>
         <run_address>0x3000</run_address>
         <size>0x3e</size>
         <input_file_ref idref="fl-8"/>
      </object_component>
      <object_component id="oc-e4">
         <name>Clb2LogicCfgRegsFile</name>
         <uninitialized>true</uninitialized>
         <run_address>0x3400</run_address>
         <size>0x3e</size>
         <input_file_ref idref="fl-8"/>
      </object_component>
      <object_component id="oc-e5">
         <name>Clb3LogicCfgRegsFile</name>
         <uninitialized>true</uninitialized>
         <run_address>0x3800</run_address>
         <size>0x3e</size>
         <input_file_ref idref="fl-8"/>
      </object_component>
      <object_component id="oc-e6">
         <name>Clb4LogicCfgRegsFile</name>
         <uninitialized>true</uninitialized>
         <run_address>0x3c00</run_address>
         <size>0x3e</size>
         <input_file_ref idref="fl-8"/>
      </object_component>
      <object_component id="oc-e7">
         <name>Clb1LogicCtrlRegsFile</name>
         <uninitialized>true</uninitialized>
         <run_address>0x3100</run_address>
         <size>0x40</size>
         <input_file_ref idref="fl-8"/>
      </object_component>
      <object_component id="oc-e8">
         <name>Clb2LogicCtrlRegsFile</name>
         <uninitialized>true</uninitialized>
         <run_address>0x3500</run_address>
         <size>0x40</size>
         <input_file_ref idref="fl-8"/>
      </object_component>
      <object_component id="oc-e9">
         <name>Clb3LogicCtrlRegsFile</name>
         <uninitialized>true</uninitialized>
         <run_address>0x3900</run_address>
         <size>0x40</size>
         <input_file_ref idref="fl-8"/>
      </object_component>
      <object_component id="oc-ea">
         <name>Clb4LogicCtrlRegsFile</name>
         <uninitialized>true</uninitialized>
         <run_address>0x3d00</run_address>
         <size>0x40</size>
         <input_file_ref idref="fl-8"/>
      </object_component>
      <object_component id="oc-e0">
         <name>ClkCfgRegsFile</name>
         <uninitialized>true</uninitialized>
         <run_address>0x5d200</run_address>
         <size>0x32</size>
         <input_file_ref idref="fl-8"/>
      </object_component>
      <object_component id="oc-c6">
         <name>Cmpss1RegsFile</name>
         <uninitialized>true</uninitialized>
         <run_address>0x5c80</run_address>
         <size>0x1b</size>
         <input_file_ref idref="fl-8"/>
      </object_component>
      <object_component id="oc-c7">
         <name>Cmpss2RegsFile</name>
         <uninitialized>true</uninitialized>
         <run_address>0x5ca0</run_address>
         <size>0x1b</size>
         <input_file_ref idref="fl-8"/>
      </object_component>
      <object_component id="oc-c8">
         <name>Cmpss3RegsFile</name>
         <uninitialized>true</uninitialized>
         <run_address>0x5cc0</run_address>
         <size>0x1b</size>
         <input_file_ref idref="fl-8"/>
      </object_component>
      <object_component id="oc-c9">
         <name>Cmpss4RegsFile</name>
         <uninitialized>true</uninitialized>
         <run_address>0x5ce0</run_address>
         <size>0x1b</size>
         <input_file_ref idref="fl-8"/>
      </object_component>
      <object_component id="oc-ca">
         <name>Cmpss5RegsFile</name>
         <uninitialized>true</uninitialized>
         <run_address>0x5d00</run_address>
         <size>0x1b</size>
         <input_file_ref idref="fl-8"/>
      </object_component>
      <object_component id="oc-cb">
         <name>Cmpss6RegsFile</name>
         <uninitialized>true</uninitialized>
         <run_address>0x5d20</run_address>
         <size>0x1b</size>
         <input_file_ref idref="fl-8"/>
      </object_component>
      <object_component id="oc-cc">
         <name>Cmpss7RegsFile</name>
         <uninitialized>true</uninitialized>
         <run_address>0x5d40</run_address>
         <size>0x1b</size>
         <input_file_ref idref="fl-8"/>
      </object_component>
      <object_component id="oc-cd">
         <name>Cmpss8RegsFile</name>
         <uninitialized>true</uninitialized>
         <run_address>0x5d60</run_address>
         <size>0x1b</size>
         <input_file_ref idref="fl-8"/>
      </object_component>
      <object_component id="oc-ab">
         <name>CpuTimer0RegsFile</name>
         <uninitialized>true</uninitialized>
         <run_address>0xc00</run_address>
         <size>0x8</size>
         <input_file_ref idref="fl-8"/>
      </object_component>
      <object_component id="oc-ac">
         <name>CpuTimer1RegsFile</name>
         <uninitialized>true</uninitialized>
         <run_address>0xc08</run_address>
         <size>0x8</size>
         <input_file_ref idref="fl-8"/>
      </object_component>
      <object_component id="oc-ad">
         <name>CpuTimer2RegsFile</name>
         <uninitialized>true</uninitialized>
         <run_address>0xc10</run_address>
         <size>0x8</size>
         <input_file_ref idref="fl-8"/>
      </object_component>
      <object_component id="oc-f3">
         <name>CpuSysRegsFile</name>
         <uninitialized>true</uninitialized>
         <run_address>0x5d300</run_address>
         <size>0x82</size>
         <input_file_ref idref="fl-8"/>
      </object_component>
      <object_component id="oc-a7">
         <name>DacaRegsFile</name>
         <uninitialized>true</uninitialized>
         <run_address>0x5c00</run_address>
         <size>0x7</size>
         <input_file_ref idref="fl-8"/>
      </object_component>
      <object_component id="oc-a8">
         <name>DacbRegsFile</name>
         <uninitialized>true</uninitialized>
         <run_address>0x5c10</run_address>
         <size>0x7</size>
         <input_file_ref idref="fl-8"/>
      </object_component>
      <object_component id="oc-a9">
         <name>DaccRegsFile</name>
         <uninitialized>true</uninitialized>
         <run_address>0x5c20</run_address>
         <size>0x7</size>
         <input_file_ref idref="fl-8"/>
      </object_component>
      <object_component id="oc-a6">
         <name>DcsmCommonRegsFile</name>
         <uninitialized>true</uninitialized>
         <run_address>0x5f070</run_address>
         <size>0x6</size>
         <input_file_ref idref="fl-8"/>
      </object_component>
      <object_component id="oc-ce">
         <name>DcsmZ1RegsFile</name>
         <uninitialized>true</uninitialized>
         <run_address>0x5f000</run_address>
         <size>0x22</size>
         <input_file_ref idref="fl-8"/>
      </object_component>
      <object_component id="oc-cf">
         <name>DcsmZ2RegsFile</name>
         <uninitialized>true</uninitialized>
         <run_address>0x5f040</run_address>
         <size>0x22</size>
         <input_file_ref idref="fl-8"/>
      </object_component>
      <object_component id="oc-bd">
         <name>DmaClaSrcSelRegsFile</name>
         <uninitialized>true</uninitialized>
         <run_address>0x7980</run_address>
         <size>0x1a</size>
         <input_file_ref idref="fl-8"/>
      </object_component>
      <object_component id="oc-f4">
         <name>DmaRegsFile</name>
         <uninitialized>true</uninitialized>
         <run_address>0x1000</run_address>
         <size>0xe0</size>
         <input_file_ref idref="fl-8"/>
      </object_component>
      <object_component id="oc-be">
         <name>ECap1RegsFile</name>
         <uninitialized>true</uninitialized>
         <run_address>0x5000</run_address>
         <size>0x1a</size>
         <input_file_ref idref="fl-8"/>
      </object_component>
      <object_component id="oc-c0">
         <name>ECap2RegsFile</name>
         <uninitialized>true</uninitialized>
         <run_address>0x5020</run_address>
         <size>0x1a</size>
         <input_file_ref idref="fl-8"/>
      </object_component>
      <object_component id="oc-c1">
         <name>ECap3RegsFile</name>
         <uninitialized>true</uninitialized>
         <run_address>0x5040</run_address>
         <size>0x1a</size>
         <input_file_ref idref="fl-8"/>
      </object_component>
      <object_component id="oc-c2">
         <name>ECap4RegsFile</name>
         <uninitialized>true</uninitialized>
         <run_address>0x5060</run_address>
         <size>0x1a</size>
         <input_file_ref idref="fl-8"/>
      </object_component>
      <object_component id="oc-c3">
         <name>ECap5RegsFile</name>
         <uninitialized>true</uninitialized>
         <run_address>0x5080</run_address>
         <size>0x1a</size>
         <input_file_ref idref="fl-8"/>
      </object_component>
      <object_component id="oc-c4">
         <name>ECap6RegsFile</name>
         <uninitialized>true</uninitialized>
         <run_address>0x50a0</run_address>
         <size>0x1a</size>
         <input_file_ref idref="fl-8"/>
      </object_component>
      <object_component id="oc-ae">
         <name>Emif1ConfigRegsFile</name>
         <uninitialized>true</uninitialized>
         <run_address>0x5f480</run_address>
         <size>0xa</size>
         <input_file_ref idref="fl-8"/>
      </object_component>
      <object_component id="oc-db">
         <name>Emif1RegsFile</name>
         <uninitialized>true</uninitialized>
         <run_address>0x47000</run_address>
         <size>0x28</size>
         <input_file_ref idref="fl-8"/>
      </object_component>
      <object_component id="oc-f5">
         <name>EPwm1RegsFile</name>
         <uninitialized>true</uninitialized>
         <run_address>0x4000</run_address>
         <size>0x100</size>
         <input_file_ref idref="fl-8"/>
      </object_component>
      <object_component id="oc-f7">
         <name>EPwm2RegsFile</name>
         <uninitialized>true</uninitialized>
         <run_address>0x4100</run_address>
         <size>0x100</size>
         <input_file_ref idref="fl-8"/>
      </object_component>
      <object_component id="oc-f8">
         <name>EPwm3RegsFile</name>
         <uninitialized>true</uninitialized>
         <run_address>0x4200</run_address>
         <size>0x100</size>
         <input_file_ref idref="fl-8"/>
      </object_component>
      <object_component id="oc-f9">
         <name>EPwm4RegsFile</name>
         <uninitialized>true</uninitialized>
         <run_address>0x4300</run_address>
         <size>0x100</size>
         <input_file_ref idref="fl-8"/>
      </object_component>
      <object_component id="oc-fa">
         <name>EPwm5RegsFile</name>
         <uninitialized>true</uninitialized>
         <run_address>0x4400</run_address>
         <size>0x100</size>
         <input_file_ref idref="fl-8"/>
      </object_component>
      <object_component id="oc-fb">
         <name>EPwm6RegsFile</name>
         <uninitialized>true</uninitialized>
         <run_address>0x4500</run_address>
         <size>0x100</size>
         <input_file_ref idref="fl-8"/>
      </object_component>
      <object_component id="oc-fc">
         <name>EPwm7RegsFile</name>
         <uninitialized>true</uninitialized>
         <run_address>0x4600</run_address>
         <size>0x100</size>
         <input_file_ref idref="fl-8"/>
      </object_component>
      <object_component id="oc-fd">
         <name>EPwm8RegsFile</name>
         <uninitialized>true</uninitialized>
         <run_address>0x4700</run_address>
         <size>0x100</size>
         <input_file_ref idref="fl-8"/>
      </object_component>
      <object_component id="oc-fe">
         <name>EPwm9RegsFile</name>
         <uninitialized>true</uninitialized>
         <run_address>0x4800</run_address>
         <size>0x100</size>
         <input_file_ref idref="fl-8"/>
      </object_component>
      <object_component id="oc-ff">
         <name>EPwm10RegsFile</name>
         <uninitialized>true</uninitialized>
         <run_address>0x4900</run_address>
         <size>0x100</size>
         <input_file_ref idref="fl-8"/>
      </object_component>
      <object_component id="oc-100">
         <name>EPwm11RegsFile</name>
         <uninitialized>true</uninitialized>
         <run_address>0x4a00</run_address>
         <size>0x100</size>
         <input_file_ref idref="fl-8"/>
      </object_component>
      <object_component id="oc-101">
         <name>EPwm12RegsFile</name>
         <uninitialized>true</uninitialized>
         <run_address>0x4b00</run_address>
         <size>0x100</size>
         <input_file_ref idref="fl-8"/>
      </object_component>
      <object_component id="oc-d0">
         <name>EQep1RegsFile</name>
         <uninitialized>true</uninitialized>
         <run_address>0x5100</run_address>
         <size>0x22</size>
         <input_file_ref idref="fl-8"/>
      </object_component>
      <object_component id="oc-d2">
         <name>EQep2RegsFile</name>
         <uninitialized>true</uninitialized>
         <run_address>0x5140</run_address>
         <size>0x22</size>
         <input_file_ref idref="fl-8"/>
      </object_component>
      <object_component id="oc-d3">
         <name>EQep3RegsFile</name>
         <uninitialized>true</uninitialized>
         <run_address>0x5180</run_address>
         <size>0x22</size>
         <input_file_ref idref="fl-8"/>
      </object_component>
      <object_component id="oc-108">
         <name>Flash0CtrlRegsFile</name>
         <uninitialized>true</uninitialized>
         <run_address>0x5f800</run_address>
         <size>0x182</size>
         <input_file_ref idref="fl-8"/>
      </object_component>
      <object_component id="oc-dc">
         <name>Flash0EccRegsFile</name>
         <uninitialized>true</uninitialized>
         <run_address>0x5fb00</run_address>
         <size>0x28</size>
         <input_file_ref idref="fl-8"/>
      </object_component>
      <object_component id="oc-a4">
         <name>FlashPumpSemaphoreRegsFile</name>
         <uninitialized>true</uninitialized>
         <run_address>0x50024</run_address>
         <size>0x2</size>
         <input_file_ref idref="fl-8"/>
      </object_component>
      <object_component id="oc-df">
         <name>GpioDataRegsFile</name>
         <uninitialized>true</uninitialized>
         <run_address>0x7f00</run_address>
         <size>0x30</size>
         <input_file_ref idref="fl-8"/>
      </object_component>
      <object_component id="oc-d4">
         <name>I2caRegsFile</name>
         <uninitialized>true</uninitialized>
         <run_address>0x7300</run_address>
         <size>0x22</size>
         <input_file_ref idref="fl-8"/>
      </object_component>
      <object_component id="oc-d6">
         <name>I2cbRegsFile</name>
         <uninitialized>true</uninitialized>
         <run_address>0x7340</run_address>
         <size>0x22</size>
         <input_file_ref idref="fl-8"/>
      </object_component>
      <object_component id="oc-d7">
         <name>IpcRegsFile</name>
         <uninitialized>true</uninitialized>
         <run_address>0x50000</run_address>
         <size>0x24</size>
         <input_file_ref idref="fl-8"/>
      </object_component>
      <object_component id="oc-e1">
         <name>MemoryErrorRegsFile</name>
         <uninitialized>true</uninitialized>
         <run_address>0x5f500</run_address>
         <size>0x3a</size>
         <input_file_ref idref="fl-8"/>
      </object_component>
      <object_component id="oc-ee">
         <name>MemCfgRegsFile</name>
         <uninitialized>true</uninitialized>
         <run_address>0x5f400</run_address>
         <size>0x76</size>
         <input_file_ref idref="fl-8"/>
      </object_component>
      <object_component id="oc-d8">
         <name>McbspaRegsFile</name>
         <uninitialized>true</uninitialized>
         <run_address>0x6000</run_address>
         <size>0x24</size>
         <input_file_ref idref="fl-8"/>
      </object_component>
      <object_component id="oc-da">
         <name>McbspbRegsFile</name>
         <uninitialized>true</uninitialized>
         <run_address>0x6040</run_address>
         <size>0x24</size>
         <input_file_ref idref="fl-8"/>
      </object_component>
      <object_component id="oc-aa">
         <name>NmiIntruptRegsFile</name>
         <uninitialized>true</uninitialized>
         <run_address>0x7060</run_address>
         <size>0x7</size>
         <input_file_ref idref="fl-8"/>
      </object_component>
      <object_component id="oc-c5">
         <name>PieCtrlRegsFile</name>
         <uninitialized>true</uninitialized>
         <run_address>0xce0</run_address>
         <size>0x1a</size>
         <input_file_ref idref="fl-8"/>
      </object_component>
      <object_component id="oc-a5">
         <name>RomPrefetchRegsFile</name>
         <uninitialized>true</uninitialized>
         <run_address>0x5e608</run_address>
         <size>0x2</size>
         <input_file_ref idref="fl-8"/>
      </object_component>
      <object_component id="oc-b0">
         <name>SciaRegsFile</name>
         <uninitialized>true</uninitialized>
         <run_address>0x7200</run_address>
         <size>0x10</size>
         <input_file_ref idref="fl-8"/>
      </object_component>
      <object_component id="oc-b2">
[...]
         <value>0x847f</value>
         <object_component_ref idref="oc-2ac"/>
      </symbol>
      <symbol id="sm-725">
         <name>_sense_temp_board_3</name>
         <value>0xab38</value>
         <object_component_ref idref="oc-1a1"/>
      </symbol>
      <symbol id="sm-726">
         <name>_sense_temp_board_2</name>
         <value>0xab36</value>
         <object_component_ref idref="oc-1a1"/>
      </symbol>
      <symbol id="sm-727">
         <name>_sense_temp_board_1</name>
         <value>0xab34</value>
         <object_component_ref idref="oc-1a1"/>
      </symbol>
      <symbol id="sm-728">
         <name>_sense_dc_link_sec_v_emavg</name>
         <value>0xaadc</value>
         <object_component_ref idref="oc-1a1"/>
      </symbol>
      <symbol id="sm-729">
         <name>_sense_dc_link_sec_v_scale</name>
         <value>0xaad8</value>
         <object_component_ref idref="oc-1a1"/>
      </symbol>
      <symbol id="sm-72a">
         <name>_sense_dc_bb1_i_offset</name>
         <value>0xaaf0</value>
         <object_component_ref idref="oc-1a1"/>
      </symbol>
      <symbol id="sm-72b">
         <name>_sense_sys_pw_p_5va</name>
         <value>0xab22</value>
         <object_component_ref idref="oc-1a1"/>
      </symbol>
      <symbol id="sm-72c">
         <name>_sense_dc_bb1_i</name>
         <value>0xaaea</value>
         <object_component_ref idref="oc-1a1"/>
      </symbol>
      <symbol id="sm-72d">
         <name>_sense_sys_pw_12vd</name>
         <value>0xab26</value>
         <object_component_ref idref="oc-1a1"/>
      </symbol>
      <symbol id="sm-72e">
         <name>_sense_temp_board_3_emavg</name>
         <value>0xab48</value>
         <object_component_ref idref="oc-1a1"/>
      </symbol>
      <symbol id="sm-72f">
         <name>_sense_sys_pw_p_15va</name>
         <value>0xab1e</value>
         <object_component_ref idref="oc-1a1"/>
      </symbol>
      <symbol id="sm-730">
         <name>_sense_dc_bb1_i_emavg</name>
         <value>0xaaf2</value>
         <object_component_ref idref="oc-1a1"/>
      </symbol>
      <symbol id="sm-731">
         <name>_sense_dc_link_pri_r_v_emavg</name>
         <value>0xaad4</value>
         <object_component_ref idref="oc-1a1"/>
      </symbol>
      <symbol id="sm-732">
         <name>_sense_temp_out_5_emavg</name>
         <value>0xab42</value>
         <object_component_ref idref="oc-1a1"/>
      </symbol>
      <symbol id="sm-733">
         <name>_sense_fan_current_offset</name>
         <value>0xab4e</value>
         <object_component_ref idref="oc-1a1"/>
      </symbol>
      <symbol id="sm-734">
         <name>_sense_batt_neg_v</name>
         <value>0xab0e</value>
         <object_component_ref idref="oc-1a1"/>
      </symbol>
      <symbol id="sm-735">
         <name>_sense_batt_t_offset</name>
         <value>0xab1a</value>
         <object_component_ref idref="oc-1a1"/>
      </symbol>
      <symbol id="sm-736">
         <name>_sense_temp_dsp</name>
         <value>0xaac0</value>
         <object_component_ref idref="oc-1a1"/>
      </symbol>
      <symbol id="sm-737">
         <name>_calc_dc_out_i_emavg</name>
         <value>0xab02</value>
         <object_component_ref idref="oc-1a1"/>
      </symbol>
      <symbol id="sm-738">
         <name>_reset_offset_sum</name>
         <value>0xab50</value>
         <object_component_ref idref="oc-1a1"/>
      </symbol>
      <symbol id="sm-739">
         <name>_sense_batt_v_scale</name>
         <value>0xab08</value>
         <object_component_ref idref="oc-1a1"/>
      </symbol>
      <symbol id="sm-73a">
         <name>_sense_dc_bb2_i</name>
         <value>0xaaf6</value>
         <object_component_ref idref="oc-1a1"/>
      </symbol>
      <symbol id="sm-74d">
         <name>_test_io_din2</name>
         <value>0xad82</value>
         <object_component_ref idref="oc-1a8"/>
      </symbol>
      <symbol id="sm-74e">
         <name>_test_io_din1</name>
         <value>0xad81</value>
         <object_component_ref idref="oc-1a8"/>
      </symbol>
      <symbol id="sm-74f">
         <name>_test_io_fuse</name>
         <value>0xad87</value>
         <object_component_ref idref="oc-1a8"/>
      </symbol>
      <symbol id="sm-750">
         <name>_test_pwm_duty_b</name>
         <value>0xad8c</value>
         <object_component_ref idref="oc-1a8"/>
      </symbol>
      <symbol id="sm-751">
         <name>_test_pwm_duty_a</name>
         <value>0xad8a</value>
         <object_component_ref idref="oc-1a8"/>
      </symbol>
      <symbol id="sm-752">
         <name>_test_io_flag</name>
         <value>0xad80</value>
         <object_component_ref idref="oc-1a8"/>
      </symbol>
      <symbol id="sm-753">
         <name>_test_pwm_flag</name>
         <value>0xad89</value>
         <object_component_ref idref="oc-1a8"/>
      </symbol>
      <symbol id="sm-754">
         <name>_test_io_emo</name>
         <value>0xad88</value>
         <object_component_ref idref="oc-1a8"/>
      </symbol>
      <symbol id="sm-755">
         <name>_test_io_mux3</name>
         <value>0xad85</value>
         <object_component_ref idref="oc-1a8"/>
      </symbol>
      <symbol id="sm-756">
         <name>_test_io_mux2</name>
         <value>0xad84</value>
         <object_component_ref idref="oc-1a8"/>
      </symbol>
      <symbol id="sm-757">
         <name>_test_io_mux1</name>
         <value>0xad83</value>
         <object_component_ref idref="oc-1a8"/>
      </symbol>
      <symbol id="sm-758">
         <name>_test_io_mux4</name>
         <value>0xad86</value>
         <object_component_ref idref="oc-1a8"/>
      </symbol>
      <symbol id="sm-768">
         <name>_cpu2_tick_timer_led</name>
         <value>0xadee</value>
         <object_component_ref idref="oc-1b0"/>
      </symbol>
      <symbol id="sm-769">
         <name>_cpu2_offset_timer</name>
         <value>0xadf0</value>
         <object_component_ref idref="oc-1b0"/>
      </symbol>
      <symbol id="sm-76a">
         <name>_app_TickVal1</name>
         <value>0x87f8</value>
         <object_component_ref idref="oc-2ad"/>
      </symbol>
      <symbol id="sm-76c">
         <name>_app_TickVal3</name>
         <value>0x8801</value>
         <object_component_ref idref="oc-2ad"/>
      </symbol>
      <symbol id="sm-76e">
         <name>_app_TickVal2</name>
         <value>0x8800</value>
         <object_component_ref idref="oc-2ad"/>
      </symbol>
      <symbol id="sm-7a8">
         <name>_bsp_GetAD7606</name>
         <value>0x85e3</value>
         <object_component_ref idref="oc-2c5"/>
      </symbol>
      <symbol id="sm-7aa">
         <name>_bsp_InitAD7606</name>
         <value>0x83000</value>
         <object_component_ref idref="oc-2b0"/>
      </symbol>
      <symbol id="sm-7ac">
         <name>_bsp_GetFulSeqAD7606</name>
         <value>0x860a</value>
         <object_component_ref idref="oc-2c5"/>
      </symbol>
      <symbol id="sm-7ae">
         <name>_bsp_ConvAD7606</name>
         <value>0x85db</value>
         <object_component_ref idref="oc-2c5"/>
      </symbol>
      <symbol id="sm-7ff">
         <name>_drv_InitADC</name>
         <value>0x826d8</value>
         <object_component_ref idref="oc-2af"/>
      </symbol>
      <symbol id="sm-801">
         <name>_drv_GetDspAdcAll</name>
         <value>0x8019</value>
         <object_component_ref idref="oc-2c3"/>
      </symbol>
      <symbol id="sm-803">
         <name>_drv_GetFullSeqDspAdcAll</name>
         <value>0x811d</value>
         <object_component_ref idref="oc-2c3"/>
      </symbol>
      <symbol id="sm-805">
         <name>_drv_GetFullSeqDspAdcSub</name>
         <value>0x8302</value>
         <object_component_ref idref="oc-2c3"/>
      </symbol>
      <symbol id="sm-807">
         <name>_drv_GetFullSeqDspAdcMain</name>
         <value>0x8239</value>
         <object_component_ref idref="oc-2c3"/>
      </symbol>
      <symbol id="sm-809">
         <name>_drv_SocDspAdcAll</name>
         <value>0x8000</value>
         <object_component_ref idref="oc-2c3"/>
      </symbol>
      <symbol id="sm-82e">
         <name>_drv_can_msg</name>
         <value>0xa800</value>
         <object_component_ref idref="oc-1c8"/>
      </symbol>
      <symbol id="sm-82f">
         <name>_drv_Write8CAN</name>
         <value>0x831d7</value>
         <object_component_ref idref="oc-28b"/>
      </symbol>
      <symbol id="sm-831">
         <name>_drv_InitCAN</name>
         <value>0x831ab</value>
         <object_component_ref idref="oc-28b"/>
      </symbol>
      <symbol id="sm-833">
         <name>_drv_irq_CANA</name>
         <value>0x8307a</value>
         <object_component_ref idref="oc-1c9"/>
      </symbol>
      <symbol id="sm-835">
         <name>_drv_WriteCAN</name>
         <value>0x831af</value>
         <object_component_ref idref="oc-28b"/>
      </symbol>
      <symbol id="sm-837">
         <name>_drv_irq_DMA_CANA</name>
         <value>0x8311f</value>
         <object_component_ref idref="oc-1c9"/>
      </symbol>
      <symbol id="sm-876">
         <name>_drv_WriteEMIF</name>
         <value>0x8633</value>
         <object_component_ref idref="oc-2c8"/>
      </symbol>
      <symbol id="sm-878">
         <name>_drv_InitEMIF</name>
         <value>0x82c43</value>
         <object_component_ref idref="oc-2ae"/>
      </symbol>
      <symbol id="sm-87a">
         <name>_drv_ReadEMIF</name>
         <value>0x8648</value>
         <object_component_ref idref="oc-2c8"/>
      </symbol>
      <symbol id="sm-87c">
         <name>_drv_Read16MULEMIF</name>
         <value>0x865e</value>
         <object_component_ref idref="oc-2c8"/>
      </symbol>
      <symbol id="sm-89b">
         <name>_sfo_error_cnt</name>
         <value>0xad5e</value>
         <object_component_ref idref="oc-1dc"/>
      </symbol>
      <symbol id="sm-89c">
         <name>_dcdc_op_pwm_freq</name>
         <value>0xad62</value>
         <object_component_ref idref="oc-1dc"/>
      </symbol>
      <symbol id="sm-89d">
         <name>_dcdc_pwm_hr_percent</name>
         <value>0xad68</value>
         <object_component_ref idref="oc-1dc"/>
      </symbol>
      <symbol id="sm-89e">
         <name>_MEP_ScaleFactor</name>
         <value>0xad5f</value>
         <object_component_ref idref="oc-1dc"/>
      </symbol>
      <symbol id="sm-89f">
         <name>_dcdc_in_pwm_freq</name>
         <value>0xad64</value>
         <object_component_ref idref="oc-1dc"/>
      </symbol>
      <symbol id="sm-8a0">
         <name>_sfo_status</name>
         <value>0xad5d</value>
         <object_component_ref idref="oc-1dc"/>
      </symbol>
      <symbol id="sm-8a1">
         <name>_view_dcdc_b_hr_duty_reg</name>
         <value>0xad6c</value>
         <object_component_ref idref="oc-1dc"/>
      </symbol>
      <symbol id="sm-8a2">
         <name>_dcdc_pwm_hr_use</name>
         <value>0xad5c</value>
         <object_component_ref idref="oc-1dc"/>
      </symbol>
      <symbol id="sm-8a3">
         <name>_view_dcdc_b_duty_reg</name>
         <value>0xad61</value>
         <object_component_ref idref="oc-1dc"/>
      </symbol>
      <symbol id="sm-8a4">
         <name>_view_dcdc_t_duty_reg</name>
         <value>0xad60</value>
         <object_component_ref idref="oc-1dc"/>
      </symbol>
      <symbol id="sm-8a5">
         <name>_dcdc_pwm_prd</name>
         <value>0xad66</value>
         <object_component_ref idref="oc-1dc"/>
      </symbol>
      <symbol id="sm-8a6">
         <name>_view_dcdc_t_hr_duty_reg</name>
         <value>0xad6a</value>
         <object_component_ref idref="oc-1dc"/>
      </symbol>
      <symbol id="sm-8e4">
         <name>_debug_time_new</name>
         <value>0xaddc</value>
         <object_component_ref idref="oc-1e4"/>
      </symbol>
      <symbol id="sm-8e5">
         <name>_drv_timer2_register</name>
         <value>0xada6</value>
         <object_component_ref idref="oc-293"/>
      </symbol>
      <symbol id="sm-8e6">
         <name>_drv_timer0_register</name>
         <value>0xad9a</value>
         <object_component_ref idref="oc-28e"/>
      </symbol>
      <symbol id="sm-8e7">
         <name>_drv_InitTimer</name>
         <value>0x82ee1</value>
         <object_component_ref idref="oc-290"/>
      </symbol>
      <symbol id="sm-8e9">
         <name>_timer2_count</name>
         <value>0xadda</value>
         <object_component_ref idref="oc-1e4"/>
      </symbol>
      <symbol id="sm-8ea">
         <name>_drv_irq_Timer2</name>
         <value>0x8579</value>
         <object_component_ref idref="oc-1e5"/>
      </symbol>
      <symbol id="sm-8ec">
         <name>_drv_irq_Timer0</name>
         <value>0x84ee</value>
         <object_component_ref idref="oc-1e5"/>
      </symbol>
      <symbol id="sm-8ee">
         <name>_drv_irq_Timer1</name>
         <value>0x8535</value>
         <object_component_ref idref="oc-1e5"/>
      </symbol>
      <symbol id="sm-8f0">
         <name>_debug_time_old</name>
         <value>0xadde</value>
         <object_component_ref idref="oc-1e4"/>
      </symbol>
      <symbol id="sm-8f1">
         <name>_drv_timer1_register</name>
         <value>0xacf6</value>
         <object_component_ref idref="oc-291"/>
      </symbol>
      <symbol id="sm-8f2">
         <name>_drv_ConfigTimer</name>
         <value>0x82f6b</value>
         <object_component_ref idref="oc-290"/>
      </symbol>
      <symbol id="sm-8f4">
         <name>_get_time_ms</name>
         <value>0x82f95</value>
         <object_component_ref idref="oc-290"/>
      </symbol>
      <symbol id="sm-8f6">
         <name>_get_time_diff</name>
         <value>0x82f99</value>
         <object_component_ref idref="oc-290"/>
      </symbol>
      <symbol id="sm-917">
         <name>_Fapi_GlobalInit</name>
         <value>0xad8e</value>
         <object_component_ref idref="oc-1f8"/>
      </symbol>
      <symbol id="sm-949">
         <name>_ADC_setMode</name>
         <value>0x835a6</value>
         <object_component_ref idref="oc-2c6"/>
      </symbol>
      <symbol id="sm-94b">
         <name>_ADC_setINLTrim</name>
         <value>0x832e7</value>
         <object_component_ref idref="oc-2ca"/>
      </symbol>
      <symbol id="sm-94d">
         <name>_ADC_setOffsetTrim</name>
         <value>0x83432</value>
         <object_component_ref idref="oc-2cb"/>
      </symbol>
      <symbol id="sm-987">
         <name>_CAN_readMessage</name>
         <value>0x8335a</value>
         <object_component_ref idref="oc-28c"/>
      </symbol>
      <symbol id="sm-989">
         <name>_CAN_sendMessage</name>
         <value>0x8326c</value>
         <object_component_ref idref="oc-29b"/>
      </symbol>
      <symbol id="sm-98b">
         <name>_CAN_clearInterruptStatus</name>
         <value>0x834ec</value>
         <object_component_ref idref="oc-28d"/>
      </symbol>
      <symbol id="sm-9a1">
         <name>_CPUTimer_setEmulationMode</name>
         <value>0x83747</value>
         <object_component_ref idref="oc-29f"/>
      </symbol>
      <symbol id="sm-9f2">
         <name>_Flash_initModule</name>
         <value>0x8690</value>
         <object_component_ref idref="oc-2a4"/>
      </symbol>
      <symbol id="sm-a31">
         <name>_Interrupt_enable</name>
         <value>0x83572</value>
         <object_component_ref idref="oc-29e"/>
      </symbol>
      <symbol id="sm-a33">
         <name>_Interrupt_initVectorTable</name>
         <value>0x8368c</value>
         <object_component_ref idref="oc-2ab"/>
      </symbol>
      <symbol id="sm-a35">
         <name>_Interrupt_initModule</name>
         <value>0x83535</value>
         <object_component_ref idref="oc-2aa"/>
      </symbol>
      <symbol id="sm-a46">
         <name>_SysCtl_delay</name>
         <value>0x8806</value>
         <object_component_ref idref="oc-227"/>
      </symbol>
      <symbol id="sm-a59">
         <name>_SFO_CAL</name>
         <value>0xadc8</value>
         <object_component_ref idref="oc-22f"/>
      </symbol>
      <symbol id="sm-a90">
         <name>_c_int00</name>
         <value>0x83496</value>
         <object_component_ref idref="oc-23f"/>
      </symbol>
      <symbol id="sm-a91">
         <name>__stack</name>
         <value>0x400</value>
         <object_component_ref idref="oc-240"/>
      </symbol>
      <symbol id="sm-aa2">
         <name>FS$$DIV</name>
         <value>0x831e4</value>
         <object_component_ref idref="oc-246"/>
      </symbol>
      <symbol id="sm-aae">
         <name>LL$$AND</name>
         <value>0x8371a</value>
         <object_component_ref idref="oc-24b"/>
      </symbol>
      <symbol id="sm-aaf">
         <name>LL$$OR</name>
         <value>0x83722</value>
         <object_component_ref idref="oc-24b"/>
      </symbol>
      <symbol id="sm-ab0">
         <name>LL$$XOR</name>
         <value>0x8372a</value>
         <object_component_ref idref="oc-24b"/>
      </symbol>
      <symbol id="sm-abe">
         <name>ULL$$CMP</name>
         <value>0x836bc</value>
         <object_component_ref idref="oc-250"/>
      </symbol>
      <symbol id="sm-abf">
         <name>LL$$CMP</name>
         <value>0x836aa</value>
         <object_component_ref idref="oc-250"/>
      </symbol>
      <symbol id="sm-ace">
         <name>_copy_in</name>
         <value>0x83626</value>
         <object_component_ref idref="oc-296"/>
      </symbol>
      <symbol id="sm-ae0">
         <name>_memcpy</name>
         <value>0x836c8</value>
         <object_component_ref idref="oc-2a0"/>
      </symbol>
      <symbol id="sm-aed">
         <name>__system_pre_init</name>
         <value>0x837cc</value>
         <object_component_ref idref="oc-295"/>
      </symbol>
      <symbol id="sm-afb">
         <name>__system_post_cinit</name>
         <value>0x837ce</value>
         <object_component_ref idref="oc-297"/>
      </symbol>
      <symbol id="sm-b10">
         <name>C$$EXIT</name>
         <value>0x835d5</value>
         <object_component_ref idref="oc-299"/>
      </symbol>
      <symbol id="sm-b11">
         <name>_exit</name>
         <value>0x835d7</value>
         <object_component_ref idref="oc-299"/>
      </symbol>
      <symbol id="sm-b13">
         <name>___TI_cleanup_ptr</name>
         <value>0xade2</value>
         <object_component_ref idref="oc-26b"/>
      </symbol>
      <symbol id="sm-b14">
         <name>___TI_enable_exit_profile_output</name>
         <value>0xade0</value>
         <object_component_ref idref="oc-26b"/>
      </symbol>
      <symbol id="sm-b15">
         <name>_abort</name>
         <value>0x835d5</value>
         <object_component_ref idref="oc-299"/>
      </symbol>
      <symbol id="sm-b17">
         <name>___TI_dtors_ptr</name>
         <value>0xade4</value>
         <object_component_ref idref="oc-26b"/>
      </symbol>
      <symbol id="sm-b2b">
         <name>__unlock</name>
         <value>0xadf2</value>
         <object_component_ref idref="oc-2c7"/>
      </symbol>
      <symbol id="sm-b2c">
         <name>__lock</name>
         <value>0xab7e</value>
         <object_component_ref idref="oc-2a2"/>
      </symbol>
      <symbol id="sm-b2d">
         <name>__register_lock</name>
         <value>0x837b8</value>
         <object_component_ref idref="oc-2b1"/>
      </symbol>
      <symbol id="sm-b2f">
         <name>__nop</name>
         <value>0x837bc</value>
         <object_component_ref idref="oc-2b1"/>
      </symbol>
      <symbol id="sm-b31">
         <name>__register_unlock</name>
         <value>0x837b4</value>
         <object_component_ref idref="oc-2b1"/>
      </symbol>
      <symbol id="sm-b41">
         <name>__args_main</name>
         <value>0x8375a</value>
         <object_component_ref idref="oc-298"/>
      </symbol>
      <symbol id="sm-b55">
         <name>_errno</name>
         <value>0xadf5</value>
         <object_component_ref idref="oc-281"/>
      </symbol>
   </symbol_table>
   <title>Link successful</title>
</link_info>
