<?xml version="1.0" encoding="ISO-8859-1" ?>
<link_info>
   <banner>TMS320C2000 Linker PC v21.6.0.LTS</banner>
   <copyright>Copyright (c) 1996-2018 Texas Instruments Incorporated</copyright>
   <link_time>0x62de4a39</link_time>
   <link_errors>0x0</link_errors>
   <output_file>power_cpu1.out</output_file>
   <entry_point>
      <name>_c_int00</name>
      <address>0x89757</address>
   </entry_point>
   <input_file_list>
      <input_file id="fl-2">
         <path>.\</path>
         <kind>object</kind>
         <file>main_cpu1.obj</file>
         <name>main_cpu1.obj</name>
      </input_file>
      <input_file id="fl-3">
         <path>.\dsp\c2000_sdk\v400\f2837xd\</path>
         <kind>object</kind>
         <file>F2837xD_Adc.obj</file>
         <name>F2837xD_Adc.obj</name>
      </input_file>
      <input_file id="fl-4">
         <path>.\dsp\c2000_sdk\v400\f2837xd\</path>
         <kind>object</kind>
         <file>F2837xD_CpuTimers.obj</file>
         <name>F2837xD_CpuTimers.obj</name>
      </input_file>
      <input_file id="fl-5">
         <path>.\dsp\c2000_sdk\v400\f2837xd\</path>
         <kind>object</kind>
         <file>F2837xD_DBGIER.obj</file>
         <name>F2837xD_DBGIER.obj</name>
      </input_file>
      <input_file id="fl-6">
         <path>.\dsp\c2000_sdk\v400\f2837xd\</path>
         <kind>object</kind>
         <file>F2837xD_DefaultISR.obj</file>
         <name>F2837xD_DefaultISR.obj</name>
      </input_file>
      <input_file id="fl-7">
         <path>.\dsp\c2000_sdk\v400\f2837xd\</path>
         <kind>object</kind>
         <file>F2837xD_Dma.obj</file>
         <name>F2837xD_Dma.obj</name>
      </input_file>
      <input_file id="fl-8">
         <path>.\dsp\c2000_sdk\v400\f2837xd\</path>
         <kind>object</kind>
         <file>F2837xD_ECap.obj</file>
         <name>F2837xD_ECap.obj</name>
      </input_file>
      <input_file id="fl-9">
         <path>.\dsp\c2000_sdk\v400\f2837xd\</path>
         <kind>object</kind>
         <file>F2837xD_EPwm.obj</file>
         <name>F2837xD_EPwm.obj</name>
      </input_file>
      <input_file id="fl-a">
         <path>.\dsp\c2000_sdk\v400\f2837xd\</path>
         <kind>object</kind>
         <file>F2837xD_EQep.obj</file>
         <name>F2837xD_EQep.obj</name>
      </input_file>
      <input_file id="fl-b">
         <path>.\dsp\c2000_sdk\v400\f2837xd\</path>
         <kind>object</kind>
         <file>F2837xD_Emif.obj</file>
         <name>F2837xD_Emif.obj</name>
      </input_file>
      <input_file id="fl-c">
         <path>.\dsp\c2000_sdk\v400\f2837xd\</path>
         <kind>object</kind>
         <file>F2837xD_GlobalVariableDefs.obj</file>
         <name>F2837xD_GlobalVariableDefs.obj</name>
      </input_file>
      <input_file id="fl-d">
         <path>.\dsp\c2000_sdk\v400\f2837xd\</path>
         <kind>object</kind>
         <file>F2837xD_Gpio.obj</file>
         <name>F2837xD_Gpio.obj</name>
      </input_file>
      <input_file id="fl-e">
         <path>.\dsp\c2000_sdk\v400\f2837xd\</path>
         <kind>object</kind>
         <file>F2837xD_I2C.obj</file>
         <name>F2837xD_I2C.obj</name>
      </input_file>
      <input_file id="fl-f">
         <path>.\dsp\c2000_sdk\v400\f2837xd\</path>
         <kind>object</kind>
         <file>F2837xD_Ipc.obj</file>
         <name>F2837xD_Ipc.obj</name>
      </input_file>
      <input_file id="fl-10">
         <path>.\dsp\c2000_sdk\v400\f2837xd\</path>
         <kind>object</kind>
         <file>F2837xD_Ipc_Driver.obj</file>
         <name>F2837xD_Ipc_Driver.obj</name>
      </input_file>
      <input_file id="fl-11">
         <path>.\dsp\c2000_sdk\v400\f2837xd\</path>
         <kind>object</kind>
         <file>F2837xD_Ipc_Driver_Lite.obj</file>
         <name>F2837xD_Ipc_Driver_Lite.obj</name>
      </input_file>
      <input_file id="fl-12">
         <path>.\dsp\c2000_sdk\v400\f2837xd\</path>
         <kind>object</kind>
         <file>F2837xD_Ipc_Driver_Util.obj</file>
         <name>F2837xD_Ipc_Driver_Util.obj</name>
      </input_file>
      <input_file id="fl-13">
         <path>.\dsp\c2000_sdk\v400\f2837xd\</path>
         <kind>object</kind>
         <file>F2837xD_Mcbsp.obj</file>
         <name>F2837xD_Mcbsp.obj</name>
      </input_file>
      <input_file id="fl-14">
         <path>.\dsp\c2000_sdk\v400\f2837xd\</path>
         <kind>object</kind>
         <file>F2837xD_PieCtrl.obj</file>
         <name>F2837xD_PieCtrl.obj</name>
      </input_file>
      <input_file id="fl-15">
         <path>.\dsp\c2000_sdk\v400\f2837xd\</path>
         <kind>object</kind>
         <file>F2837xD_PieVect.obj</file>
         <name>F2837xD_PieVect.obj</name>
      </input_file>
      <input_file id="fl-16">
         <path>.\dsp\c2000_sdk\v400\f2837xd\</path>
         <kind>object</kind>
         <file>F2837xD_Sci.obj</file>
         <name>F2837xD_Sci.obj</name>
      </input_file>
      <input_file id="fl-17">
         <path>.\dsp\c2000_sdk\v400\f2837xd\</path>
         <kind>object</kind>
         <file>F2837xD_Spi.obj</file>
         <name>F2837xD_Spi.obj</name>
      </input_file>
      <input_file id="fl-18">
         <path>.\dsp\c2000_sdk\v400\f2837xd\</path>
         <kind>object</kind>
         <file>F2837xD_SysCtrl.obj</file>
         <name>F2837xD_SysCtrl.obj</name>
      </input_file>
      <input_file id="fl-19">
         <path>.\dsp\c2000_sdk\v400\f2837xd\</path>
         <kind>object</kind>
         <file>F2837xD_TempSensorConv.obj</file>
         <name>F2837xD_TempSensorConv.obj</name>
      </input_file>
      <input_file id="fl-1a">
         <path>.\dsp\c2000_sdk\v400\f2837xd\</path>
         <kind>object</kind>
         <file>F2837xD_Upp.obj</file>
         <name>F2837xD_Upp.obj</name>
      </input_file>
      <input_file id="fl-1b">
         <path>.\dsp\c2000_sdk\v400\f2837xd\</path>
         <kind>object</kind>
         <file>F2837xD_can.obj</file>
         <name>F2837xD_can.obj</name>
      </input_file>
      <input_file id="fl-1c">
         <path>.\dsp\c2000_sdk\v400\f2837xd\</path>
         <kind>object</kind>
         <file>F2837xD_sci_io.obj</file>
         <name>F2837xD_sci_io.obj</name>
      </input_file>
      <input_file id="fl-1d">
         <path>.\dsp\c2000_sdk\v400\f2837xd\</path>
         <kind>object</kind>
         <file>F2837xD_sdfm_drivers.obj</file>
         <name>F2837xD_sdfm_drivers.obj</name>
      </input_file>
      <input_file id="fl-1e">
         <path>.\dsp\c2000_sdk\v400\f2837xd\</path>
         <kind>object</kind>
         <file>F2837xD_struct.obj</file>
         <name>F2837xD_struct.obj</name>
      </input_file>
      <input_file id="fl-1f">
         <path>.\dsp\c2000_sdk\v400\f2837xd\</path>
         <kind>object</kind>
         <file>F2837xD_usDelay.obj</file>
         <name>F2837xD_usDelay.obj</name>
      </input_file>
      <input_file id="fl-20">
         <path>.\dsp\c2000_sdk\v400\f2837xd\device\</path>
         <kind>object</kind>
         <file>F2837xD_CodeStartBranch.obj</file>
         <name>F2837xD_CodeStartBranch.obj</name>
      </input_file>
      <input_file id="fl-21">
         <path>.\dsp\c2000_sdk\v400\f2837xd\device\</path>
         <kind>object</kind>
         <file>device.obj</file>
         <name>device.obj</name>
      </input_file>
      <input_file id="fl-22">
         <path>.\dsp\c2000_sdk\v400\f2837xd\libraries\flash_api\f2837xd\source\</path>
         <kind>object</kind>
         <file>Fapi_UserDefinedFunctions.obj</file>
         <name>Fapi_UserDefinedFunctions.obj</name>
      </input_file>
      <input_file id="fl-23">
         <path>.\easyDSP\</path>
         <kind>object</kind>
         <file>easy28x_driverlib_v10.1.obj</file>
         <name>easy28x_driverlib_v10.1.obj</name>
      </input_file>
      <input_file id="fl-24">
         <path>.\phoenixon\app_formation\app\</path>
         <kind>object</kind>
         <file>app_op.obj</file>
         <name>app_op.obj</name>
      </input_file>
      <input_file id="fl-25">
         <path>.\phoenixon\app_formation\app\</path>
         <kind>object</kind>
         <file>app_settings.obj</file>
         <name>app_settings.obj</name>
      </input_file>
      <input_file id="fl-26">
         <path>.\phoenixon\app_formation\app\calibration\</path>
         <kind>object</kind>
         <file>app_calibration.obj</file>
         <name>app_calibration.obj</name>
      </input_file>
      <input_file id="fl-27">
         <path>.\phoenixon\app_formation\app\comm\</path>
         <kind>object</kind>
         <file>app_comm.obj</file>
         <name>app_comm.obj</name>
      </input_file>
      <input_file id="fl-28">
         <path>.\phoenixon\app_formation\app\control\</path>
         <kind>object</kind>
         <file>app_ctrl_dcdc.obj</file>
         <name>app_ctrl_dcdc.obj</name>
      </input_file>
      <input_file id="fl-29">
         <path>.\phoenixon\app_formation\app\control\</path>
         <kind>object</kind>
         <file>app_ctrl_power.obj</file>
         <name>app_ctrl_power.obj</name>
      </input_file>
      <input_file id="fl-2a">
         <path>.\phoenixon\app_formation\app\control\</path>
         <kind>object</kind>
         <file>app_pid.obj</file>
         <name>app_pid.obj</name>
      </input_file>
      <input_file id="fl-2b">
         <path>.\phoenixon\app_formation\app\safety\</path>
         <kind>object</kind>
         <file>app_safety.obj</file>
         <name>app_safety.obj</name>
      </input_file>
      <input_file id="fl-2c">
         <path>.\phoenixon\app_formation\app\sense\</path>
         <kind>object</kind>
         <file>app_sense.obj</file>
         <name>app_sense.obj</name>
      </input_file>
      <input_file id="fl-2d">
         <path>.\phoenixon\app_formation\app\test\</path>
         <kind>object</kind>
         <file>app_test.obj</file>
         <name>app_test.obj</name>
      </input_file>
      <input_file id="fl-2e">
         <path>.\phoenixon\app_formation\app\tick\</path>
         <kind>object</kind>
         <file>app_tick.obj</file>
         <name>app_tick.obj</name>
      </input_file>
      <input_file id="fl-2f">
         <path>.\phoenixon\app_formation\bsp\</path>
         <kind>object</kind>
         <file>bsp_ad7606.obj</file>
         <name>bsp_ad7606.obj</name>
      </input_file>
      <input_file id="fl-30">
         <path>.\phoenixon\app_formation\bsp\</path>
         <kind>object</kind>
         <file>bsp_io.obj</file>
         <name>bsp_io.obj</name>
      </input_file>
      <input_file id="fl-31">
         <path>.\phoenixon\app_formation\drv\</path>
         <kind>object</kind>
         <file>drv_adc.obj</file>
         <name>drv_adc.obj</name>
      </input_file>
      <input_file id="fl-32">
         <path>.\phoenixon\app_formation\drv\</path>
         <kind>object</kind>
         <file>drv_can.obj</file>
         <name>drv_can.obj</name>
      </input_file>
      <input_file id="fl-33">
         <path>.\phoenixon\app_formation\drv\</path>
         <kind>object</kind>
         <file>drv_emif.obj</file>
         <name>drv_emif.obj</name>
      </input_file>
      <input_file id="fl-34">
         <path>.\phoenixon\app_formation\drv\</path>
         <kind>object</kind>
         <file>drv_gpio.obj</file>
         <name>drv_gpio.obj</name>
      </input_file>
      <input_file id="fl-35">
         <path>.\phoenixon\app_formation\drv\</path>
         <kind>object</kind>
         <file>drv_pwm.obj</file>
         <name>drv_pwm.obj</name>
      </input_file>
      <input_file id="fl-36">
         <path>.\phoenixon\app_formation\drv\</path>
         <kind>object</kind>
         <file>drv_timer.obj</file>
         <name>drv_timer.obj</name>
      </input_file>
      <input_file id="fl-37">
         <path>.\phoenixon\utils\</path>
         <kind>object</kind>
         <file>ringbuffer.obj</file>
         <name>ringbuffer.obj</name>
      </input_file>
      <input_file id="fl-38">
         <path>.\phoenixon\utils\</path>
         <kind>object</kind>
         <file>util_adc.obj</file>
         <name>util_adc.obj</name>
      </input_file>
      <input_file id="fl-39">
         <path>.\phoenixon\utils\</path>
         <kind>object</kind>
         <file>util_sort.obj</file>
         <name>util_sort.obj</name>
      </input_file>
      <input_file id="fl-4e">
         <kind>object</kind>
         <file>&lt;internal&gt;</file>
         <name>&lt;internal&gt;</name>
      </input_file>
      <input_file id="fl-4f">
         <path>..\dsp\c2000_sdk\v400\f2837xd\libraries\flash_api\f2837xd\lib\</path>
         <kind>archive</kind>
         <file>F021_API_F2837xD_FPU32.lib</file>
         <name>Init.obj</name>
      </input_file>
      <input_file id="fl-53">
         <path>..\dsp\c2000_sdk\v400\f2837xd\device\driverlib\ccs\Debug\</path>
         <kind>archive</kind>
         <file>driverlib_coff.lib</file>
         <name>can.obj</name>
      </input_file>
      <input_file id="fl-54">
         <path>..\dsp\c2000_sdk\v400\f2837xd\device\driverlib\ccs\Debug\</path>
         <kind>archive</kind>
         <file>driverlib_coff.lib</file>
         <name>cputimer.obj</name>
      </input_file>
      <input_file id="fl-55">
         <path>..\dsp\c2000_sdk\v400\f2837xd\device\driverlib\ccs\Debug\</path>
         <kind>archive</kind>
         <file>driverlib_coff.lib</file>
         <name>epwm.obj</name>
      </input_file>
      <input_file id="fl-56">
         <path>..\dsp\c2000_sdk\v400\f2837xd\device\driverlib\ccs\Debug\</path>
         <kind>archive</kind>
         <file>driverlib_coff.lib</file>
         <name>flash.obj</name>
      </input_file>
      <input_file id="fl-57">
         <path>..\dsp\c2000_sdk\v400\f2837xd\device\driverlib\ccs\Debug\</path>
         <kind>archive</kind>
         <file>driverlib_coff.lib</file>
         <name>gpio.obj</name>
      </input_file>
      <input_file id="fl-58">
         <path>..\dsp\c2000_sdk\v400\f2837xd\device\driverlib\ccs\Debug\</path>
         <kind>archive</kind>
         <file>driverlib_coff.lib</file>
         <name>interrupt.obj</name>
      </input_file>
      <input_file id="fl-59">
         <path>..\dsp\c2000_sdk\v400\f2837xd\device\driverlib\ccs\Debug\</path>
         <kind>archive</kind>
         <file>driverlib_coff.lib</file>
         <name>memcfg.obj</name>
      </input_file>
      <input_file id="fl-5a">
         <path>..\dsp\c2000_sdk\v400\f2837xd\device\driverlib\ccs\Debug\</path>
         <kind>archive</kind>
         <file>driverlib_coff.lib</file>
         <name>sci.obj</name>
      </input_file>
      <input_file id="fl-5b">
         <path>..\dsp\c2000_sdk\v400\f2837xd\device\driverlib\ccs\Debug\</path>
         <kind>archive</kind>
         <file>driverlib_coff.lib</file>
         <name>sysctl.obj</name>
      </input_file>
      <input_file id="fl-62">
         <path>..\dsp\c2000_sdk\v400\f2837xd\libraries\calibration\hrpwm\f2837xd\lib\</path>
         <kind>archive</kind>
         <file>SFO_v8_fpu_lib_build_c28_coff.lib</file>
         <name>SFO_v8_fpu_lib_build_c28.obj</name>
      </input_file>
      <input_file id="fl-71">
         <path>C:\ti\ccs1031\ccs\tools\compiler\ti-cgt-c2000_21.6.0.LTS\lib\</path>
         <kind>archive</kind>
         <file>rts2800_fpu32.lib</file>
         <name>printf.c.obj</name>
      </input_file>
      <input_file id="fl-72">
         <path>C:\ti\ccs1031\ccs\tools\compiler\ti-cgt-c2000_21.6.0.LTS\lib\</path>
         <kind>archive</kind>
         <file>rts2800_fpu32.lib</file>
         <name>_printfi.c.obj</name>
      </input_file>
      <input_file id="fl-73">
         <path>C:\ti\ccs1031\ccs\tools\compiler\ti-cgt-c2000_21.6.0.LTS\lib\</path>
         <kind>archive</kind>
         <file>rts2800_fpu32.lib</file>
         <name>fputc.c.obj</name>
      </input_file>
      <input_file id="fl-74">
         <path>C:\ti\ccs1031\ccs\tools\compiler\ti-cgt-c2000_21.6.0.LTS\lib\</path>
         <kind>archive</kind>
         <file>rts2800_fpu32.lib</file>
         <name>fputs.c.obj</name>
      </input_file>
      <input_file id="fl-75">
         <path>C:\ti\ccs1031\ccs\tools\compiler\ti-cgt-c2000_21.6.0.LTS\lib\</path>
         <kind>archive</kind>
         <file>rts2800_fpu32.lib</file>
         <name>_io_perm.c.obj</name>
      </input_file>
      <input_file id="fl-76">
         <path>C:\ti\ccs1031\ccs\tools\compiler\ti-cgt-c2000_21.6.0.LTS\lib\</path>
         <kind>archive</kind>
         <file>rts2800_fpu32.lib</file>
         <name>setvbuf.c.obj</name>
      </input_file>
      <input_file id="fl-77">
         <path>C:\ti\ccs1031\ccs\tools\compiler\ti-cgt-c2000_21.6.0.LTS\lib\</path>
         <kind>archive</kind>
         <file>rts2800_fpu32.lib</file>
         <name>s_frexp.c.obj</name>
      </input_file>
      <input_file id="fl-78">
         <path>C:\ti\ccs1031\ccs\tools\compiler\ti-cgt-c2000_21.6.0.LTS\lib\</path>
         <kind>archive</kind>
         <file>rts2800_fpu32.lib</file>
         <name>s_scalbn.c.obj</name>
      </input_file>
      <input_file id="fl-79">
         <path>C:\ti\ccs1031\ccs\tools\compiler\ti-cgt-c2000_21.6.0.LTS\lib\</path>
         <kind>archive</kind>
         <file>rts2800_fpu32.lib</file>
         <name>e_logf.c.obj</name>
      </input_file>
      <input_file id="fl-7a">
         <path>C:\ti\ccs1031\ccs\tools\compiler\ti-cgt-c2000_21.6.0.LTS\lib\</path>
         <kind>archive</kind>
         <file>rts2800_fpu32.lib</file>
         <name>e_sqrtf.c.obj</name>
      </input_file>
      <input_file id="fl-7b">
         <path>C:\ti\ccs1031\ccs\tools\compiler\ti-cgt-c2000_21.6.0.LTS\lib\</path>
         <kind>archive</kind>
         <file>rts2800_fpu32.lib</file>
         <name>boot28.asm.obj</name>
      </input_file>
      <input_file id="fl-7c">
         <path>C:\ti\ccs1031\ccs\tools\compiler\ti-cgt-c2000_21.6.0.LTS\lib\</path>
         <kind>archive</kind>
         <file>rts2800_fpu32.lib</file>
         <name>fd_add28.asm.obj</name>
      </input_file>
      <input_file id="fl-7d">
         <path>C:\ti\ccs1031\ccs\tools\compiler\ti-cgt-c2000_21.6.0.LTS\lib\</path>
         <kind>archive</kind>
         <file>rts2800_fpu32.lib</file>
         <name>fd_cmp28.asm.obj</name>
      </input_file>
      <input_file id="fl-7e">
         <path>C:\ti\ccs1031\ccs\tools\compiler\ti-cgt-c2000_21.6.0.LTS\lib\</path>
         <kind>archive</kind>
         <file>rts2800_fpu32.lib</file>
         <name>fd_mpy28.asm.obj</name>
      </input_file>
      <input_file id="fl-7f">
         <path>C:\ti\ccs1031\ccs\tools\compiler\ti-cgt-c2000_21.6.0.LTS\lib\</path>
         <kind>archive</kind>
         <file>rts2800_fpu32.lib</file>
         <name>fd_neg28.asm.obj</name>
      </input_file>
      <input_file id="fl-80">
         <path>C:\ti\ccs1031\ccs\tools\compiler\ti-cgt-c2000_21.6.0.LTS\lib\</path>
         <kind>archive</kind>
         <file>rts2800_fpu32.lib</file>
         <name>fd_sub28.asm.obj</name>
      </input_file>
      <input_file id="fl-81">
         <path>C:\ti\ccs1031\ccs\tools\compiler\ti-cgt-c2000_21.6.0.LTS\lib\</path>
         <kind>archive</kind>
         <file>rts2800_fpu32.lib</file>
         <name>fd_toi28.asm.obj</name>
      </input_file>
      <input_file id="fl-82">
         <path>C:\ti\ccs1031\ccs\tools\compiler\ti-cgt-c2000_21.6.0.LTS\lib\</path>
         <kind>archive</kind>
         <file>rts2800_fpu32.lib</file>
         <name>fd_tol28.asm.obj</name>
      </input_file>
      <input_file id="fl-83">
         <path>C:\ti\ccs1031\ccs\tools\compiler\ti-cgt-c2000_21.6.0.LTS\lib\</path>
         <kind>archive</kind>
         <file>rts2800_fpu32.lib</file>
         <name>fs_div28.asm.obj</name>
      </input_file>
      <input_file id="fl-84">
         <path>C:\ti\ccs1031\ccs\tools\compiler\ti-cgt-c2000_21.6.0.LTS\lib\</path>
         <kind>archive</kind>
         <file>rts2800_fpu32.lib</file>
         <name>ll_aox28.asm.obj</name>
      </input_file>
      <input_file id="fl-85">
         <path>C:\ti\ccs1031\ccs\tools\compiler\ti-cgt-c2000_21.6.0.LTS\lib\</path>
         <kind>archive</kind>
         <file>rts2800_fpu32.lib</file>
         <name>ll_cmp28.asm.obj</name>
      </input_file>
      <input_file id="fl-86">
         <path>C:\ti\ccs1031\ccs\tools\compiler\ti-cgt-c2000_21.6.0.LTS\lib\</path>
         <kind>archive</kind>
         <file>rts2800_fpu32.lib</file>
         <name>ll_div28.asm.obj</name>
      </input_file>
      <input_file id="fl-87">
         <path>C:\ti\ccs1031\ccs\tools\compiler\ti-cgt-c2000_21.6.0.LTS\lib\</path>
         <kind>archive</kind>
         <file>rts2800_fpu32.lib</file>
         <name>i_tofd28.asm.obj</name>
      </input_file>
      <input_file id="fl-88">
         <path>C:\ti\ccs1031\ccs\tools\compiler\ti-cgt-c2000_21.6.0.LTS\lib\</path>
         <kind>archive</kind>
         <file>rts2800_fpu32.lib</file>
         <name>l_tofd28.asm.obj</name>
      </input_file>
      <input_file id="fl-89">
         <path>C:\ti\ccs1031\ccs\tools\compiler\ti-cgt-c2000_21.6.0.LTS\lib\</path>
         <kind>archive</kind>
         <file>rts2800_fpu32.lib</file>
         <name>fs_tofdfpu32.asm.obj</name>
      </input_file>
      <input_file id="fl-8a">
         <path>C:\ti\ccs1031\ccs\tools\compiler\ti-cgt-c2000_21.6.0.LTS\lib\</path>
         <kind>archive</kind>
         <file>rts2800_fpu32.lib</file>
         <name>fd_div28.asm.obj</name>
      </input_file>
      <input_file id="fl-8b">
         <path>C:\ti\ccs1031\ccs\tools\compiler\ti-cgt-c2000_21.6.0.LTS\lib\</path>
         <kind>archive</kind>
         <file>rts2800_fpu32.lib</file>
         <name>cpy_tbl.c.obj</name>
      </input_file>
      <input_file id="fl-8c">
         <path>C:\ti\ccs1031\ccs\tools\compiler\ti-cgt-c2000_21.6.0.LTS\lib\</path>
         <kind>archive</kind>
         <file>rts2800_fpu32.lib</file>
         <name>memcpy.c.obj</name>
      </input_file>
      <input_file id="fl-8d">
         <path>C:\ti\ccs1031\ccs\tools\compiler\ti-cgt-c2000_21.6.0.LTS\lib\</path>
         <kind>archive</kind>
         <file>rts2800_fpu32.lib</file>
         <name>pre_init.c.obj</name>
      </input_file>
      <input_file id="fl-8e">
         <path>C:\ti\ccs1031\ccs\tools\compiler\ti-cgt-c2000_21.6.0.LTS\lib\</path>
         <kind>archive</kind>
         <file>rts2800_fpu32.lib</file>
         <name>startup.c.obj</name>
      </input_file>
      <input_file id="fl-8f">
         <path>C:\ti\ccs1031\ccs\tools\compiler\ti-cgt-c2000_21.6.0.LTS\lib\</path>
         <kind>archive</kind>
         <file>rts2800_fpu32.lib</file>
         <name>exit.c.obj</name>
      </input_file>
      <input_file id="fl-90">
         <path>C:\ti\ccs1031\ccs\tools\compiler\ti-cgt-c2000_21.6.0.LTS\lib\</path>
         <kind>archive</kind>
         <file>rts2800_fpu32.lib</file>
         <name>_lock.c.obj</name>
      </input_file>
      <input_file id="fl-91">
         <path>C:\ti\ccs1031\ccs\tools\compiler\ti-cgt-c2000_21.6.0.LTS\lib\</path>
         <kind>archive</kind>
         <file>rts2800_fpu32.lib</file>
         <name>_ltoa.c.obj</name>
      </input_file>
      <input_file id="fl-92">
         <path>C:\ti\ccs1031\ccs\tools\compiler\ti-cgt-c2000_21.6.0.LTS\lib\</path>
         <kind>archive</kind>
         <file>rts2800_fpu32.lib</file>
         <name>args_main.c.obj</name>
      </input_file>
      <input_file id="fl-93">
         <path>C:\ti\ccs1031\ccs\tools\compiler\ti-cgt-c2000_21.6.0.LTS\lib\</path>
         <kind>archive</kind>
         <file>rts2800_fpu32.lib</file>
         <name>atoi.c.obj</name>
      </input_file>
      <input_file id="fl-94">
         <path>C:\ti\ccs1031\ccs\tools\compiler\ti-cgt-c2000_21.6.0.LTS\lib\</path>
         <kind>archive</kind>
         <file>rts2800_fpu32.lib</file>
         <name>ctype.c.obj</name>
      </input_file>
      <input_file id="fl-95">
         <path>C:\ti\ccs1031\ccs\tools\compiler\ti-cgt-c2000_21.6.0.LTS\lib\</path>
         <kind>archive</kind>
         <file>rts2800_fpu32.lib</file>
         <name>defs.c.obj</name>
      </input_file>
      <input_file id="fl-96">
         <path>C:\ti\ccs1031\ccs\tools\compiler\ti-cgt-c2000_21.6.0.LTS\lib\</path>
         <kind>archive</kind>
         <file>rts2800_fpu32.lib</file>
         <name>memccpy.c.obj</name>
      </input_file>
      <input_file id="fl-97">
         <path>C:\ti\ccs1031\ccs\tools\compiler\ti-cgt-c2000_21.6.0.LTS\lib\</path>
         <kind>archive</kind>
         <file>rts2800_fpu32.lib</file>
         <name>memchr.c.obj</name>
      </input_file>
      <input_file id="fl-98">
         <path>C:\ti\ccs1031\ccs\tools\compiler\ti-cgt-c2000_21.6.0.LTS\lib\</path>
         <kind>archive</kind>
         <file>rts2800_fpu32.lib</file>
         <name>memory.c.obj</name>
      </input_file>
      <input_file id="fl-99">
         <path>C:\ti\ccs1031\ccs\tools\compiler\ti-cgt-c2000_21.6.0.LTS\lib\</path>
         <kind>archive</kind>
         <file>rts2800_fpu32.lib</file>
         <name>memset.c.obj</name>
      </input_file>
      <input_file id="fl-9a">
         <path>C:\ti\ccs1031\ccs\tools\compiler\ti-cgt-c2000_21.6.0.LTS\lib\</path>
         <kind>archive</kind>
         <file>rts2800_fpu32.lib</file>
         <name>strchr.c.obj</name>
      </input_file>
      <input_file id="fl-9b">
         <path>C:\ti\ccs1031\ccs\tools\compiler\ti-cgt-c2000_21.6.0.LTS\lib\</path>
         <kind>archive</kind>
         <file>rts2800_fpu32.lib</file>
         <name>strcpy.c.obj</name>
      </input_file>
      <input_file id="fl-9c">
         <path>C:\ti\ccs1031\ccs\tools\compiler\ti-cgt-c2000_21.6.0.LTS\lib\</path>
         <kind>archive</kind>
         <file>rts2800_fpu32.lib</file>
         <name>strlen.c.obj</name>
      </input_file>
      <input_file id="fl-9d">
         <path>C:\ti\ccs1031\ccs\tools\compiler\ti-cgt-c2000_21.6.0.LTS\lib\</path>
         <kind>archive</kind>
         <file>rts2800_fpu32.lib</file>
         <name>write.c.obj</name>
      </input_file>
      <input_file id="fl-9e">
         <path>C:\ti\ccs1031\ccs\tools\compiler\ti-cgt-c2000_21.6.0.LTS\lib\</path>
         <kind>archive</kind>
         <file>rts2800_fpu32.lib</file>
         <name>host_device.c.obj</name>
      </input_file>
      <input_file id="fl-9f">
         <path>C:\ti\ccs1031\ccs\tools\compiler\ti-cgt-c2000_21.6.0.LTS\lib\</path>
         <kind>archive</kind>
         <file>rts2800_fpu32.lib</file>
         <name>errno.c.obj</name>
      </input_file>
      <input_file id="fl-a0">
         <path>C:\ti\ccs1031\ccs\tools\compiler\ti-cgt-c2000_21.6.0.LTS\lib\</path>
         <kind>archive</kind>
         <file>rts2800_fpu32.lib</file>
         <name>wcslen.c.obj</name>
      </input_file>
      <input_file id="fl-a1">
         <path>C:\ti\ccs1031\ccs\tools\compiler\ti-cgt-c2000_21.6.0.LTS\lib\</path>
         <kind>archive</kind>
         <file>rts2800_fpu32.lib</file>
         <name>fflush.c.obj</name>
      </input_file>
      <input_file id="fl-a2">
         <path>C:\ti\ccs1031\ccs\tools\compiler\ti-cgt-c2000_21.6.0.LTS\lib\</path>
         <kind>archive</kind>
         <file>rts2800_fpu32.lib</file>
         <name>fopen.c.obj</name>
      </input_file>
      <input_file id="fl-a3">
         <path>C:\ti\ccs1031\ccs\tools\compiler\ti-cgt-c2000_21.6.0.LTS\lib\</path>
         <kind>archive</kind>
         <file>rts2800_fpu32.lib</file>
         <name>fseek.c.obj</name>
      </input_file>
      <input_file id="fl-a4">
         <path>C:\ti\ccs1031\ccs\tools\compiler\ti-cgt-c2000_21.6.0.LTS\lib\</path>
         <kind>archive</kind>
         <file>rts2800_fpu32.lib</file>
         <name>s_copysign.c.obj</name>
      </input_file>
      <input_file id="fl-a5">
         <path>C:\ti\ccs1031\ccs\tools\compiler\ti-cgt-c2000_21.6.0.LTS\lib\</path>
         <kind>archive</kind>
         <file>rts2800_fpu32.lib</file>
         <name>l_div28.asm.obj</name>
      </input_file>
      <input_file id="fl-a6">
         <path>C:\ti\ccs1031\ccs\tools\compiler\ti-cgt-c2000_21.6.0.LTS\lib\</path>
         <kind>archive</kind>
         <file>rts2800_fpu32.lib</file>
         <name>hostclose.c.obj</name>
      </input_file>
      <input_file id="fl-a7">
         <path>C:\ti\ccs1031\ccs\tools\compiler\ti-cgt-c2000_21.6.0.LTS\lib\</path>
         <kind>archive</kind>
         <file>rts2800_fpu32.lib</file>
         <name>hostlseek.c.obj</name>
      </input_file>
      <input_file id="fl-a8">
         <path>C:\ti\ccs1031\ccs\tools\compiler\ti-cgt-c2000_21.6.0.LTS\lib\</path>
         <kind>archive</kind>
         <file>rts2800_fpu32.lib</file>
         <name>hostopen.c.obj</name>
      </input_file>
      <input_file id="fl-a9">
         <path>C:\ti\ccs1031\ccs\tools\compiler\ti-cgt-c2000_21.6.0.LTS\lib\</path>
         <kind>archive</kind>
         <file>rts2800_fpu32.lib</file>
         <name>hostread.c.obj</name>
      </input_file>
      <input_file id="fl-aa">
         <path>C:\ti\ccs1031\ccs\tools\compiler\ti-cgt-c2000_21.6.0.LTS\lib\</path>
         <kind>archive</kind>
         <file>rts2800_fpu32.lib</file>
         <name>hostrename.c.obj</name>
      </input_file>
      <input_file id="fl-ab">
         <path>C:\ti\ccs1031\ccs\tools\compiler\ti-cgt-c2000_21.6.0.LTS\lib\</path>
         <kind>archive</kind>
         <file>rts2800_fpu32.lib</file>
         <name>hostunlink.c.obj</name>
      </input_file>
      <input_file id="fl-ac">
         <path>C:\ti\ccs1031\ccs\tools\compiler\ti-cgt-c2000_21.6.0.LTS\lib\</path>
         <kind>archive</kind>
         <file>rts2800_fpu32.lib</file>
         <name>hostwrite.c.obj</name>
      </input_file>
      <input_file id="fl-ad">
         <path>C:\ti\ccs1031\ccs\tools\compiler\ti-cgt-c2000_21.6.0.LTS\lib\</path>
         <kind>archive</kind>
         <file>rts2800_fpu32.lib</file>
         <name>trgmsg.c.obj</name>
      </input_file>
      <input_file id="fl-ae">
         <path>C:\ti\ccs1031\ccs\tools\compiler\ti-cgt-c2000_21.6.0.LTS\lib\</path>
         <kind>archive</kind>
         <file>rts2800_fpu32.lib</file>
         <name>open.c.obj</name>
      </input_file>
      <input_file id="fl-af">
         <path>C:\ti\ccs1031\ccs\tools\compiler\ti-cgt-c2000_21.6.0.LTS\lib\</path>
         <kind>archive</kind>
         <file>rts2800_fpu32.lib</file>
         <name>lseek.c.obj</name>
      </input_file>
      <input_file id="fl-b0">
         <path>C:\ti\ccs1031\ccs\tools\compiler\ti-cgt-c2000_21.6.0.LTS\lib\</path>
         <kind>archive</kind>
         <file>rts2800_fpu32.lib</file>
         <name>fclose.c.obj</name>
      </input_file>
      <input_file id="fl-b1">
         <path>C:\ti\ccs1031\ccs\tools\compiler\ti-cgt-c2000_21.6.0.LTS\lib\</path>
         <kind>archive</kind>
         <file>rts2800_fpu32.lib</file>
         <name>getdevice.c.obj</name>
      </input_file>
      <input_file id="fl-b2">
         <path>C:\ti\ccs1031\ccs\tools\compiler\ti-cgt-c2000_21.6.0.LTS\lib\</path>
         <kind>archive</kind>
         <file>rts2800_fpu32.lib</file>
         <name>strcmp.c.obj</name>
      </input_file>
      <input_file id="fl-b3">
         <path>C:\ti\ccs1031\ccs\tools\compiler\ti-cgt-c2000_21.6.0.LTS\lib\</path>
         <kind>archive</kind>
         <file>rts2800_fpu32.lib</file>
         <name>strncpy.c.obj</name>
      </input_file>
      <input_file id="fl-b4">
         <path>C:\ti\ccs1031\ccs\tools\compiler\ti-cgt-c2000_21.6.0.LTS\lib\</path>
         <kind>archive</kind>
         <file>rts2800_fpu32.lib</file>
         <name>remove.c.obj</name>
      </input_file>
      <input_file id="fl-b5">
         <path>C:\ti\ccs1031\ccs\tools\compiler\ti-cgt-c2000_21.6.0.LTS\lib\</path>
         <kind>archive</kind>
         <file>rts2800_fpu32.lib</file>
         <name>close.c.obj</name>
      </input_file>
      <input_file id="fl-b6">
         <path>C:\ti\ccs1031\ccs\tools\compiler\ti-cgt-c2000_21.6.0.LTS\lib\</path>
         <kind>archive</kind>
         <file>rts2800_fpu32.lib</file>
         <name>unlink.c.obj</name>
      </input_file>
   </input_file_list>
   <object_component_list>
      <object_component id="oc-1f9">
         <name>.cinit</name>
         <load_address>0x82000</load_address>
         <run_address>0x82000</run_address>
         <size>0x1bb</size>
         <input_file_ref idref="fl-2c"/>
      </object_component>
      <object_component id="oc-1e4">
         <name>.cinit</name>
         <load_address>0x821bb</load_address>
         <run_address>0x821bb</run_address>
         <size>0x11d</size>
         <input_file_ref idref="fl-29"/>
      </object_component>
      <object_component id="oc-1e0">
         <name>.cinit</name>
         <load_address>0x822d8</load_address>
         <run_address>0x822d8</run_address>
         <size>0xe8</size>
         <input_file_ref idref="fl-28"/>
      </object_component>
      <object_component id="oc-1b9">
         <name>.cinit</name>
         <load_address>0x823c0</load_address>
         <run_address>0x823c0</run_address>
         <size>0x8b</size>
         <input_file_ref idref="fl-23"/>
      </object_component>
      <object_component id="oc-95">
         <name>.cinit</name>
         <load_address>0x8244b</load_address>
         <run_address>0x8244b</run_address>
         <size>0x64</size>
         <input_file_ref idref="fl-2"/>
      </object_component>
      <object_component id="oc-1f1">
         <name>.cinit</name>
         <load_address>0x824af</load_address>
         <run_address>0x824af</run_address>
         <size>0x5c</size>
         <input_file_ref idref="fl-2b"/>
      </object_component>
      <object_component id="oc-1ca">
         <name>.cinit</name>
         <load_address>0x8250b</load_address>
         <run_address>0x8250b</run_address>
         <size>0x55</size>
         <input_file_ref idref="fl-25"/>
      </object_component>
      <object_component id="oc-1c2">
         <name>.cinit</name>
         <load_address>0x82560</load_address>
         <run_address>0x82560</run_address>
         <size>0x47</size>
         <input_file_ref idref="fl-24"/>
      </object_component>
      <object_component id="oc-200">
         <name>.cinit</name>
         <load_address>0x825a7</load_address>
         <run_address>0x825a7</run_address>
         <size>0x32</size>
         <input_file_ref idref="fl-2d"/>
      </object_component>
      <object_component id="oc-1d1">
         <name>.cinit</name>
         <load_address>0x825d9</load_address>
         <run_address>0x825d9</run_address>
         <size>0x27</size>
         <input_file_ref idref="fl-26"/>
      </object_component>
      <object_component id="oc-493">
         <name>.cinit:__ftable</name>
         <load_address>0x82600</load_address>
         <run_address>0x82600</run_address>
         <size>0x26</size>
         <input_file_ref idref="fl-95"/>
      </object_component>
      <object_component id="oc-fc">
         <name>.cinit:_TRIP_SEL</name>
         <load_address>0x82626</load_address>
         <run_address>0x82626</run_address>
         <size>0x21</size>
         <input_file_ref idref="fl-1e"/>
      </object_component>
      <object_component id="oc-460">
         <name>.cinit:_thermal_table</name>
         <load_address>0x82647</load_address>
         <run_address>0x82647</run_address>
         <size>0x21</size>
         <input_file_ref idref="fl-2c"/>
      </object_component>
      <object_component id="oc-475">
         <name>.cinit:_Current_Charge_Scale1</name>
         <load_address>0x82668</load_address>
         <run_address>0x82668</run_address>
         <size>0x1d</size>
         <input_file_ref idref="fl-26"/>
      </object_component>
      <object_component id="oc-477">
         <name>.cinit:_Current_Charge_Scale2</name>
         <load_address>0x82685</load_address>
         <run_address>0x82685</run_address>
         <size>0x1d</size>
         <input_file_ref idref="fl-26"/>
      </object_component>
      <object_component id="oc-479">
         <name>.cinit:_Current_Discharge_Scale1</name>
         <load_address>0x826a2</load_address>
         <run_address>0x826a2</run_address>
         <size>0x1d</size>
         <input_file_ref idref="fl-26"/>
      </object_component>
      <object_component id="oc-47b">
         <name>.cinit:_Current_Discharge_Scale2</name>
         <load_address>0x826bf</load_address>
         <run_address>0x826bf</run_address>
         <size>0x1d</size>
         <input_file_ref idref="fl-26"/>
      </object_component>
      <object_component id="oc-12c">
         <name>.cinit:_EPWM</name>
         <load_address>0x826dc</load_address>
         <run_address>0x826dc</run_address>
         <size>0x1d</size>
         <input_file_ref idref="fl-1e"/>
      </object_component>
      <object_component id="oc-4ca">
         <name>.cinit:__device</name>
         <load_address>0x826f9</load_address>
         <run_address>0x826f9</run_address>
         <size>0x1b</size>
         <input_file_ref idref="fl-9e"/>
      </object_component>
      <object_component id="oc-ec">
         <name>.cinit:_ECAP</name>
         <load_address>0x82714</load_address>
         <run_address>0x82714</run_address>
         <size>0x11</size>
         <input_file_ref idref="fl-1e"/>
      </object_component>
      <object_component id="oc-464">
         <name>.cinit:_Bat_Voltage_ADC</name>
         <load_address>0x82725</load_address>
         <run_address>0x82725</run_address>
         <size>0xf</size>
         <input_file_ref idref="fl-26"/>
      </object_component>
      <object_component id="oc-468">
         <name>.cinit:_Bat_Voltage_verify</name>
         <load_address>0x82734</load_address>
         <run_address>0x82734</run_address>
         <size>0xf</size>
         <input_file_ref idref="fl-26"/>
      </object_component>
      <object_component id="oc-466">
         <name>.cinit:_Out_Voltage_ADC</name>
         <load_address>0x82743</load_address>
         <run_address>0x82743</run_address>
         <size>0xf</size>
         <input_file_ref idref="fl-26"/>
      </object_component>
      <object_component id="oc-208">
         <name>.cinit</name>
         <load_address>0x82752</load_address>
         <run_address>0x82752</run_address>
         <size>0xf</size>
         <input_file_ref idref="fl-2e"/>
      </object_component>
      <object_component id="oc-1ac">
         <name>.cinit</name>
         <load_address>0x82761</load_address>
         <run_address>0x82761</run_address>
         <size>0xf</size>
         <input_file_ref idref="fl-21"/>
      </object_component>
      <object_component id="oc-4b8">
         <name>.cinit:__stream</name>
         <load_address>0x82770</load_address>
         <run_address>0x82770</run_address>
         <size>0xe</size>
         <input_file_ref idref="fl-9e"/>
      </object_component>
      <object_component id="oc-331">
         <name>.cinit</name>
         <load_address>0x8277e</load_address>
         <run_address>0x8277e</run_address>
         <size>0xe</size>
         <input_file_ref idref="fl-8f"/>
      </object_component>
      <object_component id="oc-125">
         <name>.cinit:_ADC</name>
         <load_address>0x8278c</load_address>
         <run_address>0x8278c</run_address>
         <size>0xd</size>
         <input_file_ref idref="fl-1e"/>
      </object_component>
      <object_component id="oc-100">
         <name>.cinit:_EQEP</name>
         <load_address>0x82799</load_address>
         <run_address>0x82799</run_address>
         <size>0xb</size>
         <input_file_ref idref="fl-1e"/>
      </object_component>
      <object_component id="oc-e3">
         <name>.cinit:_SPI</name>
         <load_address>0x827a4</load_address>
         <run_address>0x827a4</run_address>
         <size>0xb</size>
         <input_file_ref idref="fl-1e"/>
      </object_component>
      <object_component id="oc-46f">
         <name>.cinit:_cmd_384V_rly_on</name>
         <load_address>0x827af</load_address>
         <run_address>0x827af</run_address>
         <size>0xb</size>
         <input_file_ref idref="fl-24"/>
      </object_component>
      <object_component id="oc-471">
         <name>.cinit:_cmd_384V_rly_on_complete</name>
         <load_address>0x827ba</load_address>
         <run_address>0x827ba</run_address>
         <size>0xb</size>
         <input_file_ref idref="fl-24"/>
      </object_component>
      <object_component id="oc-473">
         <name>.cinit:_cmd_AA</name>
         <load_address>0x827c5</load_address>
         <run_address>0x827c5</run_address>
         <size>0xb</size>
         <input_file_ref idref="fl-24"/>
      </object_component>
      <object_component id="oc-485">
         <name>.cinit:_cmd_error</name>
         <load_address>0x827d0</load_address>
         <run_address>0x827d0</run_address>
         <size>0xb</size>
         <input_file_ref idref="fl-24"/>
      </object_component>
      <object_component id="oc-46d">
         <name>.cinit:_cmd_none</name>
         <load_address>0x827db</load_address>
         <run_address>0x827db</run_address>
         <size>0xb</size>
         <input_file_ref idref="fl-24"/>
      </object_component>
      <object_component id="oc-120">
         <name>.cinit:_SDFM</name>
         <load_address>0x827e6</load_address>
         <run_address>0x827e6</run_address>
         <size>0x9</size>
         <input_file_ref idref="fl-1e"/>
      </object_component>
      <object_component id="oc-104">
         <name>.cinit:_I2C</name>
         <load_address>0x827ef</load_address>
         <run_address>0x827ef</run_address>
         <size>0x7</size>
         <input_file_ref idref="fl-1e"/>
      </object_component>
      <object_component id="oc-108">
         <name>.cinit:_MCBSP</name>
         <load_address>0x827f6</load_address>
         <run_address>0x827f6</run_address>
         <size>0x7</size>
         <input_file_ref idref="fl-1e"/>
      </object_component>
      <object_component id="oc-de">
         <name>.cinit:_SCI</name>
         <load_address>0x827fd</load_address>
         <run_address>0x827fd</run_address>
         <size>0x7</size>
         <input_file_ref idref="fl-1e"/>
      </object_component>
      <object_component id="oc-418">
         <name>.cinit:__lock</name>
         <load_address>0x82804</load_address>
         <run_address>0x82804</run_address>
         <size>0x5</size>
         <input_file_ref idref="fl-90"/>
      </object_component>
      <object_component id="oc-444">
         <name>.cinit:__unlock</name>
         <load_address>0x82809</load_address>
         <run_address>0x82809</run_address>
         <size>0x5</size>
         <input_file_ref idref="fl-90"/>
      </object_component>
      <object_component id="oc-462">
         <name>.cinit:_battary_t_buf_val</name>
         <load_address>0x8280e</load_address>
         <run_address>0x8280e</run_address>
         <size>0x5</size>
         <input_file_ref idref="fl-2c"/>
      </object_component>
      <object_component id="oc-47d">
         <name>.cinit:_contact_resistance_emavg</name>
         <load_address>0x82813</load_address>
         <run_address>0x82813</run_address>
         <size>0x5</size>
         <input_file_ref idref="fl-2c"/>
      </object_component>
      <object_component id="oc-47f">
         <name>.cinit:_contact_resistance_law</name>
         <load_address>0x82818</load_address>
         <run_address>0x82818</run_address>
         <size>0x5</size>
         <input_file_ref idref="fl-2c"/>
      </object_component>
      <object_component id="oc-410">
         <name>.cinit:_drv_timer0_register</name>
         <load_address>0x8281d</load_address>
         <run_address>0x8281d</run_address>
         <size>0x5</size>
         <input_file_ref idref="fl-36"/>
      </object_component>
      <object_component id="oc-412">
         <name>.cinit:_drv_timer1_register</name>
         <load_address>0x82822</load_address>
         <run_address>0x82822</run_address>
         <size>0x5</size>
         <input_file_ref idref="fl-36"/>
      </object_component>
      <object_component id="oc-414">
         <name>.cinit:_drv_timer2_register</name>
         <load_address>0x82827</load_address>
         <run_address>0x82827</run_address>
         <size>0x5</size>
         <input_file_ref idref="fl-36"/>
      </object_component>
      <object_component id="oc-4a5">
         <name>.cinit:_ePWM</name>
         <load_address>0x8282c</load_address>
         <run_address>0x8282c</run_address>
         <size>0x5</size>
         <input_file_ref idref="fl-35"/>
      </object_component>
      <object_component id="oc-481">
         <name>.cinit:_new_time_alarm$9</name>
         <load_address>0x82831</load_address>
         <run_address>0x82831</run_address>
         <size>0x5</size>
         <input_file_ref idref="fl-2b"/>
      </object_component>
      <object_component id="oc-483">
         <name>.cinit:_old_time_alarm$8</name>
         <load_address>0x82836</load_address>
         <run_address>0x82836</run_address>
         <size>0x5</size>
         <input_file_ref idref="fl-2b"/>
      </object_component>
      <object_component id="oc-46a">
         <name>.cinit:_voltage_array</name>
         <load_address>0x8283b</load_address>
         <run_address>0x8283b</run_address>
         <size>0x5</size>
         <input_file_ref idref="fl-26"/>
      </object_component>
      <object_component id="oc-1d9">
         <name>.cinit</name>
         <load_address>0x82840</load_address>
         <run_address>0x82840</run_address>
         <size>0x5</size>
         <input_file_ref idref="fl-27"/>
      </object_component>
      <object_component id="oc-234">
         <name>.cinit</name>
         <load_address>0x82845</load_address>
         <run_address>0x82845</run_address>
         <size>0x5</size>
         <input_file_ref idref="fl-35"/>
      </object_component>
      <object_component id="oc-23c">
         <name>.cinit</name>
         <load_address>0x8284a</load_address>
         <run_address>0x8284a</run_address>
         <size>0x5</size>
         <input_file_ref idref="fl-36"/>
      </object_component>
      <object_component id="oc-193">
         <name>.cinit</name>
         <load_address>0x8284f</load_address>
         <run_address>0x8284f</run_address>
         <size>0x4</size>
         <input_file_ref idref="fl-1c"/>
      </object_component>
      <object_component id="oc-28d">
         <name>.cinit</name>
         <load_address>0x82853</load_address>
         <run_address>0x82853</run_address>
         <size>0x4</size>
         <input_file_ref idref="fl-62"/>
      </object_component>
      <object_component id="oc-487">
         <name>.cinit:_check_cnt$1</name>
         <load_address>0x82857</load_address>
         <run_address>0x82857</run_address>
         <size>0x4</size>
         <input_file_ref idref="fl-2b"/>
      </object_component>
      <object_component id="oc-489">
         <name>.cinit:_check_cnt$2</name>
         <load_address>0x8285b</load_address>
         <run_address>0x8285b</run_address>
         <size>0x4</size>
         <input_file_ref idref="fl-2b"/>
      </object_component>
      <object_component id="oc-48b">
         <name>.cinit:_check_cnt$3</name>
         <load_address>0x8285f</load_address>
         <run_address>0x8285f</run_address>
         <size>0x4</size>
         <input_file_ref idref="fl-2b"/>
      </object_component>
      <object_component id="oc-48d">
         <name>.cinit:_check_cnt$4</name>
         <load_address>0x82863</load_address>
         <run_address>0x82863</run_address>
         <size>0x4</size>
         <input_file_ref idref="fl-2b"/>
      </object_component>
      <object_component id="oc-48f">
         <name>.cinit:_check_cnt$5</name>
         <load_address>0x82867</load_address>
         <run_address>0x82867</run_address>
         <size>0x4</size>
         <input_file_ref idref="fl-2b"/>
      </object_component>
      <object_component id="oc-34e">
         <name>.cinit</name>
         <load_address>0x8286b</load_address>
         <run_address>0x8286b</run_address>
         <size>0x4</size>
         <input_file_ref idref="fl-95"/>
      </object_component>
      <object_component id="oc-37f">
         <name>.cinit</name>
         <load_address>0x8286f</load_address>
         <run_address>0x8286f</run_address>
         <size>0x4</size>
         <input_file_ref idref="fl-9f"/>
      </object_component>
      <object_component id="oc-38d">
         <name>.cinit</name>
         <load_address>0x82873</load_address>
         <run_address>0x82873</run_address>
         <size>0x4</size>
         <input_file_ref idref="fl-a2"/>
      </object_component>
      <object_component id="oc-35c">
         <name>.cinit</name>
         <load_address>0x82877</load_address>
         <run_address>0x82877</run_address>
         <size>0x4</size>
         <input_file_ref idref="fl-98"/>
      </object_component>
      <object_component id="oc-3cc">
         <name>.cinit</name>
         <load_address>0x8287b</load_address>
         <run_address>0x8287b</run_address>
         <size>0x4</size>
         <input_file_ref idref="fl-ae"/>
      </object_component>
      <object_component id="oc-435">
         <name>.text</name>
         <load_address>0x82888</load_address>
         <run_address>0x82888</run_address>
         <size>0x81d</size>
         <input_file_ref idref="fl-35"/>
      </object_component>
      <object_component id="oc-3fc">
         <name>.text</name>
         <load_address>0x830a5</load_address>
         <run_address>0x830a5</run_address>
         <size>0x1</size>
         <input_file_ref idref="fl-8e"/>
      </object_component>
      <object_component id="oc-4b0">
         <name>.text</name>
         <load_address>0x830a6</load_address>
         <run_address>0x830a6</run_address>
         <size>0x6da</size>
         <input_file_ref idref="fl-72"/>
      </object_component>
      <object_component id="oc-458">
         <name>.text</name>
         <load_address>0x83780</load_address>
         <run_address>0x83780</run_address>
         <size>0x68d</size>
         <input_file_ref idref="fl-29"/>
      </object_component>
      <object_component id="oc-40e">
         <name>.text</name>
         <load_address>0x83e0d</load_address>
         <run_address>0x83e0d</run_address>
         <size>0x1bd</size>
         <input_file_ref idref="fl-36"/>
      </object_component>
      <object_component id="oc-422">
         <name>.text:_Interrupt_enable</name>
         <load_address>0x83fca</load_address>
         <run_address>0x83fca</run_address>
         <size>0x34</size>
         <input_file_ref idref="fl-58"/>
      </object_component>
      <object_component id="oc-457">
         <name>.text:_Interrupt_illegalOperationHandler</name>
         <load_address>0x83ffe</load_address>
         <run_address>0x83ffe</run_address>
         <size>0x2</size>
         <input_file_ref idref="fl-58"/>
      </object_component>
      <object_component id="oc-43c">
         <name>.text</name>
         <load_address>0x84000</load_address>
         <run_address>0x84000</run_address>
         <size>0x62b</size>
         <input_file_ref idref="fl-24"/>
      </object_component>
      <object_component id="oc-495">
         <name>.text:__TI_printfi</name>
         <load_address>0x8462b</load_address>
         <run_address>0x8462b</run_address>
         <size>0x60a</size>
         <input_file_ref idref="fl-72"/>
      </object_component>
      <object_component id="oc-ae">
         <name>.text:retain</name>
         <load_address>0x84c35</load_address>
         <run_address>0x84c35</run_address>
         <size>0x585</size>
         <input_file_ref idref="fl-6"/>
      </object_component>
      <object_component id="oc-43a">
         <name>.text</name>
         <load_address>0x851ba</load_address>
         <run_address>0x851ba</run_address>
         <size>0x4c5</size>
         <input_file_ref idref="fl-2c"/>
      </object_component>
      <object_component id="oc-42e">
         <name>.text</name>
         <load_address>0x8567f</load_address>
         <run_address>0x8567f</run_address>
         <size>0x4b4</size>
         <input_file_ref idref="fl-18"/>
      </object_component>
      <object_component id="oc-434">
         <name>.text</name>
         <load_address>0x85b33</load_address>
         <run_address>0x85b33</run_address>
         <size>0x430</size>
         <input_file_ref idref="fl-31"/>
      </object_component>
      <object_component id="oc-2d1">
         <name>.text</name>
         <load_address>0x85f63</load_address>
         <run_address>0x85f63</run_address>
         <size>0x9c</size>
         <input_file_ref idref="fl-7c"/>
      </object_component>
      <object_component id="oc-419">
         <name>.text</name>
         <load_address>0x86b58</load_address>
         <run_address>0x86b58</run_address>
         <size>0x3fb</size>
         <input_file_ref idref="fl-21"/>
      </object_component>
      <object_component id="oc-409">
         <name>.text</name>
         <load_address>0x86f53</load_address>
         <run_address>0x86f53</run_address>
         <size>0x367</size>
         <input_file_ref idref="fl-23"/>
      </object_component>
      <object_component id="oc-43b">
         <name>.text</name>
         <load_address>0x872ba</load_address>
         <run_address>0x872ba</run_address>
         <size>0x2d9</size>
         <input_file_ref idref="fl-26"/>
      </object_component>
      <object_component id="oc-43f">
         <name>.text</name>
         <load_address>0x87593</load_address>
         <run_address>0x87593</run_address>
         <size>0x2b0</size>
         <input_file_ref idref="fl-2b"/>
      </object_component>
      <object_component id="oc-40b">
         <name>.text</name>
         <load_address>0x87843</load_address>
         <run_address>0x87843</run_address>
         <size>0x29a</size>
         <input_file_ref idref="fl-32"/>
      </object_component>
      <object_component id="oc-4c7">
         <name>.text</name>
         <load_address>0x87add</load_address>
         <run_address>0x87add</run_address>
         <size>0x28c</size>
         <input_file_ref idref="fl-98"/>
      </object_component>
      <object_component id="oc-454">
         <name>.text</name>
         <load_address>0x87d69</load_address>
         <run_address>0x87d69</run_address>
         <size>0x244</size>
         <input_file_ref idref="fl-d"/>
      </object_component>
      <object_component id="oc-490">
         <name>.text</name>
         <load_address>0x87fad</load_address>
         <run_address>0x87fad</run_address>
         <size>0x53</size>
         <input_file_ref idref="fl-73"/>
      </object_component>
      <object_component id="oc-447">
         <name>.text:_SysCtl_setClock</name>
         <load_address>0x88000</load_address>
         <run_address>0x88000</run_address>
         <size>0x207</size>
         <input_file_ref idref="fl-5b"/>
      </object_component>
      <object_component id="oc-436">
         <name>.text</name>
         <load_address>0x88207</load_address>
         <run_address>0x88207</run_address>
         <size>0x1f4</size>
         <input_file_ref idref="fl-30"/>
      </object_component>
      <object_component id="oc-459">
         <name>.text</name>
         <load_address>0x883fb</load_address>
         <run_address>0x883fb</run_address>
         <size>0x1b1</size>
         <input_file_ref idref="fl-62"/>
      </object_component>
      <object_component id="oc-433">
         <name>.text</name>
         <load_address>0x885ac</load_address>
         <run_address>0x885ac</run_address>
         <size>0x198</size>
         <input_file_ref idref="fl-33"/>
      </object_component>
      <object_component id="oc-416">
         <name>.text</name>
         <load_address>0x88744</load_address>
         <run_address>0x88744</run_address>
         <size>0x16d</size>
         <input_file_ref idref="fl-2"/>
      </object_component>
      <object_component id="oc-45b">
         <name>.text</name>
         <load_address>0x888b1</load_address>
         <run_address>0x888b1</run_address>
         <size>0x12b</size>
         <input_file_ref idref="fl-79"/>
      </object_component>
      <object_component id="oc-437">
         <name>.text</name>
         <load_address>0x889dc</load_address>
         <run_address>0x889dc</run_address>
         <size>0x12a</size>
         <input_file_ref idref="fl-2f"/>
      </object_component>
      <object_component id="oc-4c8">
         <name>.text</name>
         <load_address>0x88b06</load_address>
         <run_address>0x88b06</run_address>
         <size>0x121</size>
         <input_file_ref idref="fl-a2"/>
      </object_component>
      <object_component id="oc-303">
         <name>.text</name>
         <load_address>0x88c27</load_address>
         <run_address>0x88c27</run_address>
         <size>0x107</size>
         <input_file_ref idref="fl-86"/>
      </object_component>
      <object_component id="oc-42a">
         <name>.text:_CAN_setupMessageObject</name>
         <load_address>0x88d2e</load_address>
         <run_address>0x88d2e</run_address>
         <size>0xe3</size>
         <input_file_ref idref="fl-53"/>
      </object_component>
      <object_component id="oc-4bc">
         <name>.text</name>
         <load_address>0x88e11</load_address>
         <run_address>0x88e11</run_address>
         <size>0xae</size>
         <input_file_ref idref="fl-78"/>
      </object_component>
      <object_component id="oc-491">
         <name>.text</name>
         <load_address>0x88ebf</load_address>
         <run_address>0x88ebf</run_address>
         <size>0xa8</size>
         <input_file_ref idref="fl-74"/>
      </object_component>
      <object_component id="oc-4dc">
         <name>.text</name>
         <load_address>0x88f68</load_address>
         <run_address>0x88f68</run_address>
         <size>0x95</size>
         <input_file_ref idref="fl-ad"/>
      </object_component>
      <object_component id="oc-317">
         <name>.text</name>
         <load_address>0x88ffd</load_address>
         <run_address>0x88ffd</run_address>
         <size>0x8b</size>
         <input_file_ref idref="fl-8a"/>
      </object_component>
      <object_component id="oc-2f4">
         <name>.text</name>
         <load_address>0x89088</load_address>
         <run_address>0x89088</run_address>
         <size>0x88</size>
         <input_file_ref idref="fl-83"/>
      </object_component>
      <object_component id="oc-2db">
         <name>.text</name>
         <load_address>0x89110</load_address>
         <run_address>0x89110</run_address>
         <size>0x83</size>
         <input_file_ref idref="fl-7e"/>
      </object_component>
      <object_component id="oc-4b6">
         <name>.text</name>
         <load_address>0x89193</load_address>
         <run_address>0x89193</run_address>
         <size>0x7d</size>
         <input_file_ref idref="fl-76"/>
      </object_component>
      <object_component id="oc-4a8">
         <name>.text:_CAN_sendMessage</name>
         <load_address>0x89210</load_address>
         <run_address>0x89210</run_address>
         <size>0x7b</size>
         <input_file_ref idref="fl-53"/>
      </object_component>
      <object_component id="oc-4aa">
         <name>.text</name>
         <load_address>0x8928b</load_address>
         <run_address>0x8928b</run_address>
         <size>0x73</size>
         <input_file_ref idref="fl-a1"/>
      </object_component>
      <object_component id="oc-4ce">
         <name>.text</name>
         <load_address>0x892fe</load_address>
         <run_address>0x892fe</run_address>
         <size>0x71</size>
         <input_file_ref idref="fl-ae"/>
      </object_component>
      <object_component id="oc-40c">
         <name>.text:_CAN_readMessage</name>
         <load_address>0x8936f</load_address>
         <run_address>0x8936f</run_address>
         <size>0x70</size>
         <input_file_ref idref="fl-53"/>
      </object_component>
      <object_component id="oc-4b3">
         <name>.text:_SysCtl_selectXTAL</name>
         <load_address>0x893df</load_address>
         <run_address>0x893df</run_address>
         <size>0x6b</size>
         <input_file_ref idref="fl-5b"/>
      </object_component>
      <object_component id="oc-451">
         <name>.text:_CAN_setBitTiming</name>
         <load_address>0x8944a</load_address>
         <run_address>0x8944a</run_address>
         <size>0x6a</size>
         <input_file_ref idref="fl-53"/>
      </object_component>
      <object_component id="oc-446">
         <name>.text:_SysCtl_getDeviceParametric</name>
         <load_address>0x894b4</load_address>
         <run_address>0x894b4</run_address>
         <size>0x68</size>
         <input_file_ref idref="fl-5b"/>
      </object_component>
      <object_component id="oc-4a9">
         <name>.text</name>
         <load_address>0x8951c</load_address>
         <run_address>0x8951c</run_address>
         <size>0x67</size>
         <input_file_ref idref="fl-75"/>
      </object_component>
      <object_component id="oc-429">
         <name>.text:_CAN_setBitRate</name>
         <load_address>0x89583</load_address>
         <run_address>0x89583</run_address>
         <size>0x61</size>
         <input_file_ref idref="fl-53"/>
      </object_component>
      <object_component id="oc-439">
         <name>.text</name>
         <load_address>0x895e4</load_address>
         <run_address>0x895e4</run_address>
         <size>0x61</size>
         <input_file_ref idref="fl-25"/>
      </object_component>
      <object_component id="oc-4cf">
         <name>.text</name>
         <load_address>0x89645</load_address>
         <run_address>0x89645</run_address>
         <size>0x5d</size>
         <input_file_ref idref="fl-b0"/>
      </object_component>
      <object_component id="oc-4d4">
         <name>.text</name>
         <load_address>0x896a2</load_address>
         <run_address>0x896a2</run_address>
         <size>0x5b</size>
         <input_file_ref idref="fl-a7"/>
      </object_component>
      <object_component id="oc-4bb">
         <name>.text</name>
         <load_address>0x896fd</load_address>
         <run_address>0x896fd</run_address>
         <size>0x5a</size>
         <input_file_ref idref="fl-77"/>
      </object_component>
      <object_component id="oc-93">
         <name>.text</name>
         <load_address>0x89757</load_address>
         <run_address>0x89757</run_address>
         <size>0x56</size>
         <input_file_ref idref="fl-7b"/>
      </object_component>
      <object_component id="oc-4a2">
         <name>.text:_SysCtl_selectOscSource</name>
         <load_address>0x897ad</load_address>
         <run_address>0x897ad</run_address>
         <size>0x54</size>
         <input_file_ref idref="fl-5b"/>
      </object_component>
      <object_component id="oc-41d">
         <name>.text:_GPIO_setPadConfig</name>
         <load_address>0x89801</load_address>
         <run_address>0x89801</run_address>
         <size>0x52</size>
         <input_file_ref idref="fl-57"/>
      </object_component>
      <object_component id="oc-448">
         <name>.text:_SysCtl_getClock</name>
         <load_address>0x89853</load_address>
         <run_address>0x89853</run_address>
         <size>0x51</size>
         <input_file_ref idref="fl-5b"/>
      </object_component>
      <object_component id="oc-4d7">
         <name>.text</name>
         <load_address>0x898a4</load_address>
         <run_address>0x898a4</run_address>
         <size>0x51</size>
         <input_file_ref idref="fl-b1"/>
      </object_component>
      <object_component id="oc-425">
         <name>.text</name>
         <load_address>0x898f5</load_address>
         <run_address>0x898f5</run_address>
         <size>0x4a</size>
         <input_file_ref idref="fl-34"/>
      </object_component>
      <object_component id="oc-40d">
         <name>.text:_CAN_clearInterruptStatus</name>
         <load_address>0x8993f</load_address>
         <run_address>0x8993f</run_address>
         <size>0x49</size>
         <input_file_ref idref="fl-53"/>
      </object_component>
      <object_component id="oc-4a7">
         <name>.text:_EPWM_isBaseValid</name>
         <load_address>0x89988</load_address>
         <run_address>0x89988</run_address>
         <size>0x47</size>
         <input_file_ref idref="fl-55"/>
      </object_component>
      <object_component id="oc-40a">
         <name>.text:_SCI_clearInterruptStatus</name>
         <load_address>0x899cf</load_address>
         <run_address>0x899cf</run_address>
         <size>0x46</size>
         <input_file_ref idref="fl-5a"/>
      </object_component>
      <object_component id="oc-421">
         <name>.text:_SCI_disableInterrupt</name>
         <load_address>0x89a15</load_address>
         <run_address>0x89a15</run_address>
         <size>0x46</size>
         <input_file_ref idref="fl-5a"/>
      </object_component>
      <object_component id="oc-420">
         <name>.text:_SCI_enableInterrupt</name>
         <load_address>0x89a5b</load_address>
         <run_address>0x89a5b</run_address>
         <size>0x44</size>
         <input_file_ref idref="fl-5a"/>
      </object_component>
      <object_component id="oc-41f">
         <name>.text:_SCI_setConfig</name>
         <load_address>0x89a9f</load_address>
         <run_address>0x89a9f</run_address>
         <size>0x3e</size>
         <input_file_ref idref="fl-5a"/>
      </object_component>
      <object_component id="oc-4d6">
         <name>.text</name>
         <load_address>0x89add</load_address>
         <run_address>0x89add</run_address>
         <size>0x3e</size>
         <input_file_ref idref="fl-aa"/>
      </object_component>
      <object_component id="oc-42f">
         <name>.text:_Interrupt_initModule</name>
         <load_address>0x89b1b</load_address>
         <run_address>0x89b1b</run_address>
         <size>0x3d</size>
         <input_file_ref idref="fl-58"/>
      </object_component>
      <object_component id="oc-4b5">
         <name>.text</name>
         <load_address>0x89b58</load_address>
         <run_address>0x89b58</run_address>
         <size>0x3d</size>
         <input_file_ref idref="fl-a3"/>
      </object_component>
      <object_component id="oc-44f">
         <name>.text:_GPIO_setQualificationPeriod</name>
         <load_address>0x89b95</load_address>
         <run_address>0x89b95</run_address>
         <size>0x3c</size>
         <input_file_ref idref="fl-57"/>
      </object_component>
      <object_component id="oc-4d0">
         <name>.text</name>
         <load_address>0x89bd1</load_address>
         <run_address>0x89bd1</run_address>
         <size>0x3c</size>
         <input_file_ref idref="fl-a8"/>
      </object_component>
      <object_component id="oc-4d3">
         <name>.text</name>
         <load_address>0x89c0d</load_address>
         <run_address>0x89c0d</run_address>
         <size>0x39</size>
         <input_file_ref idref="fl-ac"/>
      </object_component>
      <object_component id="oc-41a">
         <name>.text:_GPIO_setMasterCore</name>
         <load_address>0x89c46</load_address>
         <run_address>0x89c46</run_address>
         <size>0x38</size>
         <input_file_ref idref="fl-57"/>
      </object_component>
      <object_component id="oc-41e">
         <name>.text:_GPIO_setQualificationMode</name>
         <load_address>0x89c7e</load_address>
         <run_address>0x89c7e</run_address>
         <size>0x38</size>
         <input_file_ref idref="fl-57"/>
      </object_component>
      <object_component id="oc-4d2">
         <name>.text</name>
         <load_address>0x89cb6</load_address>
         <run_address>0x89cb6</run_address>
         <size>0x38</size>
         <input_file_ref idref="fl-a9"/>
      </object_component>
      <object_component id="oc-41b">
         <name>.text:_GPIO_setPinConfig</name>
         <load_address>0x89cee</load_address>
         <run_address>0x89cee</run_address>
         <size>0x37</size>
         <input_file_ref idref="fl-57"/>
      </object_component>
      <object_component id="oc-440">
         <name>.text</name>
         <load_address>0x89d25</load_address>
         <run_address>0x89d25</run_address>
         <size>0x34</size>
         <input_file_ref idref="fl-71"/>
      </object_component>
      <object_component id="oc-4d8">
         <name>.text</name>
         <load_address>0x89d59</load_address>
         <run_address>0x89d59</run_address>
         <size>0x33</size>
         <input_file_ref idref="fl-b5"/>
      </object_component>
      <object_component id="oc-41c">
         <name>.text:_GPIO_setDirectionMode</name>
         <load_address>0x89d8c</load_address>
         <run_address>0x89d8c</run_address>
         <size>0x31</size>
         <input_file_ref idref="fl-57"/>
      </object_component>
      <object_component id="oc-4ae">
         <name>.text</name>
         <load_address>0x89dbd</load_address>
         <run_address>0x89dbd</run_address>
         <size>0x31</size>
         <input_file_ref idref="fl-93"/>
      </object_component>
      <object_component id="oc-4ba">
         <name>.text</name>
         <load_address>0x89dee</load_address>
         <run_address>0x89dee</run_address>
         <size>0x30</size>
         <input_file_ref idref="fl-91"/>
      </object_component>
      <object_component id="oc-223">
         <name>.text:retain</name>
         <load_address>0x89e1e</load_address>
         <run_address>0x89e1e</run_address>
         <size>0x2e</size>
         <input_file_ref idref="fl-32"/>
      </object_component>
      <object_component id="oc-2d6">
         <name>.text</name>
         <load_address>0x89e4c</load_address>
         <run_address>0x89e4c</run_address>
         <size>0x2a</size>
         <input_file_ref idref="fl-7d"/>
      </object_component>
      <object_component id="oc-39d">
         <name>.text</name>
         <load_address>0x89e76</load_address>
         <run_address>0x89e76</run_address>
         <size>0x2a</size>
         <input_file_ref idref="fl-a5"/>
      </object_component>
      <object_component id="oc-3fe">
         <name>.text</name>
         <load_address>0x89ea0</load_address>
         <run_address>0x89ea0</run_address>
         <size>0x29</size>
         <input_file_ref idref="fl-8f"/>
      </object_component>
      <object_component id="oc-4d1">
         <name>.text</name>
         <load_address>0x89ec9</load_address>
         <run_address>0x89ec9</run_address>
         <size>0x29</size>
         <input_file_ref idref="fl-a6"/>
      </object_component>
      <object_component id="oc-498">
         <name>.text:_Flash_setBankPowerUpDelay</name>
         <load_address>0x89ef2</load_address>
         <run_address>0x89ef2</run_address>
         <size>0x28</size>
         <input_file_ref idref="fl-56"/>
      </object_component>
      <object_component id="oc-438">
         <name>.text:_MemCfg_setGSRAMMasterSel</name>
         <load_address>0x89f1a</load_address>
         <run_address>0x89f1a</run_address>
         <size>0x27</size>
         <input_file_ref idref="fl-59"/>
      </object_component>
      <object_component id="oc-45e">
         <name>.text</name>
         <load_address>0x89f42</load_address>
         <run_address>0x89f42</run_address>
         <size>0x27</size>
         <input_file_ref idref="fl-7a"/>
      </object_component>
      <object_component id="oc-4cb">
         <name>.text</name>
         <load_address>0x89f69</load_address>
         <run_address>0x89f69</run_address>
         <size>0x25</size>
         <input_file_ref idref="fl-a4"/>
      </object_component>
      <object_component id="oc-4c1">
         <name>.text:_CPUTimer_selectClockSource</name>
         <load_address>0x89f8e</load_address>
         <run_address>0x89f8e</run_address>
         <size>0x24</size>
         <input_file_ref idref="fl-5b"/>
      </object_component>
      <object_component id="oc-3fb">
         <name>.text</name>
         <load_address>0x89fb2</load_address>
         <run_address>0x89fb2</run_address>
         <size>0x24</size>
         <input_file_ref idref="fl-8b"/>
      </object_component>
      <object_component id="oc-4d5">
         <name>.text</name>
         <load_address>0x89fd6</load_address>
         <run_address>0x89fd6</run_address>
         <size>0x24</size>
         <input_file_ref idref="fl-ab"/>
      </object_component>
      <object_component id="oc-4b4">
         <name>.text:_CAN_writeDataReg</name>
         <load_address>0x89ffa</load_address>
         <run_address>0x89ffa</run_address>
         <size>0x23</size>
         <input_file_ref idref="fl-53"/>
      </object_component>
      <object_component id="oc-2ea">
         <name>.text</name>
         <load_address>0x8a01d</load_address>
         <run_address>0x8a01d</run_address>
         <size>0x21</size>
         <input_file_ref idref="fl-81"/>
      </object_component>
      <object_component id="oc-4cd">
         <name>.text:_CPUTimer_getTimerOverflowStatus</name>
         <load_address>0x8a03e</load_address>
         <run_address>0x8a03e</run_address>
         <size>0x20</size>
         <input_file_ref idref="fl-5b"/>
      </object_component>
      <object_component id="oc-423">
         <name>.text:_SCI_isBaseValid</name>
         <load_address>0x8a05e</load_address>
         <run_address>0x8a05e</run_address>
         <size>0x1f</size>
         <input_file_ref idref="fl-5a"/>
      </object_component>
      <object_component id="oc-2ef">
         <name>.text</name>
         <load_address>0x8a07d</load_address>
         <run_address>0x8a07d</run_address>
         <size>0x1f</size>
         <input_file_ref idref="fl-82"/>
      </object_component>
      <object_component id="oc-430">
         <name>.text:_Interrupt_initVectorTable</name>
         <load_address>0x8a09c</load_address>
         <run_address>0x8a09c</run_address>
         <size>0x1e</size>
         <input_file_ref idref="fl-58"/>
      </object_component>
      <object_component id="oc-2fe">
         <name>.text</name>
         <load_address>0x8a0ba</load_address>
         <run_address>0x8a0ba</run_address>
         <size>0x1e</size>
         <input_file_ref idref="fl-85"/>
      </object_component>
      <object_component id="oc-308">
         <name>.text</name>
         <load_address>0x8a0d8</load_address>
         <run_address>0x8a0d8</run_address>
         <size>0x1d</size>
         <input_file_ref idref="fl-87"/>
      </object_component>
      <object_component id="oc-415">
         <name>.text</name>
         <load_address>0x8a0f5</load_address>
         <run_address>0x8a0f5</run_address>
         <size>0x1d</size>
         <input_file_ref idref="fl-8c"/>
      </object_component>
      <object_component id="oc-428">
         <name>.text:_CAN_initModule</name>
         <load_address>0x8a112</load_address>
         <run_address>0x8a112</run_address>
         <size>0x1c</size>
         <input_file_ref idref="fl-53"/>
      </object_component>
      <object_component id="oc-312">
         <name>.text</name>
         <load_address>0x8a12e</load_address>
         <run_address>0x8a12e</run_address>
         <size>0x1c</size>
         <input_file_ref idref="fl-89"/>
      </object_component>
      <object_component id="oc-30d">
         <name>.text</name>
         <load_address>0x8a14a</load_address>
         <run_address>0x8a14a</run_address>
         <size>0x1c</size>
         <input_file_ref idref="fl-88"/>
      </object_component>
      <object_component id="oc-450">
         <name>.text:_CAN_initRAM</name>
         <load_address>0x8a166</load_address>
         <run_address>0x8a166</run_address>
         <size>0x1b</size>
         <input_file_ref idref="fl-53"/>
      </object_component>
      <object_component id="oc-42c">
         <name>.text:_CAN_readDataReg</name>
         <load_address>0x8a181</load_address>
         <run_address>0x8a181</run_address>
         <size>0x1b</size>
         <input_file_ref idref="fl-53"/>
      </object_component>
      <object_component id="oc-4c3">
         <name>.text:_CPUTimer_startTimer</name>
         <load_address>0x8a19c</load_address>
         <run_address>0x8a19c</run_address>
         <size>0x1b</size>
         <input_file_ref idref="fl-5b"/>
      </object_component>
      <object_component id="oc-452">
         <name>.text:_CPUTimer_isBaseValid</name>
         <load_address>0x8a1b7</load_address>
         <run_address>0x8a1b7</run_address>
         <size>0x1a</size>
         <input_file_ref idref="fl-54"/>
      </object_component>
      <object_component id="oc-4cc">
         <name>.text:_CPUTimer_isBaseValid</name>
         <load_address>0x8a1d1</load_address>
         <run_address>0x8a1d1</run_address>
         <size>0x1a</size>
         <input_file_ref idref="fl-5b"/>
      </object_component>
      <object_component id="oc-449">
         <name>.text:_SysCtl_getLowSpeedClock</name>
         <load_address>0x8a1eb</load_address>
         <run_address>0x8a1eb</run_address>
         <size>0x1a</size>
         <input_file_ref idref="fl-5b"/>
      </object_component>
      <object_component id="oc-44b">
         <name>.text:_SCI_disableModule</name>
         <load_address>0x8a205</load_address>
         <run_address>0x8a205</run_address>
         <size>0x19</size>
         <input_file_ref idref="fl-5a"/>
      </object_component>
      <object_component id="oc-424">
         <name>.text:_SCI_performSoftwareReset</name>
         <load_address>0x8a21e</load_address>
         <run_address>0x8a21e</run_address>
         <size>0x19</size>
         <input_file_ref idref="fl-5a"/>
      </object_component>
      <object_component id="oc-4c4">
         <name>.text:_SysCtl_pollCpuTimer</name>
         <load_address>0x8a237</load_address>
         <run_address>0x8a237</run_address>
         <size>0x19</size>
         <input_file_ref idref="fl-5b"/>
      </object_component>
      <object_component id="oc-4df">
         <name>.text</name>
         <load_address>0x8a250</load_address>
         <run_address>0x8a250</run_address>
         <size>0x19</size>
         <input_file_ref idref="fl-b6"/>
      </object_component>
      <object_component id="oc-4ab">
         <name>.text</name>
         <load_address>0x8a269</load_address>
         <run_address>0x8a269</run_address>
         <size>0x19</size>
         <input_file_ref idref="fl-9d"/>
      </object_component>
      <object_component id="oc-2f9">
         <name>.text</name>
         <load_address>0x8a282</load_address>
         <run_address>0x8a282</run_address>
         <size>0x18</size>
         <input_file_ref idref="fl-84"/>
      </object_component>
      <object_component id="oc-4c6">
         <name>.text</name>
         <load_address>0x8a29a</load_address>
         <run_address>0x8a29a</run_address>
         <size>0x18</size>
         <input_file_ref idref="fl-af"/>
      </object_component>
      <object_component id="oc-45a">
         <name>.text:_EPWM_setEmulationMode</name>
         <load_address>0x8a2b2</load_address>
         <run_address>0x8a2b2</run_address>
         <size>0x16</size>
         <input_file_ref idref="fl-55"/>
      </object_component>
      <object_component id="oc-42b">
         <name>.text:_CAN_isBaseValid</name>
         <load_address>0x8a2c8</load_address>
         <run_address>0x8a2c8</run_address>
         <size>0x15</size>
         <input_file_ref idref="fl-53"/>
      </object_component>
      <object_component id="oc-4de">
         <name>.text</name>
         <load_address>0x8a2dd</load_address>
         <run_address>0x8a2dd</run_address>
         <size>0x15</size>
         <input_file_ref idref="fl-b3"/>
      </object_component>
      <object_component id="oc-4bf">
         <name>.text:_CPUTimer_stopTimer</name>
         <load_address>0x8a2f2</load_address>
         <run_address>0x8a2f2</run_address>
         <size>0x14</size>
         <input_file_ref idref="fl-5b"/>
      </object_component>
      <object_component id="oc-44c">
         <name>.text:_SCI_enableModule</name>
         <load_address>0x8a306</load_address>
[...]
         <value>0x8b4f</value>
         <object_component_ref idref="oc-286"/>
      </symbol>
      <symbol id="sm-fe5">
         <name>_SysCtl_selectOscSource</name>
         <value>0x897ad</value>
         <object_component_ref idref="oc-4a2"/>
      </symbol>
      <symbol id="sm-fe7">
         <name>_SysCtl_setClock</name>
         <value>0x88000</value>
         <object_component_ref idref="oc-447"/>
      </symbol>
      <symbol id="sm-fe9">
         <name>_SysCtl_getLowSpeedClock</name>
         <value>0x8a1eb</value>
         <object_component_ref idref="oc-449"/>
      </symbol>
      <symbol id="sm-feb">
         <name>_SysCtl_getClock</name>
         <value>0x89853</value>
         <object_component_ref idref="oc-448"/>
      </symbol>
      <symbol id="sm-fed">
         <name>_SysCtl_getDeviceParametric</name>
         <value>0x894b4</value>
         <object_component_ref idref="oc-446"/>
      </symbol>
      <symbol id="sm-1015">
         <name>_SFO_CAL</name>
         <value>0xf5fa</value>
         <object_component_ref idref="oc-28e"/>
      </symbol>
      <symbol id="sm-1016">
         <name>_MEP_SF</name>
         <value>0xf654</value>
         <object_component_ref idref="oc-4a6"/>
      </symbol>
      <symbol id="sm-1017">
         <name>_SFO</name>
         <value>0x883fb</value>
         <object_component_ref idref="oc-459"/>
      </symbol>
      <symbol id="sm-1027">
         <name>_printf</name>
         <value>0x89d2b</value>
         <object_component_ref idref="oc-440"/>
      </symbol>
      <symbol id="sm-118b">
         <name>___TI_printfi</name>
         <value>0x84aa4</value>
         <object_component_ref idref="oc-495"/>
      </symbol>
      <symbol id="sm-119f">
         <name>_putchar</name>
         <value>0x87ffb</value>
         <object_component_ref idref="oc-490"/>
      </symbol>
      <symbol id="sm-11a1">
         <name>_putc</name>
         <value>0x87fad</value>
         <object_component_ref idref="oc-490"/>
      </symbol>
      <symbol id="sm-11a2">
         <name>_fputc</name>
         <value>0x87fad</value>
         <object_component_ref idref="oc-490"/>
      </symbol>
      <symbol id="sm-11c0">
         <name>_puts</name>
         <value>0x88f54</value>
         <object_component_ref idref="oc-491"/>
      </symbol>
      <symbol id="sm-11c2">
         <name>_fputs</name>
         <value>0x88ebf</value>
         <object_component_ref idref="oc-491"/>
      </symbol>
      <symbol id="sm-11da">
         <name>___TI_rd_ok</name>
         <value>0x89557</value>
         <object_component_ref idref="oc-4a9"/>
      </symbol>
      <symbol id="sm-11dc">
         <name>___TI_wrt_ok</name>
         <value>0x8951c</value>
         <object_component_ref idref="oc-4a9"/>
      </symbol>
      <symbol id="sm-11f4">
         <name>_setvbuf</name>
         <value>0x89193</value>
         <object_component_ref idref="oc-4b6"/>
      </symbol>
      <symbol id="sm-1208">
         <name>_frexpl</name>
         <value>0x896fd</value>
         <object_component_ref idref="oc-4bb"/>
      </symbol>
      <symbol id="sm-1227">
         <name>_scalbnl</name>
         <value>0x88e11</value>
         <object_component_ref idref="oc-4bc"/>
      </symbol>
      <symbol id="sm-1229">
         <name>_ldexpl</name>
         <value>0x88e11</value>
         <object_component_ref idref="oc-4bc"/>
      </symbol>
      <symbol id="sm-124f">
         <name>_logf</name>
         <value>0x888b1</value>
         <object_component_ref idref="oc-45b"/>
      </symbol>
      <symbol id="sm-1251">
         <name>_log</name>
         <value>0x888b1</value>
         <object_component_ref idref="oc-45b"/>
      </symbol>
      <symbol id="sm-1261">
         <name>_sqrtf</name>
         <value>0x89f42</value>
         <object_component_ref idref="oc-45e"/>
      </symbol>
      <symbol id="sm-1263">
         <name>_sqrt</name>
         <value>0x89f42</value>
         <object_component_ref idref="oc-45e"/>
      </symbol>
      <symbol id="sm-127e">
         <name>_c_int00</name>
         <value>0x89757</value>
         <object_component_ref idref="oc-93"/>
      </symbol>
      <symbol id="sm-127f">
         <name>__stack</name>
         <value>0x400</value>
         <object_component_ref idref="oc-2cb"/>
      </symbol>
      <symbol id="sm-129a">
         <name>FD$$ADD</name>
         <value>0x85f63</value>
         <object_component_ref idref="oc-2d1"/>
      </symbol>
      <symbol id="sm-12aa">
         <name>FD$$CMP</name>
         <value>0x89e4c</value>
         <object_component_ref idref="oc-2d6"/>
      </symbol>
      <symbol id="sm-12bc">
         <name>FD$$MPY</name>
         <value>0x89110</value>
         <object_component_ref idref="oc-2db"/>
      </symbol>
      <symbol id="sm-12c9">
         <name>FD$$NEG</name>
         <value>0x8a429</value>
         <object_component_ref idref="oc-2e0"/>
      </symbol>
      <symbol id="sm-12d5">
         <name>FD$$SUB</name>
         <value>0x8a3c1</value>
         <object_component_ref idref="oc-2e5"/>
      </symbol>
      <symbol id="sm-12e4">
         <name>FD$$TOI</name>
         <value>0x8a01d</value>
         <object_component_ref idref="oc-2ea"/>
      </symbol>
      <symbol id="sm-12f3">
         <name>FD$$TOL</name>
         <value>0x8a07d</value>
         <object_component_ref idref="oc-2ef"/>
      </symbol>
      <symbol id="sm-1304">
         <name>FS$$DIV</name>
         <value>0x89088</value>
         <object_component_ref idref="oc-2f4"/>
      </symbol>
      <symbol id="sm-1310">
         <name>LL$$AND</name>
         <value>0x8a282</value>
         <object_component_ref idref="oc-2f9"/>
      </symbol>
      <symbol id="sm-1311">
         <name>LL$$OR</name>
         <value>0x8a28a</value>
         <object_component_ref idref="oc-2f9"/>
      </symbol>
      <symbol id="sm-1312">
         <name>LL$$XOR</name>
         <value>0x8a292</value>
         <object_component_ref idref="oc-2f9"/>
      </symbol>
      <symbol id="sm-1320">
         <name>ULL$$CMP</name>
         <value>0x8a0cc</value>
         <object_component_ref idref="oc-2fe"/>
      </symbol>
      <symbol id="sm-1321">
         <name>LL$$CMP</name>
         <value>0x8a0ba</value>
         <object_component_ref idref="oc-2fe"/>
      </symbol>
      <symbol id="sm-134d">
         <name>ULL$$MOD</name>
         <value>0x88ccc</value>
         <object_component_ref idref="oc-303"/>
      </symbol>
      <symbol id="sm-134e">
         <name>ULL$$DIV</name>
         <value>0x88c9d</value>
         <object_component_ref idref="oc-303"/>
      </symbol>
      <symbol id="sm-134f">
         <name>LL$$MOD</name>
         <value>0x88c63</value>
         <object_component_ref idref="oc-303"/>
      </symbol>
      <symbol id="sm-1350">
         <name>LL$$DIV</name>
         <value>0x88c27</value>
         <object_component_ref idref="oc-303"/>
      </symbol>
      <symbol id="sm-1360">
         <name>I$$TOFD</name>
         <value>0x8a0d8</value>
         <object_component_ref idref="oc-308"/>
      </symbol>
      <symbol id="sm-1370">
         <name>L$$TOFD</name>
         <value>0x8a14a</value>
         <object_component_ref idref="oc-30d"/>
      </symbol>
      <symbol id="sm-1380">
         <name>FS$$TOFD</name>
         <value>0x8a12e</value>
         <object_component_ref idref="oc-312"/>
      </symbol>
      <symbol id="sm-1397">
         <name>FD$$DIV</name>
         <value>0x88ffd</value>
         <object_component_ref idref="oc-317"/>
      </symbol>
      <symbol id="sm-13a6">
         <name>_copy_in</name>
         <value>0x89fb2</value>
         <object_component_ref idref="oc-3fb"/>
      </symbol>
      <symbol id="sm-13b8">
         <name>_memcpy</name>
         <value>0x8a0f5</value>
         <object_component_ref idref="oc-415"/>
      </symbol>
      <symbol id="sm-13c5">
         <name>__system_pre_init</name>
         <value>0x8a466</value>
         <object_component_ref idref="oc-3fa"/>
      </symbol>
      <symbol id="sm-13d3">
         <name>__system_post_cinit</name>
         <value>0x830a5</value>
         <object_component_ref idref="oc-3fc"/>
      </symbol>
      <symbol id="sm-13e8">
         <name>C$$EXIT</name>
         <value>0x89ea0</value>
         <object_component_ref idref="oc-3fe"/>
      </symbol>
      <symbol id="sm-13e9">
         <name>_exit</name>
         <value>0x89ea2</value>
         <object_component_ref idref="oc-3fe"/>
      </symbol>
      <symbol id="sm-13eb">
         <name>___TI_cleanup_ptr</name>
         <value>0xf6b4</value>
         <object_component_ref idref="oc-332"/>
      </symbol>
      <symbol id="sm-13ec">
         <name>___TI_enable_exit_profile_output</name>
         <value>0xf6b2</value>
         <object_component_ref idref="oc-332"/>
      </symbol>
      <symbol id="sm-13ed">
         <name>_abort</name>
         <value>0x89ea0</value>
         <object_component_ref idref="oc-3fe"/>
      </symbol>
      <symbol id="sm-13ef">
         <name>___TI_dtors_ptr</name>
         <value>0xf6b6</value>
         <object_component_ref idref="oc-332"/>
      </symbol>
      <symbol id="sm-1403">
         <name>__unlock</name>
         <value>0xf0be</value>
         <object_component_ref idref="oc-494"/>
      </symbol>
      <symbol id="sm-1404">
         <name>__lock</name>
         <value>0xaefe</value>
         <object_component_ref idref="oc-417"/>
      </symbol>
      <symbol id="sm-1405">
         <name>__register_lock</name>
         <value>0x8a424</value>
         <object_component_ref idref="oc-443"/>
      </symbol>
      <symbol id="sm-1407">
         <name>__nop</name>
         <value>0x8a428</value>
         <object_component_ref idref="oc-443"/>
      </symbol>
      <symbol id="sm-1409">
         <name>__register_unlock</name>
         <value>0x8a420</value>
         <object_component_ref idref="oc-443"/>
      </symbol>
      <symbol id="sm-1418">
         <name>___TI_ltoa</name>
         <value>0x89dee</value>
         <object_component_ref idref="oc-4ba"/>
      </symbol>
      <symbol id="sm-1428">
         <name>__args_main</name>
         <value>0x8a363</value>
         <object_component_ref idref="oc-3fd"/>
      </symbol>
      <symbol id="sm-143d">
         <name>_atoi</name>
         <value>0x89dbd</value>
         <object_component_ref idref="oc-4ae"/>
      </symbol>
      <symbol id="sm-1446">
         <name>__ctypes_</name>
         <value>0x90555</value>
         <object_component_ref idref="oc-4b9"/>
      </symbol>
      <symbol id="sm-1457">
         <name>___TI_ft_end</name>
         <value>0xf6c6</value>
         <object_component_ref idref="oc-34f"/>
      </symbol>
      <symbol id="sm-1458">
         <name>___TI_tmpnams</name>
         <value>0xf0c0</value>
         <object_component_ref idref="oc-4d9"/>
      </symbol>
      <symbol id="sm-1459">
         <name>__ftable</name>
         <value>0xf240</value>
         <object_component_ref idref="oc-492"/>
      </symbol>
      <symbol id="sm-1468">
         <name>_memccpy</name>
         <value>0x8a395</value>
         <object_component_ref idref="oc-4b1"/>
      </symbol>
      <symbol id="sm-1478">
         <name>_memchr</name>
         <value>0x8a3e9</value>
         <object_component_ref idref="oc-4ad"/>
      </symbol>
      <symbol id="sm-14d6">
         <name>__sys_memory</name>
         <value>0xa800</value>
         <object_component_ref idref="oc-35e"/>
      </symbol>
      <symbol id="sm-14d7">
         <name>___TI_heap_total_available</name>
         <value>0x87d2d</value>
         <object_component_ref idref="oc-4c7"/>
      </symbol>
      <symbol id="sm-14d9">
         <name>_realloc</name>
         <value>0x87bd2</value>
         <object_component_ref idref="oc-4c7"/>
      </symbol>
      <symbol id="sm-14db">
         <name>___TI_heap_check</name>
         <value>0x87d67</value>
         <object_component_ref idref="oc-4c7"/>
      </symbol>
      <symbol id="sm-14dd">
         <name>_free</name>
         <value>0x87b08</value>
         <object_component_ref idref="oc-4c7"/>
      </symbol>
      <symbol id="sm-14df">
         <name>_memalign</name>
         <value>0x87c87</value>
         <object_component_ref idref="oc-4c7"/>
      </symbol>
      <symbol id="sm-14e0">
         <name>_calloc</name>
         <value>0x87c5a</value>
         <object_component_ref idref="oc-4c7"/>
      </symbol>
      <symbol id="sm-14e2">
         <name>_malloc</name>
         <value>0x87add</value>
         <object_component_ref idref="oc-4c7"/>
      </symbol>
      <symbol id="sm-14e4">
         <name>_aligned_alloc</name>
         <value>0x87c87</value>
         <object_component_ref idref="oc-4c7"/>
      </symbol>
      <symbol id="sm-14e6">
         <name>_minit</name>
         <value>0x87c56</value>
         <object_component_ref idref="oc-4c7"/>
      </symbol>
      <symbol id="sm-14e8">
         <name>___TI_heap_largest_available</name>
         <value>0x87d4a</value>
         <object_component_ref idref="oc-4c7"/>
      </symbol>
      <symbol id="sm-14f7">
         <name>_memset</name>
         <value>0x8a452</value>
         <object_component_ref idref="oc-426"/>
      </symbol>
      <symbol id="sm-1507">
         <name>_strchr</name>
         <value>0x8a3f6</value>
         <object_component_ref idref="oc-4bd"/>
      </symbol>
      <symbol id="sm-1515">
         <name>_strcpy</name>
         <value>0x8a459</value>
         <object_component_ref idref="oc-4af"/>
      </symbol>
      <symbol id="sm-1523">
         <name>_strlen</name>
         <value>0x8a443</value>
         <object_component_ref idref="oc-4ac"/>
      </symbol>
      <symbol id="sm-1531">
         <name>_write</name>
         <value>0x8a269</value>
         <object_component_ref idref="oc-4ab"/>
      </symbol>
      <symbol id="sm-1542">
         <name>__device</name>
         <value>0xf4c0</value>
         <object_component_ref idref="oc-4c9"/>
      </symbol>
      <symbol id="sm-1543">
         <name>__stream</name>
         <value>0xaec8</value>
         <object_component_ref idref="oc-4b7"/>
      </symbol>
      <symbol id="sm-154d">
         <name>_errno</name>
         <value>0xf6c7</value>
         <object_component_ref idref="oc-380"/>
      </symbol>
      <symbol id="sm-155b">
         <name>_wcslen</name>
         <value>0x8a432</value>
         <object_component_ref idref="oc-4b2"/>
      </symbol>
      <symbol id="sm-1572">
         <name>___TI_doflush</name>
         <value>0x8928b</value>
         <object_component_ref idref="oc-4aa"/>
      </symbol>
      <symbol id="sm-1574">
         <name>_fflush</name>
         <value>0x892ba</value>
         <object_component_ref idref="oc-4aa"/>
      </symbol>
      <symbol id="sm-15b2">
         <name>_fopen</name>
         <value>0x88be0</value>
         <object_component_ref idref="oc-4c8"/>
      </symbol>
      <symbol id="sm-15b4">
         <name>___TI_cleanup</name>
         <value>0x88ba5</value>
         <object_component_ref idref="oc-4c8"/>
      </symbol>
      <symbol id="sm-15b6">
         <name>_freopen</name>
         <value>0x88bc2</value>
         <object_component_ref idref="oc-4c8"/>
      </symbol>
      <symbol id="sm-15c7">
         <name>_fseek</name>
         <value>0x89b58</value>
         <object_component_ref idref="oc-4b5"/>
      </symbol>
      <symbol id="sm-15c8">
         <name>_fseeko</name>
         <value>0x89b58</value>
         <object_component_ref idref="oc-4b5"/>
      </symbol>
      <symbol id="sm-15d6">
         <name>_copysignl</name>
         <value>0x89f69</value>
         <object_component_ref idref="oc-4cb"/>
      </symbol>
      <symbol id="sm-15e3">
         <name>UL$$MOD</name>
         <value>0x89e9a</value>
         <object_component_ref idref="oc-39d"/>
      </symbol>
      <symbol id="sm-15e4">
         <name>L$$MOD</name>
         <value>0x89e85</value>
         <object_component_ref idref="oc-39d"/>
      </symbol>
      <symbol id="sm-15e5">
         <name>L$$DIV</name>
         <value>0x89e76</value>
         <object_component_ref idref="oc-39d"/>
      </symbol>
      <symbol id="sm-15e6">
         <name>UL$$DIV</name>
         <value>0x89e93</value>
         <object_component_ref idref="oc-39d"/>
      </symbol>
      <symbol id="sm-15f2">
         <name>_HOSTclose</name>
         <value>0x89ec9</value>
         <object_component_ref idref="oc-4d1"/>
      </symbol>
      <symbol id="sm-15ff">
         <name>_HOSTlseek</name>
         <value>0x896a2</value>
         <object_component_ref idref="oc-4d4"/>
      </symbol>
      <symbol id="sm-160f">
         <name>_parmbuf</name>
         <value>0xf698</value>
         <object_component_ref idref="oc-4db"/>
      </symbol>
      <symbol id="sm-1610">
         <name>_HOSTopen</name>
         <value>0x89bd1</value>
         <object_component_ref idref="oc-4d0"/>
      </symbol>
      <symbol id="sm-161e">
         <name>_HOSTread</name>
         <value>0x89cb6</value>
         <object_component_ref idref="oc-4d2"/>
      </symbol>
      <symbol id="sm-162b">
         <name>_HOSTrename</name>
         <value>0x89add</value>
         <object_component_ref idref="oc-4d6"/>
      </symbol>
      <symbol id="sm-1638">
         <name>_HOSTunlink</name>
         <value>0x89fd6</value>
         <object_component_ref idref="oc-4d5"/>
      </symbol>
      <symbol id="sm-1646">
         <name>_HOSTwrite</name>
         <value>0x89c0d</value>
         <object_component_ref idref="oc-4d3"/>
      </symbol>
      <symbol id="sm-1660">
         <name>___TI_readmsg</name>
         <value>0x88fc0</value>
         <object_component_ref idref="oc-4dc"/>
      </symbol>
      <symbol id="sm-1662">
         <name>C$$IO$$</name>
         <value>0x88fbb</value>
         <object_component_ref idref="oc-4dc"/>
      </symbol>
      <symbol id="sm-1663">
         <name>__CIOBUF_</name>
         <value>0xaa00</value>
         <object_component_ref idref="oc-3c6"/>
      </symbol>
      <symbol id="sm-1664">
         <name>___TI_writemsg</name>
         <value>0x88f68</value>
         <object_component_ref idref="oc-4dc"/>
      </symbol>
      <symbol id="sm-1680">
         <name>_open</name>
         <value>0x892fe</value>
         <object_component_ref idref="oc-4ce"/>
      </symbol>
      <symbol id="sm-168e">
         <name>_lseek</name>
         <value>0x8a29a</value>
         <object_component_ref idref="oc-4c6"/>
      </symbol>
      <symbol id="sm-16a0">
         <name>___TI_closefile</name>
         <value>0x89645</value>
         <object_component_ref idref="oc-4cf"/>
      </symbol>
      <symbol id="sm-16a2">
         <name>_fclose</name>
         <value>0x89689</value>
         <object_component_ref idref="oc-4cf"/>
      </symbol>
      <symbol id="sm-16b4">
         <name>_finddevice</name>
         <value>0x898a4</value>
         <object_component_ref idref="oc-4d7"/>
      </symbol>
      <symbol id="sm-16b6">
         <name>_getdevice</name>
         <value>0x898bf</value>
         <object_component_ref idref="oc-4d7"/>
      </symbol>
      <symbol id="sm-16c5">
         <name>_strcmp</name>
         <value>0x8a40d</value>
         <object_component_ref idref="oc-4dd"/>
      </symbol>
      <symbol id="sm-16d6">
         <name>_strncpy</name>
         <value>0x8a2dd</value>
         <object_component_ref idref="oc-4de"/>
      </symbol>
      <symbol id="sm-16e3">
         <name>_remove</name>
         <value>0x8a461</value>
         <object_component_ref idref="oc-4da"/>
      </symbol>
      <symbol id="sm-16f4">
         <name>_close</name>
         <value>0x89d59</value>
         <object_component_ref idref="oc-4d8"/>
      </symbol>
      <symbol id="sm-1701">
         <name>_unlink</name>
         <value>0x8a250</value>
         <object_component_ref idref="oc-4df"/>
      </symbol>
   </symbol_table>
   <title>Link successful</title>
</link_info>
