<?xml version="1.0" encoding="ISO-8859-1" ?>
<link_info>
   <banner>TMS320C2000 Linker PC v21.6.0.LTS</banner>
   <copyright>Copyright (c) 1996-2018 Texas Instruments Incorporated</copyright>
   <link_time>0x62de489b</link_time>
   <link_errors>0x0</link_errors>
   <output_file>power_cpu2.out</output_file>
   <entry_point>
      <name>code_start</name>
      <address>0x80000</address>
   </entry_point>
   <input_file_list>
      <input_file id="fl-2">
         <path>.\</path>
         <kind>object</kind>
         <file>main_cpu2.obj</file>
         <name>main_cpu2.obj</name>
      </input_file>
      <input_file id="fl-3">
         <path>.\dsp\c2000_sdk\v304\f2837xd\</path>
         <kind>object</kind>
         <file>F2837xD_Adc.obj</file>
         <name>F2837xD_Adc.obj</name>
      </input_file>
      <input_file id="fl-4">
         <path>.\dsp\c2000_sdk\v304\f2837xd\</path>
         <kind>object</kind>
         <file>F2837xD_CpuTimers.obj</file>
         <name>F2837xD_CpuTimers.obj</name>
      </input_file>
      <input_file id="fl-5">
         <path>.\dsp\c2000_sdk\v304\f2837xd\</path>
         <kind>object</kind>
         <file>F2837xD_DBGIER.obj</file>
         <name>F2837xD_DBGIER.obj</name>
      </input_file>
      <input_file id="fl-6">
         <path>.\dsp\c2000_sdk\v304\f2837xd\</path>
         <kind>object</kind>
         <file>F2837xD_DefaultISR.obj</file>
         <name>F2837xD_DefaultISR.obj</name>
      </input_file>
      <input_file id="fl-7">
         <path>.\dsp\c2000_sdk\v304\f2837xd\</path>
         <kind>object</kind>
         <file>F2837xD_Dma.obj</file>
         <name>F2837xD_Dma.obj</name>
      </input_file>
      <input_file id="fl-8">
         <path>.\dsp\c2000_sdk\v304\f2837xd\</path>
         <kind>object</kind>
         <file>F2837xD_Emif.obj</file>
         <name>F2837xD_Emif.obj</name>
      </input_file>
      <input_file id="fl-9">
         <path>.\dsp\c2000_sdk\v304\f2837xd\</path>
         <kind>object</kind>
         <file>F2837xD_GlobalVariableDefs.obj</file>
         <name>F2837xD_GlobalVariableDefs.obj</name>
      </input_file>
      <input_file id="fl-a">
         <path>.\dsp\c2000_sdk\v304\f2837xd\</path>
         <kind>object</kind>
         <file>F2837xD_Gpio.obj</file>
         <name>F2837xD_Gpio.obj</name>
      </input_file>
      <input_file id="fl-b">
         <path>.\dsp\c2000_sdk\v304\f2837xd\</path>
         <kind>object</kind>
         <file>F2837xD_I2C.obj</file>
         <name>F2837xD_I2C.obj</name>
      </input_file>
      <input_file id="fl-c">
         <path>.\dsp\c2000_sdk\v304\f2837xd\</path>
         <kind>object</kind>
         <file>F2837xD_Ipc.obj</file>
         <name>F2837xD_Ipc.obj</name>
      </input_file>
      <input_file id="fl-d">
         <path>.\dsp\c2000_sdk\v304\f2837xd\</path>
         <kind>object</kind>
         <file>F2837xD_Ipc_Driver.obj</file>
         <name>F2837xD_Ipc_Driver.obj</name>
      </input_file>
      <input_file id="fl-e">
         <path>.\dsp\c2000_sdk\v304\f2837xd\</path>
         <kind>object</kind>
         <file>F2837xD_Ipc_Driver_Lite.obj</file>
         <name>F2837xD_Ipc_Driver_Lite.obj</name>
      </input_file>
      <input_file id="fl-f">
         <path>.\dsp\c2000_sdk\v304\f2837xd\</path>
         <kind>object</kind>
         <file>F2837xD_Ipc_Driver_Util.obj</file>
         <name>F2837xD_Ipc_Driver_Util.obj</name>
      </input_file>
      <input_file id="fl-10">
         <path>.\dsp\c2000_sdk\v304\f2837xd\</path>
         <kind>object</kind>
         <file>F2837xD_Mcbsp.obj</file>
         <name>F2837xD_Mcbsp.obj</name>
      </input_file>
      <input_file id="fl-11">
         <path>.\dsp\c2000_sdk\v304\f2837xd\</path>
         <kind>object</kind>
         <file>F2837xD_PieCtrl.obj</file>
         <name>F2837xD_PieCtrl.obj</name>
      </input_file>
      <input_file id="fl-12">
         <path>.\dsp\c2000_sdk\v304\f2837xd\</path>
         <kind>object</kind>
         <file>F2837xD_PieVect.obj</file>
         <name>F2837xD_PieVect.obj</name>
      </input_file>
      <input_file id="fl-13">
         <path>.\dsp\c2000_sdk\v304\f2837xd\</path>
         <kind>object</kind>
         <file>F2837xD_Sci.obj</file>
         <name>F2837xD_Sci.obj</name>
      </input_file>
      <input_file id="fl-14">
         <path>.\dsp\c2000_sdk\v304\f2837xd\</path>
         <kind>object</kind>
         <file>F2837xD_SysCtrl.obj</file>
         <name>F2837xD_SysCtrl.obj</name>
      </input_file>
      <input_file id="fl-15">
         <path>.\dsp\c2000_sdk\v304\f2837xd\</path>
         <kind>object</kind>
         <file>F2837xD_can.obj</file>
         <name>F2837xD_can.obj</name>
      </input_file>
      <input_file id="fl-16">
         <path>.\dsp\c2000_sdk\v304\f2837xd\</path>
         <kind>object</kind>
         <file>F2837xD_sci_io.obj</file>
         <name>F2837xD_sci_io.obj</name>
      </input_file>
      <input_file id="fl-17">
         <path>.\dsp\c2000_sdk\v304\f2837xd\</path>
         <kind>object</kind>
         <file>F2837xD_sdfm_drivers.obj</file>
         <name>F2837xD_sdfm_drivers.obj</name>
      </input_file>
      <input_file id="fl-18">
         <path>.\dsp\c2000_sdk\v304\f2837xd\</path>
         <kind>object</kind>
         <file>F2837xD_struct.obj</file>
         <name>F2837xD_struct.obj</name>
      </input_file>
      <input_file id="fl-19">
         <path>.\dsp\c2000_sdk\v304\f2837xd\</path>
         <kind>object</kind>
         <file>F2837xD_usDelay.obj</file>
         <name>F2837xD_usDelay.obj</name>
      </input_file>
      <input_file id="fl-1a">
         <path>.\dsp\c2000_sdk\v304\f2837xd\</path>
         <kind>object</kind>
         <file>memcpy_fast_far.obj</file>
         <name>memcpy_fast_far.obj</name>
      </input_file>
      <input_file id="fl-1b">
         <path>.\dsp\c2000_sdk\v304\f2837xd\device\</path>
         <kind>object</kind>
         <file>F2837xD_CodeStartBranch.obj</file>
         <name>F2837xD_CodeStartBranch.obj</name>
      </input_file>
      <input_file id="fl-1c">
         <path>.\dsp\c2000_sdk\v304\f2837xd\device\</path>
         <kind>object</kind>
         <file>device.obj</file>
         <name>device.obj</name>
      </input_file>
      <input_file id="fl-1d">
         <path>.\dsp\c2000_sdk\v304\f2837xd\device\driverlib\</path>
         <kind>object</kind>
         <file>adc.obj</file>
         <name>adc.obj</name>
      </input_file>
      <input_file id="fl-1e">
         <path>.\dsp\c2000_sdk\v304\f2837xd\device\driverlib\</path>
         <kind>object</kind>
         <file>asysctl.obj</file>
         <name>asysctl.obj</name>
      </input_file>
      <input_file id="fl-1f">
         <path>.\dsp\c2000_sdk\v304\f2837xd\device\driverlib\</path>
         <kind>object</kind>
         <file>can.obj</file>
         <name>can.obj</name>
      </input_file>
      <input_file id="fl-20">
         <path>.\dsp\c2000_sdk\v304\f2837xd\device\driverlib\</path>
         <kind>object</kind>
         <file>cla.obj</file>
         <name>cla.obj</name>
      </input_file>
      <input_file id="fl-21">
         <path>.\dsp\c2000_sdk\v304\f2837xd\device\driverlib\</path>
         <kind>object</kind>
         <file>clb.obj</file>
         <name>clb.obj</name>
      </input_file>
      <input_file id="fl-22">
         <path>.\dsp\c2000_sdk\v304\f2837xd\device\driverlib\</path>
         <kind>object</kind>
         <file>cmpss.obj</file>
         <name>cmpss.obj</name>
      </input_file>
      <input_file id="fl-23">
         <path>.\dsp\c2000_sdk\v304\f2837xd\device\driverlib\</path>
         <kind>object</kind>
         <file>cputimer.obj</file>
         <name>cputimer.obj</name>
      </input_file>
      <input_file id="fl-24">
         <path>.\dsp\c2000_sdk\v304\f2837xd\device\driverlib\</path>
         <kind>object</kind>
         <file>dac.obj</file>
         <name>dac.obj</name>
      </input_file>
      <input_file id="fl-25">
         <path>.\dsp\c2000_sdk\v304\f2837xd\device\driverlib\</path>
         <kind>object</kind>
         <file>dcsm.obj</file>
         <name>dcsm.obj</name>
      </input_file>
      <input_file id="fl-26">
         <path>.\dsp\c2000_sdk\v304\f2837xd\device\driverlib\</path>
         <kind>object</kind>
         <file>dma.obj</file>
         <name>dma.obj</name>
      </input_file>
      <input_file id="fl-27">
         <path>.\dsp\c2000_sdk\v304\f2837xd\device\driverlib\</path>
         <kind>object</kind>
         <file>ecap.obj</file>
         <name>ecap.obj</name>
      </input_file>
      <input_file id="fl-28">
         <path>.\dsp\c2000_sdk\v304\f2837xd\device\driverlib\</path>
         <kind>object</kind>
         <file>emif.obj</file>
         <name>emif.obj</name>
      </input_file>
      <input_file id="fl-29">
         <path>.\dsp\c2000_sdk\v304\f2837xd\device\driverlib\</path>
         <kind>object</kind>
         <file>epwm.obj</file>
         <name>epwm.obj</name>
      </input_file>
      <input_file id="fl-2a">
         <path>.\dsp\c2000_sdk\v304\f2837xd\device\driverlib\</path>
         <kind>object</kind>
         <file>eqep.obj</file>
         <name>eqep.obj</name>
      </input_file>
      <input_file id="fl-2b">
         <path>.\dsp\c2000_sdk\v304\f2837xd\device\driverlib\</path>
         <kind>object</kind>
         <file>flash.obj</file>
         <name>flash.obj</name>
      </input_file>
      <input_file id="fl-2c">
         <path>.\dsp\c2000_sdk\v304\f2837xd\device\driverlib\</path>
         <kind>object</kind>
         <file>gpio.obj</file>
         <name>gpio.obj</name>
      </input_file>
      <input_file id="fl-2d">
         <path>.\dsp\c2000_sdk\v304\f2837xd\device\driverlib\</path>
         <kind>object</kind>
         <file>hrpwm.obj</file>
         <name>hrpwm.obj</name>
      </input_file>
      <input_file id="fl-2e">
         <path>.\dsp\c2000_sdk\v304\f2837xd\device\driverlib\</path>
         <kind>object</kind>
         <file>i2c.obj</file>
         <name>i2c.obj</name>
      </input_file>
      <input_file id="fl-2f">
         <path>.\dsp\c2000_sdk\v304\f2837xd\device\driverlib\</path>
         <kind>object</kind>
         <file>interrupt.obj</file>
         <name>interrupt.obj</name>
      </input_file>
      <input_file id="fl-30">
         <path>.\dsp\c2000_sdk\v304\f2837xd\device\driverlib\</path>
         <kind>object</kind>
         <file>ipc.obj</file>
         <name>ipc.obj</name>
      </input_file>
      <input_file id="fl-31">
         <path>.\dsp\c2000_sdk\v304\f2837xd\device\driverlib\</path>
         <kind>object</kind>
         <file>mcbsp.obj</file>
         <name>mcbsp.obj</name>
      </input_file>
      <input_file id="fl-32">
         <path>.\dsp\c2000_sdk\v304\f2837xd\device\driverlib\</path>
         <kind>object</kind>
         <file>memcfg.obj</file>
         <name>memcfg.obj</name>
      </input_file>
      <input_file id="fl-33">
         <path>.\dsp\c2000_sdk\v304\f2837xd\device\driverlib\</path>
         <kind>object</kind>
         <file>sci.obj</file>
         <name>sci.obj</name>
      </input_file>
      <input_file id="fl-34">
         <path>.\dsp\c2000_sdk\v304\f2837xd\device\driverlib\</path>
         <kind>object</kind>
         <file>sdfm.obj</file>
         <name>sdfm.obj</name>
      </input_file>
      <input_file id="fl-35">
         <path>.\dsp\c2000_sdk\v304\f2837xd\device\driverlib\</path>
         <kind>object</kind>
         <file>spi.obj</file>
         <name>spi.obj</name>
      </input_file>
      <input_file id="fl-36">
         <path>.\dsp\c2000_sdk\v304\f2837xd\device\driverlib\</path>
         <kind>object</kind>
         <file>sysctl.obj</file>
         <name>sysctl.obj</name>
      </input_file>
      <input_file id="fl-37">
         <path>.\dsp\c2000_sdk\v304\f2837xd\device\driverlib\</path>
         <kind>object</kind>
         <file>upp.obj</file>
         <name>upp.obj</name>
      </input_file>
      <input_file id="fl-38">
         <path>.\dsp\c2000_sdk\v304\f2837xd\device\driverlib\</path>
         <kind>object</kind>
         <file>usb.obj</file>
         <name>usb.obj</name>
      </input_file>
      <input_file id="fl-39">
         <path>.\dsp\c2000_sdk\v304\f2837xd\device\driverlib\</path>
         <kind>object</kind>
         <file>version.obj</file>
         <name>version.obj</name>
      </input_file>
      <input_file id="fl-3a">
         <path>.\dsp\c2000_sdk\v304\f2837xd\device\driverlib\</path>
         <kind>object</kind>
         <file>xbar.obj</file>
         <name>xbar.obj</name>
      </input_file>
      <input_file id="fl-3b">
         <path>.\dsp\c2000_sdk\v304\f2837xd\libraries\flash_api\f2837xd\source\</path>
         <kind>object</kind>
         <file>Fapi_UserDefinedFunctions.obj</file>
         <name>Fapi_UserDefinedFunctions.obj</name>
      </input_file>
      <input_file id="fl-3c">
         <path>.\phoenixon\app_formation\app\</path>
         <kind>object</kind>
         <file>app_op.obj</file>
         <name>app_op.obj</name>
      </input_file>
      <input_file id="fl-3d">
         <path>.\phoenixon\app_formation\app\</path>
         <kind>object</kind>
         <file>app_settings.obj</file>
         <name>app_settings.obj</name>
      </input_file>
      <input_file id="fl-3e">
         <path>.\phoenixon\app_formation\app\calibration\</path>
         <kind>object</kind>
         <file>app_calibration.obj</file>
         <name>app_calibration.obj</name>
      </input_file>
      <input_file id="fl-3f">
         <path>.\phoenixon\app_formation\app\comm\</path>
         <kind>object</kind>
         <file>app_comm.obj</file>
         <name>app_comm.obj</name>
      </input_file>
      <input_file id="fl-40">
         <path>.\phoenixon\app_formation\app\control\</path>
         <kind>object</kind>
         <file>app_ctrl_dcdc.obj</file>
         <name>app_ctrl_dcdc.obj</name>
      </input_file>
      <input_file id="fl-41">
         <path>.\phoenixon\app_formation\app\control\</path>
         <kind>object</kind>
         <file>app_ctrl_power.obj</file>
         <name>app_ctrl_power.obj</name>
      </input_file>
      <input_file id="fl-42">
         <path>.\phoenixon\app_formation\app\control\</path>
         <kind>object</kind>
         <file>app_pid.obj</file>
         <name>app_pid.obj</name>
      </input_file>
      <input_file id="fl-43">
         <path>.\phoenixon\app_formation\app\safety\</path>
         <kind>object</kind>
         <file>app_safety.obj</file>
         <name>app_safety.obj</name>
      </input_file>
      <input_file id="fl-44">
         <path>.\phoenixon\app_formation\app\sense\</path>
         <kind>object</kind>
         <file>app_sense.obj</file>
         <name>app_sense.obj</name>
      </input_file>
      <input_file id="fl-45">
         <path>.\phoenixon\app_formation\app\test\</path>
         <kind>object</kind>
         <file>app_test.obj</file>
         <name>app_test.obj</name>
      </input_file>
      <input_file id="fl-46">
         <path>.\phoenixon\app_formation\app\tick\</path>
         <kind>object</kind>
         <file>app_tick.obj</file>
         <name>app_tick.obj</name>
      </input_file>
      <input_file id="fl-47">
         <path>.\phoenixon\app_formation\bsp\</path>
         <kind>object</kind>
         <file>bsp_ad7606.obj</file>
         <name>bsp_ad7606.obj</name>
      </input_file>
      <input_file id="fl-48">
         <path>.\phoenixon\app_formation\bsp\</path>
         <kind>object</kind>
         <file>bsp_io.obj</file>
         <name>bsp_io.obj</name>
      </input_file>
      <input_file id="fl-49">
         <path>.\phoenixon\app_formation\drv\</path>
         <kind>object</kind>
         <file>drv_adc.obj</file>
         <name>drv_adc.obj</name>
      </input_file>
      <input_file id="fl-4a">
         <path>.\phoenixon\app_formation\drv\</path>
         <kind>object</kind>
         <file>drv_can.obj</file>
         <name>drv_can.obj</name>
      </input_file>
      <input_file id="fl-4b">
         <path>.\phoenixon\app_formation\drv\</path>
         <kind>object</kind>
         <file>drv_emif.obj</file>
         <name>drv_emif.obj</name>
      </input_file>
      <input_file id="fl-4c">
         <path>.\phoenixon\app_formation\drv\</path>
         <kind>object</kind>
         <file>drv_gpio.obj</file>
         <name>drv_gpio.obj</name>
      </input_file>
      <input_file id="fl-4d">
         <path>.\phoenixon\app_formation\drv\</path>
         <kind>object</kind>
         <file>drv_pwm.obj</file>
         <name>drv_pwm.obj</name>
      </input_file>
      <input_file id="fl-4e">
         <path>.\phoenixon\app_formation\drv\</path>
         <kind>object</kind>
         <file>drv_timer.obj</file>
         <name>drv_timer.obj</name>
      </input_file>
      <input_file id="fl-4f">
         <path>.\phoenixon\utils\</path>
         <kind>object</kind>
         <file>ringbuffer.obj</file>
         <name>ringbuffer.obj</name>
      </input_file>
      <input_file id="fl-50">
         <path>.\phoenixon\utils\</path>
         <kind>object</kind>
         <file>util_adc.obj</file>
         <name>util_adc.obj</name>
      </input_file>
      <input_file id="fl-51">
         <path>.\phoenixon\utils\</path>
         <kind>object</kind>
         <file>util_sort.obj</file>
         <name>util_sort.obj</name>
      </input_file>
      <input_file id="fl-66">
         <kind>object</kind>
         <file>&lt;internal&gt;</file>
         <name>&lt;internal&gt;</name>
      </input_file>
      <input_file id="fl-67">
         <path>C:\Users\PHOENIXON\Documents\11121E-00_11122E-00_NorthVolt_5V100A_Formation_Channel\Channel Board\power_cpu1\dsp\c2000_sdk\v304\f2837xd\libraries\flash_api\f2837xd\lib\</path>
         <kind>archive</kind>
         <file>F021_API_F2837xD_FPU32.lib</file>
         <name>Init.obj</name>
      </input_file>
      <input_file id="fl-71">
         <path>C:\Users\PHOENIXON\Documents\11121E-00_11122E-00_NorthVolt_5V100A_Formation_Channel\Channel Board\power_cpu1\dsp\c2000_sdk\v304\f2837xd\libraries\calibration\hrpwm\f2837xd\lib\</path>
         <kind>archive</kind>
         <file>SFO_v8_fpu_lib_build_c28_coff.lib</file>
         <name>SFO_v8_fpu_lib_build_c28.obj</name>
      </input_file>
      <input_file id="fl-80">
         <path>C:\ti\ccs1031\ccs\tools\compiler\ti-cgt-c2000_21.6.0.LTS\lib\</path>
         <kind>archive</kind>
         <file>rts2800_fpu32.lib</file>
         <name>e_logf.c.obj</name>
      </input_file>
      <input_file id="fl-81">
         <path>C:\ti\ccs1031\ccs\tools\compiler\ti-cgt-c2000_21.6.0.LTS\lib\</path>
         <kind>archive</kind>
         <file>rts2800_fpu32.lib</file>
         <name>boot28.asm.obj</name>
      </input_file>
      <input_file id="fl-82">
         <path>C:\ti\ccs1031\ccs\tools\compiler\ti-cgt-c2000_21.6.0.LTS\lib\</path>
         <kind>archive</kind>
         <file>rts2800_fpu32.lib</file>
         <name>fs_div28.asm.obj</name>
      </input_file>
      <input_file id="fl-83">
         <path>C:\ti\ccs1031\ccs\tools\compiler\ti-cgt-c2000_21.6.0.LTS\lib\</path>
         <kind>archive</kind>
         <file>rts2800_fpu32.lib</file>
         <name>ll_aox28.asm.obj</name>
      </input_file>
      <input_file id="fl-84">
         <path>C:\ti\ccs1031\ccs\tools\compiler\ti-cgt-c2000_21.6.0.LTS\lib\</path>
         <kind>archive</kind>
         <file>rts2800_fpu32.lib</file>
         <name>ll_cmp28.asm.obj</name>
      </input_file>
      <input_file id="fl-85">
         <path>C:\ti\ccs1031\ccs\tools\compiler\ti-cgt-c2000_21.6.0.LTS\lib\</path>
         <kind>archive</kind>
         <file>rts2800_fpu32.lib</file>
         <name>cpy_tbl.c.obj</name>
      </input_file>
      <input_file id="fl-86">
         <path>C:\ti\ccs1031\ccs\tools\compiler\ti-cgt-c2000_21.6.0.LTS\lib\</path>
         <kind>archive</kind>
         <file>rts2800_fpu32.lib</file>
         <name>memcpy.c.obj</name>
      </input_file>
      <input_file id="fl-87">
         <path>C:\ti\ccs1031\ccs\tools\compiler\ti-cgt-c2000_21.6.0.LTS\lib\</path>
         <kind>archive</kind>
         <file>rts2800_fpu32.lib</file>
         <name>pre_init.c.obj</name>
      </input_file>
      <input_file id="fl-88">
         <path>C:\ti\ccs1031\ccs\tools\compiler\ti-cgt-c2000_21.6.0.LTS\lib\</path>
         <kind>archive</kind>
         <file>rts2800_fpu32.lib</file>
         <name>startup.c.obj</name>
      </input_file>
      <input_file id="fl-89">
         <path>C:\ti\ccs1031\ccs\tools\compiler\ti-cgt-c2000_21.6.0.LTS\lib\</path>
         <kind>archive</kind>
         <file>rts2800_fpu32.lib</file>
         <name>exit.c.obj</name>
      </input_file>
      <input_file id="fl-8a">
         <path>C:\ti\ccs1031\ccs\tools\compiler\ti-cgt-c2000_21.6.0.LTS\lib\</path>
         <kind>archive</kind>
         <file>rts2800_fpu32.lib</file>
         <name>_lock.c.obj</name>
      </input_file>
      <input_file id="fl-8b">
         <path>C:\ti\ccs1031\ccs\tools\compiler\ti-cgt-c2000_21.6.0.LTS\lib\</path>
         <kind>archive</kind>
         <file>rts2800_fpu32.lib</file>
         <name>args_main.c.obj</name>
      </input_file>
      <input_file id="fl-8c">
         <path>C:\ti\ccs1031\ccs\tools\compiler\ti-cgt-c2000_21.6.0.LTS\lib\</path>
         <kind>archive</kind>
         <file>rts2800_fpu32.lib</file>
         <name>memset.c.obj</name>
      </input_file>
      <input_file id="fl-8d">
         <path>C:\ti\ccs1031\ccs\tools\compiler\ti-cgt-c2000_21.6.0.LTS\lib\</path>
         <kind>archive</kind>
         <file>rts2800_fpu32.lib</file>
         <name>errno.c.obj</name>
      </input_file>
   </input_file_list>
   <object_component_list>
      <object_component id="oc-2df">
         <name>.cinit</name>
         <load_address>0x83350</load_address>
         <run_address>0x83350</run_address>
         <size>0x1bb</size>
         <input_file_ref idref="fl-44"/>
      </object_component>
      <object_component id="oc-2ca">
         <name>.cinit</name>
         <load_address>0x8350b</load_address>
         <run_address>0x8350b</run_address>
         <size>0x11d</size>
         <input_file_ref idref="fl-41"/>
      </object_component>
      <object_component id="oc-2c6">
         <name>.cinit</name>
         <load_address>0x83628</load_address>
         <run_address>0x83628</run_address>
         <size>0xe8</size>
         <input_file_ref idref="fl-40"/>
      </object_component>
      <object_component id="oc-2d7">
         <name>.cinit</name>
         <load_address>0x83710</load_address>
         <run_address>0x83710</run_address>
         <size>0x5c</size>
         <input_file_ref idref="fl-43"/>
      </object_component>
      <object_component id="oc-2b0">
         <name>.cinit</name>
         <load_address>0x8376c</load_address>
         <run_address>0x8376c</run_address>
         <size>0x55</size>
         <input_file_ref idref="fl-3d"/>
      </object_component>
      <object_component id="oc-2a8">
         <name>.cinit</name>
         <load_address>0x837c1</load_address>
         <run_address>0x837c1</run_address>
         <size>0x47</size>
         <input_file_ref idref="fl-3c"/>
      </object_component>
      <object_component id="oc-2e6">
         <name>.cinit</name>
         <load_address>0x83808</load_address>
         <run_address>0x83808</run_address>
         <size>0x32</size>
         <input_file_ref idref="fl-45"/>
      </object_component>
      <object_component id="oc-2b7">
         <name>.cinit</name>
         <load_address>0x8383a</load_address>
         <run_address>0x8383a</run_address>
         <size>0x27</size>
         <input_file_ref idref="fl-3e"/>
      </object_component>
      <object_component id="oc-187">
         <name>.cinit:_EPWM</name>
         <load_address>0x83861</load_address>
         <run_address>0x83861</run_address>
         <size>0x1d</size>
         <input_file_ref idref="fl-18"/>
      </object_component>
      <object_component id="oc-14f">
         <name>.cinit:_ECAP</name>
         <load_address>0x8387e</load_address>
         <run_address>0x8387e</run_address>
         <size>0x11</size>
         <input_file_ref idref="fl-18"/>
      </object_component>
      <object_component id="oc-1f6">
         <name>.cinit</name>
         <load_address>0x8388f</load_address>
         <run_address>0x8388f</run_address>
         <size>0xf</size>
         <input_file_ref idref="fl-1c"/>
      </object_component>
      <object_component id="oc-376">
         <name>.cinit</name>
         <load_address>0x8389e</load_address>
         <run_address>0x8389e</run_address>
         <size>0xe</size>
         <input_file_ref idref="fl-89"/>
      </object_component>
      <object_component id="oc-161">
         <name>.cinit:_EQEP</name>
         <load_address>0x838ac</load_address>
         <run_address>0x838ac</run_address>
         <size>0xb</size>
         <input_file_ref idref="fl-18"/>
      </object_component>
      <object_component id="oc-146">
         <name>.cinit:_SPI</name>
         <load_address>0x838b7</load_address>
         <run_address>0x838b7</run_address>
         <size>0xb</size>
         <input_file_ref idref="fl-18"/>
      </object_component>
      <object_component id="oc-2ee">
         <name>.cinit</name>
         <load_address>0x838c2</load_address>
         <run_address>0x838c2</run_address>
         <size>0xa</size>
         <input_file_ref idref="fl-46"/>
      </object_component>
      <object_component id="oc-17d">
         <name>.cinit:_SDFM</name>
         <load_address>0x838cc</load_address>
         <run_address>0x838cc</run_address>
         <size>0x9</size>
         <input_file_ref idref="fl-18"/>
      </object_component>
      <object_component id="oc-165">
         <name>.cinit:_I2C</name>
         <load_address>0x838d5</load_address>
         <run_address>0x838d5</run_address>
         <size>0x7</size>
         <input_file_ref idref="fl-18"/>
      </object_component>
      <object_component id="oc-169">
         <name>.cinit:_MCBSP</name>
         <load_address>0x838dc</load_address>
         <run_address>0x838dc</run_address>
         <size>0x7</size>
         <input_file_ref idref="fl-18"/>
      </object_component>
      <object_component id="oc-141">
         <name>.cinit:_SCI</name>
         <load_address>0x838e3</load_address>
         <run_address>0x838e3</run_address>
         <size>0x7</size>
         <input_file_ref idref="fl-18"/>
      </object_component>
      <object_component id="oc-3b0">
         <name>.cinit:__lock</name>
         <load_address>0x838ea</load_address>
         <run_address>0x838ea</run_address>
         <size>0x5</size>
         <input_file_ref idref="fl-8a"/>
      </object_component>
      <object_component id="oc-3be">
         <name>.cinit:__unlock</name>
         <load_address>0x838ef</load_address>
         <run_address>0x838ef</run_address>
         <size>0x5</size>
         <input_file_ref idref="fl-8a"/>
      </object_component>
      <object_component id="oc-39e">
         <name>.cinit:_drv_timer0_register</name>
         <load_address>0x838f4</load_address>
         <run_address>0x838f4</run_address>
         <size>0x5</size>
         <input_file_ref idref="fl-4e"/>
      </object_component>
      <object_component id="oc-3a1">
         <name>.cinit:_drv_timer1_register</name>
         <load_address>0x838f9</load_address>
         <run_address>0x838f9</run_address>
         <size>0x5</size>
         <input_file_ref idref="fl-4e"/>
      </object_component>
      <object_component id="oc-3a3">
         <name>.cinit:_drv_timer2_register</name>
         <load_address>0x838fe</load_address>
         <run_address>0x838fe</run_address>
         <size>0x5</size>
         <input_file_ref idref="fl-4e"/>
      </object_component>
      <object_component id="oc-2bf">
         <name>.cinit</name>
         <load_address>0x83903</load_address>
         <run_address>0x83903</run_address>
         <size>0x5</size>
         <input_file_ref idref="fl-3f"/>
      </object_component>
      <object_component id="oc-31b">
         <name>.cinit</name>
         <load_address>0x83908</load_address>
         <run_address>0x83908</run_address>
         <size>0x5</size>
         <input_file_ref idref="fl-4d"/>
      </object_component>
      <object_component id="oc-323">
         <name>.cinit</name>
         <load_address>0x8390d</load_address>
         <run_address>0x8390d</run_address>
         <size>0x5</size>
         <input_file_ref idref="fl-4e"/>
      </object_component>
      <object_component id="oc-1d9">
         <name>.cinit</name>
         <load_address>0x83912</load_address>
         <run_address>0x83912</run_address>
         <size>0x4</size>
         <input_file_ref idref="fl-16"/>
      </object_component>
      <object_component id="oc-33f">
         <name>.cinit</name>
         <load_address>0x83916</load_address>
         <run_address>0x83916</run_address>
         <size>0x4</size>
         <input_file_ref idref="fl-71"/>
      </object_component>
      <object_component id="oc-38c">
         <name>.cinit</name>
         <load_address>0x8391a</load_address>
         <run_address>0x8391a</run_address>
         <size>0x4</size>
         <input_file_ref idref="fl-8d"/>
      </object_component>
      <object_component id="oc-3b7">
         <name>.text:_drv_InitADC</name>
         <load_address>0x82000</load_address>
         <run_address>0x82000</run_address>
         <size>0x161</size>
         <input_file_ref idref="fl-49"/>
      </object_component>
      <object_component id="oc-3d4">
         <name>.text:_ADC_setMode</name>
         <load_address>0x82161</load_address>
         <run_address>0x82161</run_address>
         <size>0xbd</size>
         <input_file_ref idref="fl-1d"/>
      </object_component>
      <object_component id="oc-308">
         <name>.text:_drv_irq_CANA</name>
         <load_address>0x8221e</load_address>
         <run_address>0x8221e</run_address>
         <size>0xa5</size>
         <input_file_ref idref="fl-4a"/>
      </object_component>
      <object_component id="oc-3b9">
         <name>.text:_drv_InitTimer</name>
         <load_address>0x822c3</load_address>
         <run_address>0x822c3</run_address>
         <size>0x8a</size>
         <input_file_ref idref="fl-4e"/>
      </object_component>
      <object_component id="oc-352">
         <name>.text</name>
         <load_address>0x8234d</load_address>
         <run_address>0x8234d</run_address>
         <size>0x88</size>
         <input_file_ref idref="fl-82"/>
      </object_component>
      <object_component id="oc-3c1">
         <name>.text:_InitPeripheralClocks</name>
         <load_address>0x823d5</load_address>
         <run_address>0x823d5</run_address>
         <size>0x7a</size>
         <input_file_ref idref="fl-14"/>
      </object_component>
      <object_component id="oc-399">
         <name>.text:_CAN_readMessage</name>
         <load_address>0x8244f</load_address>
         <run_address>0x8244f</run_address>
         <size>0x70</size>
         <input_file_ref idref="fl-1f"/>
      </object_component>
      <object_component id="oc-3d2">
         <name>.text:_EMIF_setAsyncTimingParams</name>
         <load_address>0x824bf</load_address>
         <run_address>0x824bf</run_address>
         <size>0x66</size>
         <input_file_ref idref="fl-4b"/>
      </object_component>
      <object_component id="oc-3a6">
         <name>.text</name>
         <load_address>0x82525</load_address>
         <run_address>0x82525</run_address>
         <size>0x1</size>
         <input_file_ref idref="fl-88"/>
      </object_component>
      <object_component id="oc-1eb">
         <name>.text</name>
         <load_address>0x82526</load_address>
         <run_address>0x82526</run_address>
         <size>0x5d</size>
         <input_file_ref idref="fl-1a"/>
      </object_component>
      <object_component id="oc-34b">
         <name>.text</name>
         <load_address>0x82583</load_address>
         <run_address>0x82583</run_address>
         <size>0x56</size>
         <input_file_ref idref="fl-81"/>
      </object_component>
      <object_component id="oc-39a">
         <name>.text:_CAN_clearInterruptStatus</name>
         <load_address>0x825d9</load_address>
         <run_address>0x825d9</run_address>
         <size>0x49</size>
         <input_file_ref idref="fl-1f"/>
      </object_component>
      <object_component id="oc-3b6">
         <name>.text:_drv_InitEMIF</name>
         <load_address>0x82622</load_address>
         <run_address>0x82622</run_address>
         <size>0x48</size>
         <input_file_ref idref="fl-4b"/>
      </object_component>
      <object_component id="oc-3cc">
         <name>.text:_EMIF_setAccessProtection</name>
         <load_address>0x8266a</load_address>
         <run_address>0x8266a</run_address>
         <size>0x42</size>
         <input_file_ref idref="fl-4b"/>
      </object_component>
      <object_component id="oc-3b2">
         <name>.text:_Interrupt_initModule</name>
         <load_address>0x826ac</load_address>
         <run_address>0x826ac</run_address>
         <size>0x3d</size>
         <input_file_ref idref="fl-2f"/>
      </object_component>
      <object_component id="oc-3d7">
         <name>.text:_ADC_setupSOC</name>
         <load_address>0x826e9</load_address>
         <run_address>0x826e9</run_address>
         <size>0x3a</size>
         <input_file_ref idref="fl-49"/>
      </object_component>
      <object_component id="oc-3ae">
         <name>.text:_main</name>
         <load_address>0x82723</load_address>
         <run_address>0x82723</run_address>
         <size>0x3a</size>
         <input_file_ref idref="fl-2"/>
      </object_component>
      <object_component id="oc-3dd">
         <name>.text:_bsp_SelOVSAD7606</name>
         <load_address>0x8275d</load_address>
         <run_address>0x8275d</run_address>
         <size>0x36</size>
         <input_file_ref idref="fl-47"/>
      </object_component>
      <object_component id="oc-3e4">
         <name>.text:_Interrupt_enable</name>
         <load_address>0x82793</load_address>
         <run_address>0x82793</run_address>
         <size>0x34</size>
         <input_file_ref idref="fl-2f"/>
      </object_component>
      <object_component id="oc-309">
         <name>.text:_drv_irq_DMA_CANA</name>
         <load_address>0x827c7</load_address>
         <run_address>0x827c7</run_address>
         <size>0x2e</size>
         <input_file_ref idref="fl-4a"/>
      </object_component>
      <object_component id="oc-3cf">
         <name>.text:_EMIF_setAsyncMode</name>
         <load_address>0x827f5</load_address>
         <run_address>0x827f5</run_address>
         <size>0x2a</size>
         <input_file_ref idref="fl-4b"/>
      </object_component>
      <object_component id="oc-3e0">
         <name>.text:_drv_ConfigTimer</name>
         <load_address>0x8281f</load_address>
         <run_address>0x8281f</run_address>
         <size>0x2a</size>
         <input_file_ref idref="fl-4e"/>
      </object_component>
      <object_component id="oc-3a8">
         <name>.text</name>
         <load_address>0x82849</load_address>
         <run_address>0x82849</run_address>
         <size>0x29</size>
         <input_file_ref idref="fl-89"/>
      </object_component>
      <object_component id="oc-3d8">
         <name>.text:_ADC_setInterruptSource</name>
         <load_address>0x82872</load_address>
         <run_address>0x82872</run_address>
         <size>0x28</size>
         <input_file_ref idref="fl-49"/>
      </object_component>
      <object_component id="oc-3db">
         <name>.text:_GPIO_writePin</name>
         <load_address>0x8289a</load_address>
         <run_address>0x8289a</run_address>
         <size>0x28</size>
         <input_file_ref idref="fl-47"/>
      </object_component>
      <object_component id="oc-3d1">
         <name>.text:_EMIF_setAsyncDataBusWidth</name>
         <load_address>0x828c2</load_address>
         <run_address>0x828c2</run_address>
         <size>0x26</size>
         <input_file_ref idref="fl-4b"/>
      </object_component>
      <object_component id="oc-3d0">
         <name>.text:_EMIF_disableAsyncExtendedWait</name>
         <load_address>0x828e8</load_address>
         <run_address>0x828e8</run_address>
         <size>0x25</size>
         <input_file_ref idref="fl-4b"/>
      </object_component>
      <object_component id="oc-3fc">
         <name>.text:_GPIO_readPin</name>
         <load_address>0x8290d</load_address>
         <run_address>0x8290d</run_address>
         <size>0x24</size>
         <input_file_ref idref="fl-47"/>
      </object_component>
      <object_component id="oc-3dc">
         <name>.text:_bsp_SelVolRangeAD7606</name>
         <load_address>0x82931</load_address>
         <run_address>0x82931</run_address>
         <size>0x24</size>
         <input_file_ref idref="fl-47"/>
      </object_component>
      <object_component id="oc-3a5">
         <name>.text</name>
         <load_address>0x82955</load_address>
         <run_address>0x82955</run_address>
         <size>0x24</size>
         <input_file_ref idref="fl-85"/>
      </object_component>
      <object_component id="oc-3ee">
         <name>.text:_ADC_readResult</name>
         <load_address>0x82979</load_address>
         <run_address>0x82979</run_address>
         <size>0x23</size>
         <input_file_ref idref="fl-49"/>
      </object_component>
      <object_component id="oc-3d9">
         <name>.text:_ADC_enableInterrupt</name>
         <load_address>0x8299c</load_address>
         <run_address>0x8299c</run_address>
         <size>0x22</size>
         <input_file_ref idref="fl-49"/>
      </object_component>
      <object_component id="oc-3bc">
         <name>.text:_GPIO_togglePin</name>
         <load_address>0x829be</load_address>
         <run_address>0x829be</run_address>
         <size>0x20</size>
         <input_file_ref idref="fl-2"/>
      </object_component>
      <object_component id="oc-3b8">
         <name>.text:_bsp_InitAD7606</name>
         <load_address>0x829de</load_address>
         <run_address>0x829de</run_address>
         <size>0x20</size>
         <input_file_ref idref="fl-47"/>
      </object_component>
      <object_component id="oc-3f3">
         <name>.text:_ADC_isBaseValid</name>
         <load_address>0x829fe</load_address>
         <run_address>0x829fe</run_address>
         <size>0x1f</size>
         <input_file_ref idref="fl-1d"/>
      </object_component>
      <object_component id="oc-3f2">
         <name>.text:_ADC_isBaseValid</name>
         <load_address>0x82a1d</load_address>
         <run_address>0x82a1d</run_address>
         <size>0x1f</size>
         <input_file_ref idref="fl-49"/>
      </object_component>
      <object_component id="oc-39b">
         <name>.text:_CAN_clearGlobalInterruptStatus</name>
         <load_address>0x82a3c</load_address>
         <run_address>0x82a3c</run_address>
         <size>0x1f</size>
         <input_file_ref idref="fl-4a"/>
      </object_component>
      <object_component id="oc-3ed">
         <name>.text:_ADC_getInterruptStatus</name>
         <load_address>0x82a5b</load_address>
         <run_address>0x82a5b</run_address>
         <size>0x1e</size>
         <input_file_ref idref="fl-49"/>
      </object_component>
      <object_component id="oc-3b3">
         <name>.text:_Interrupt_initVectorTable</name>
         <load_address>0x82a79</load_address>
         <run_address>0x82a79</run_address>
         <size>0x1e</size>
         <input_file_ref idref="fl-2f"/>
      </object_component>
      <object_component id="oc-35c">
         <name>.text</name>
         <load_address>0x82a97</load_address>
         <run_address>0x82a97</run_address>
         <size>0x1e</size>
         <input_file_ref idref="fl-84"/>
      </object_component>
      <object_component id="oc-3ad">
         <name>.text</name>
         <load_address>0x82ab5</load_address>
         <run_address>0x82ab5</run_address>
         <size>0x1d</size>
         <input_file_ref idref="fl-86"/>
      </object_component>
      <object_component id="oc-3cd">
         <name>.text:_EMIF_commitAccessConfig</name>
         <load_address>0x82ad2</load_address>
         <run_address>0x82ad2</run_address>
         <size>0x1c</size>
         <input_file_ref idref="fl-4b"/>
      </object_component>
      <object_component id="oc-3ac">
         <name>.text:_CAN_readDataReg</name>
         <load_address>0x82aee</load_address>
         <run_address>0x82aee</run_address>
         <size>0x1b</size>
         <input_file_ref idref="fl-1f"/>
      </object_component>
      <object_component id="oc-3fd">
         <name>.text:_CPUTimer_isBaseValid</name>
         <load_address>0x82b09</load_address>
         <run_address>0x82b09</run_address>
         <size>0x1a</size>
         <input_file_ref idref="fl-23"/>
      </object_component>
      <object_component id="oc-3f6">
         <name>.text:_CPUTimer_isBaseValid</name>
         <load_address>0x82b23</load_address>
         <run_address>0x82b23</run_address>
         <size>0x1a</size>
         <input_file_ref idref="fl-4e"/>
      </object_component>
      <object_component id="oc-3ce">
         <name>.text:_EMIF_lockAccessConfig</name>
         <load_address>0x82b3d</load_address>
         <run_address>0x82b3d</run_address>
         <size>0x1a</size>
         <input_file_ref idref="fl-4b"/>
      </object_component>
      <object_component id="oc-3ca">
         <name>.text:_EMIF_selectMaster</name>
         <load_address>0x82b57</load_address>
         <run_address>0x82b57</run_address>
         <size>0x1a</size>
         <input_file_ref idref="fl-4b"/>
      </object_component>
      <object_component id="oc-3e5">
         <name>.text:_CPUTimer_startTimer</name>
         <load_address>0x82b71</load_address>
         <run_address>0x82b71</run_address>
         <size>0x19</size>
         <input_file_ref idref="fl-4e"/>
      </object_component>
      <object_component id="oc-3d5">
         <name>.text:_ADC_setInterruptPulseMode</name>
         <load_address>0x82b8a</load_address>
         <run_address>0x82b8a</run_address>
         <size>0x18</size>
         <input_file_ref idref="fl-49"/>
      </object_component>
      <object_component id="oc-3d3">
         <name>.text:_ADC_setPrescaler</name>
         <load_address>0x82ba2</load_address>
         <run_address>0x82ba2</run_address>
         <size>0x18</size>
         <input_file_ref idref="fl-49"/>
      </object_component>
      <object_component id="oc-3df">
         <name>.text:_CPUTimer_setPreScaler</name>
         <load_address>0x82bba</load_address>
         <run_address>0x82bba</run_address>
         <size>0x18</size>
         <input_file_ref idref="fl-4e"/>
      </object_component>
      <object_component id="oc-357">
         <name>.text</name>
         <load_address>0x82bd2</load_address>
         <run_address>0x82bd2</run_address>
         <size>0x18</size>
         <input_file_ref idref="fl-83"/>
      </object_component>
      <object_component id="oc-3da">
         <name>.text:_ADC_clearInterruptStatus</name>
         <load_address>0x82bea</load_address>
         <run_address>0x82bea</run_address>
         <size>0x15</size>
         <input_file_ref idref="fl-49"/>
      </object_component>
      <object_component id="oc-3d6">
         <name>.text:_ADC_enableConverter</name>
         <load_address>0x82bff</load_address>
         <run_address>0x82bff</run_address>
         <size>0x15</size>
         <input_file_ref idref="fl-49"/>
      </object_component>
      <object_component id="oc-3ec">
         <name>.text:_ADC_forceMultipleSOC</name>
         <load_address>0x82c14</load_address>
         <run_address>0x82c14</run_address>
         <size>0x15</size>
         <input_file_ref idref="fl-49"/>
      </object_component>
      <object_component id="oc-3ab">
         <name>.text:_CAN_isBaseValid</name>
         <load_address>0x82c29</load_address>
         <run_address>0x82c29</run_address>
         <size>0x15</size>
         <input_file_ref idref="fl-1f"/>
      </object_component>
      <object_component id="oc-3a9">
         <name>.text:_CAN_isBaseValid</name>
         <load_address>0x82c3e</load_address>
         <run_address>0x82c3e</run_address>
         <size>0x15</size>
         <input_file_ref idref="fl-4a"/>
      </object_component>
      <object_component id="oc-3f1">
         <name>.text:_EMIF_isBaseValid</name>
         <load_address>0x82c53</load_address>
         <run_address>0x82c53</run_address>
         <size>0x15</size>
         <input_file_ref idref="fl-4b"/>
      </object_component>
      <object_component id="oc-397">
         <name>.text:_CAN_getInterruptCause</name>
         <load_address>0x82c68</load_address>
         <run_address>0x82c68</run_address>
         <size>0x13</size>
         <input_file_ref idref="fl-4a"/>
      </object_component>
      <object_component id="oc-3f8">
         <name>.text:_CPUTimer_setEmulationMode</name>
         <load_address>0x82c7b</load_address>
         <run_address>0x82c7b</run_address>
         <size>0x13</size>
         <input_file_ref idref="fl-23"/>
      </object_component>
      <object_component id="oc-3e3">
         <name>.text:_CPUTimer_enableInterrupt</name>
         <load_address>0x82c8e</load_address>
         <run_address>0x82c8e</run_address>
         <size>0x12</size>
         <input_file_ref idref="fl-4e"/>
      </object_component>
      <object_component id="oc-3e1">
         <name>.text:_CPUTimer_reloadTimerCounter</name>
         <load_address>0x82ca0</load_address>
         <run_address>0x82ca0</run_address>
         <size>0x12</size>
         <input_file_ref idref="fl-4e"/>
      </object_component>
      <object_component id="oc-3de">
         <name>.text:_CPUTimer_setPeriod</name>
         <load_address>0x82cb2</load_address>
         <run_address>0x82cb2</run_address>
         <size>0x12</size>
         <input_file_ref idref="fl-4e"/>
      </object_component>
      <object_component id="oc-3f7">
         <name>.text:_CPUTimer_stopTimer</name>
         <load_address>0x82cc4</load_address>
         <run_address>0x82cc4</run_address>
         <size>0x12</size>
         <input_file_ref idref="fl-4e"/>
      </object_component>
      <object_component id="oc-3cb">
         <name>.text:_SysCtl_setEMIF1ClockDivider</name>
         <load_address>0x82cd6</load_address>
         <run_address>0x82cd6</run_address>
         <size>0x12</size>
         <input_file_ref idref="fl-4b"/>
      </object_component>
      <object_component id="oc-3a7">
         <name>.text</name>
         <load_address>0x82ce8</load_address>
         <run_address>0x82ce8</run_address>
         <size>0x12</size>
         <input_file_ref idref="fl-8b"/>
      </object_component>
      <object_component id="oc-398">
         <name>.text:_CAN_getStatus</name>
         <load_address>0x82cfa</load_address>
         <run_address>0x82cfa</run_address>
         <size>0x11</size>
         <input_file_ref idref="fl-4a"/>
      </object_component>
      <object_component id="oc-3b1">
         <name>.text:_InitSysCtrl</name>
         <load_address>0x82d0b</load_address>
         <run_address>0x82d0b</run_address>
         <size>0x11</size>
         <input_file_ref idref="fl-14"/>
      </object_component>
      <object_component id="oc-3ef">
         <name>.text:_EMIF_isEMIF1ConfigBaseValid</name>
         <load_address>0x82d1c</load_address>
         <run_address>0x82d1c</run_address>
         <size>0x10</size>
         <input_file_ref idref="fl-4b"/>
      </object_component>
      <object_component id="oc-3f0">
         <name>.text:_EMIF_isEMIF2ConfigBaseValid</name>
         <load_address>0x82d2c</load_address>
         <run_address>0x82d2c</run_address>
         <size>0x10</size>
         <input_file_ref idref="fl-4b"/>
      </object_component>
      <object_component id="oc-3e2">
         <name>.text:_Interrupt_register</name>
         <load_address>0x82d3c</load_address>
         <run_address>0x82d3c</run_address>
         <size>0x10</size>
         <input_file_ref idref="fl-4e"/>
      </object_component>
      <object_component id="oc-3bf">
         <name>.text:_DisableDog</name>
         <load_address>0x82d4c</load_address>
         <run_address>0x82d4c</run_address>
         <size>0xe</size>
         <input_file_ref idref="fl-14"/>
      </object_component>
      <object_component id="oc-3f4">
         <name>.text:_GPIO_isPinValid</name>
         <load_address>0x82d5a</load_address>
         <run_address>0x82d5a</run_address>
         <size>0xe</size>
         <input_file_ref idref="fl-47"/>
      </object_component>
      <object_component id="oc-3ea">
         <name>.text:_GPIO_isPinValid</name>
         <load_address>0x82d68</load_address>
         <run_address>0x82d68</run_address>
         <size>0xe</size>
         <input_file_ref idref="fl-2"/>
      </object_component>
      <object_component id="oc-3c3">
         <name>.text:_Interrupt_defaultHandler</name>
         <load_address>0x82d76</load_address>
         <run_address>0x82d76</run_address>
         <size>0xe</size>
         <input_file_ref idref="fl-2f"/>
      </object_component>
      <object_component id="oc-124">
         <name>.text:_EMPTY_ISR</name>
         <load_address>0x82d84</load_address>
         <run_address>0x82d84</run_address>
         <size>0xd</size>
         <input_file_ref idref="fl-6"/>
      </object_component>
      <object_component id="oc-3c2">
         <name>.text:_Interrupt_disableMaster</name>
         <load_address>0x82d91</load_address>
         <run_address>0x82d91</run_address>
         <size>0xd</size>
         <input_file_ref idref="fl-2f"/>
      </object_component>
      <object_component id="oc-3f9">
         <name>.text:_Interrupt_enableMaster</name>
         <load_address>0x82d9e</load_address>
         <run_address>0x82d9e</run_address>
         <size>0xd</size>
         <input_file_ref idref="fl-2f"/>
      </object_component>
      <object_component id="oc-ac">
         <name>.text:_ADCA1_ISR</name>
         <load_address>0x82dab</load_address>
         <run_address>0x82dab</run_address>
         <size>0xa</size>
         <input_file_ref idref="fl-6"/>
      </object_component>
      <object_component id="oc-ec">
         <name>.text:_ADCA2_ISR</name>
         <load_address>0x82db5</load_address>
         <run_address>0x82db5</run_address>
         <size>0xa</size>
         <input_file_ref idref="fl-6"/>
      </object_component>
      <object_component id="oc-ed">
         <name>.text:_ADCA3_ISR</name>
         <load_address>0x82dbf</load_address>
         <run_address>0x82dbf</run_address>
         <size>0xa</size>
         <input_file_ref idref="fl-6"/>
      </object_component>
      <object_component id="oc-ee">
         <name>.text:_ADCA4_ISR</name>
         <load_address>0x82dc9</load_address>
         <run_address>0x82dc9</run_address>
         <size>0xa</size>
         <input_file_ref idref="fl-6"/>
      </object_component>
      <object_component id="oc-eb">
         <name>.text:_ADCA_EVT_ISR</name>
         <load_address>0x82dd3</load_address>
         <run_address>0x82dd3</run_address>
         <size>0xa</size>
         <input_file_ref idref="fl-6"/>
      </object_component>
      <object_component id="oc-ad">
         <name>.text:_ADCB1_ISR</name>
         <load_address>0x82ddd</load_address>
         <run_address>0x82ddd</run_address>
         <size>0xa</size>
         <input_file_ref idref="fl-6"/>
      </object_component>
      <object_component id="oc-f0">
         <name>.text:_ADCB2_ISR</name>
         <load_address>0x82de7</load_address>
         <run_address>0x82de7</run_address>
         <size>0xa</size>
         <input_file_ref idref="fl-6"/>
      </object_component>
      <object_component id="oc-f1">
         <name>.text:_ADCB3_ISR</name>
         <load_address>0x82df1</load_address>
         <run_address>0x82df1</run_address>
         <size>0xa</size>
         <input_file_ref idref="fl-6"/>
      </object_component>
      <object_component id="oc-f2">
         <name>.text:_ADCB4_ISR</name>
         <load_address>0x82dfb</load_address>
         <run_address>0x82dfb</run_address>
         <size>0xa</size>
         <input_file_ref idref="fl-6"/>
      </object_component>
      <object_component id="oc-ef">
         <name>.text:_ADCB_EVT_ISR</name>
         <load_address>0x82e05</load_address>
         <run_address>0x82e05</run_address>
         <size>0xa</size>
         <input_file_ref idref="fl-6"/>
      </object_component>
      <object_component id="oc-ae">
         <name>.text:_ADCC1_ISR</name>
         <load_address>0x82e0f</load_address>
         <run_address>0x82e0f</run_address>
         <size>0xa</size>
         <input_file_ref idref="fl-6"/>
      </object_component>
      <object_component id="oc-114">
         <name>.text:_ADCC2_ISR</name>
         <load_address>0x82e19</load_address>
         <run_address>0x82e19</run_address>
         <size>0xa</size>
         <input_file_ref idref="fl-6"/>
      </object_component>
      <object_component id="oc-115">
         <name>.text:_ADCC3_ISR</name>
         <load_address>0x82e23</load_address>
         <run_address>0x82e23</run_address>
         <size>0xa</size>
         <input_file_ref idref="fl-6"/>
      </object_component>
      <object_component id="oc-116">
         <name>.text:_ADCC4_ISR</name>
         <load_address>0x82e2d</load_address>
         <run_address>0x82e2d</run_address>
         <size>0xa</size>
         <input_file_ref idref="fl-6"/>
      </object_component>
      <object_component id="oc-113">
         <name>.text:_ADCC_EVT_ISR</name>
         <load_address>0x82e37</load_address>
         <run_address>0x82e37</run_address>
         <size>0xa</size>
         <input_file_ref idref="fl-6"/>
      </object_component>
      <object_component id="oc-b1">
         <name>.text:_ADCD1_ISR</name>
         <load_address>0x82e41</load_address>
         <run_address>0x82e41</run_address>
         <size>0xa</size>
         <input_file_ref idref="fl-6"/>
      </object_component>
      <object_component id="oc-118">
         <name>.text:_ADCD2_ISR</name>
         <load_address>0x82e4b</load_address>
         <run_address>0x82e4b</run_address>
         <size>0xa</size>
         <input_file_ref idref="fl-6"/>
      </object_component>
      <object_component id="oc-119">
         <name>.text:_ADCD3_ISR</name>
         <load_address>0x82e55</load_address>
         <run_address>0x82e55</run_address>
         <size>0xa</size>
         <input_file_ref idref="fl-6"/>
      </object_component>
      <object_component id="oc-11a">
         <name>.text:_ADCD4_ISR</name>
         <load_address>0x82e5f</load_address>
         <run_address>0x82e5f</run_address>
         <size>0xa</size>
         <input_file_ref idref="fl-6"/>
      </object_component>
      <object_component id="oc-117">
         <name>.text:_ADCD_EVT_ISR</name>
         <load_address>0x82e69</load_address>
         <run_address>0x82e69</run_address>
         <size>0xa</size>
         <input_file_ref idref="fl-6"/>
      </object_component>
      <object_component id="oc-120">
         <name>.text:_AUX_PLL_SLIP_ISR</name>
         <load_address>0x82e73</load_address>
         <run_address>0x82e73</run_address>
         <size>0xa</size>
         <input_file_ref idref="fl-6"/>
      </object_component>
      <object_component id="oc-e7">
         <name>.text:_CANA0_ISR</name>
         <load_address>0x82e7d</load_address>
         <run_address>0x82e7d</run_address>
         <size>0xa</size>
         <input_file_ref idref="fl-6"/>
      </object_component>
      <object_component id="oc-e8">
         <name>.text:_CANA1_ISR</name>
         <load_address>0x82e87</load_address>
         <run_address>0x82e87</run_address>
         <size>0xa</size>
         <input_file_ref idref="fl-6"/>
      </object_component>
      <object_component id="oc-e9">
         <name>.text:_CANB0_ISR</name>
         <load_address>0x82e91</load_address>
         <run_address>0x82e91</run_address>
         <size>0xa</size>
         <input_file_ref idref="fl-6"/>
      </object_component>
      <object_component id="oc-ea">
         <name>.text:_CANB1_ISR</name>
         <load_address>0x82e9b</load_address>
         <run_address>0x82e9b</run_address>
         <size>0xa</size>
         <input_file_ref idref="fl-6"/>
      </object_component>
      <object_component id="oc-f3">
         <name>.text:_CLA1_1_ISR</name>
         <load_address>0x82ea5</load_address>
         <run_address>0x82ea5</run_address>
         <size>0xa</size>
         <input_file_ref idref="fl-6"/>
      </object_component>
      <object_component id="oc-f4">
         <name>.text:_CLA1_2_ISR</name>
         <load_address>0x82eaf</load_address>
         <run_address>0x82eaf</run_address>
         <size>0xa</size>
         <input_file_ref idref="fl-6"/>
      </object_component>
      <object_component id="oc-f5">
         <name>.text:_CLA1_3_ISR</name>
         <load_address>0x82eb9</load_address>
         <run_address>0x82eb9</run_address>
         <size>0xa</size>
         <input_file_ref idref="fl-6"/>
      </object_component>
      <object_component id="oc-f6">
         <name>.text:_CLA1_4_ISR</name>
         <load_address>0x82ec3</load_address>
         <run_address>0x82ec3</run_address>
         <size>0xa</size>
         <input_file_ref idref="fl-6"/>
      </object_component>
      <object_component id="oc-f7">
         <name>.text:_CLA1_5_ISR</name>
         <load_address>0x82ecd</load_address>
         <run_address>0x82ecd</run_address>
         <size>0xa</size>
         <input_file_ref idref="fl-6"/>
      </object_component>
      <object_component id="oc-f8">
         <name>.text:_CLA1_6_ISR</name>
         <load_address>0x82ed7</load_address>
         <run_address>0x82ed7</run_address>
         <size>0xa</size>
         <input_file_ref idref="fl-6"/>
      </object_component>
      <object_component id="oc-f9">
         <name>.text:_CLA1_7_ISR</name>
         <load_address>0x82ee1</load_address>
         <run_address>0x82ee1</run_address>
         <size>0xa</size>
         <input_file_ref idref="fl-6"/>
      </object_component>
      <object_component id="oc-fa">
         <name>.text:_CLA1_8_ISR</name>
         <load_address>0x82eeb</load_address>
         <run_address>0x82eeb</run_address>
         <size>0xa</size>
         <input_file_ref idref="fl-6"/>
      </object_component>
      <object_component id="oc-121">
         <name>.text:_CLA_OVERFLOW_ISR</name>
         <load_address>0x82ef5</load_address>
         <run_address>0x82ef5</run_address>
         <size>0xa</size>
         <input_file_ref idref="fl-6"/>
      </object_component>
      <object_component id="oc-122">
         <name>.text:_CLA_UNDERFLOW_ISR</name>
         <load_address>0x82eff</load_address>
         <run_address>0x82eff</run_address>
         <size>0xa</size>
         <input_file_ref idref="fl-6"/>
      </object_component>
      <object_component id="oc-9b">
         <name>.text:_DATALOG_ISR</name>
         <load_address>0x82f09</load_address>
         <run_address>0x82f09</run_address>
         <size>0xa</size>
         <input_file_ref idref="fl-6"/>
      </object_component>
      <object_component id="oc-d5">
         <name>.text:_DMA_CH1_ISR</name>
         <load_address>0x82f13</load_address>
         <run_address>0x82f13</run_address>
         <size>0xa</size>
         <input_file_ref idref="fl-6"/>
      </object_component>
      <object_component id="oc-d6">
         <name>.text:_DMA_CH2_ISR</name>
         <load_address>0x82f1d</load_address>
         <run_address>0x82f1d</run_address>
         <size>0xa</size>
         <input_file_ref idref="fl-6"/>
      </object_component>
      <object_component id="oc-d7">
         <name>.text:_DMA_CH3_ISR</name>
         <load_address>0x82f27</load_address>
         <run_address>0x82f27</run_address>
         <size>0xa</size>
         <input_file_ref idref="fl-6"/>
      </object_component>
      <object_component id="oc-d8">
         <name>.text:_DMA_CH4_ISR</name>
         <load_address>0x82f31</load_address>
         <run_address>0x82f31</run_address>
         <size>0xa</size>
         <input_file_ref idref="fl-6"/>
      </object_component>
      <object_component id="oc-d9">
         <name>.text:_DMA_CH5_ISR</name>
         <load_address>0x82f3b</load_address>
         <run_address>0x82f3b</run_address>
         <size>0xa</size>
         <input_file_ref idref="fl-6"/>
      </object_component>
      <object_component id="oc-da">
         <name>.text:_DMA_CH6_ISR</name>
         <load_address>0x82f45</load_address>
         <run_address>0x82f45</run_address>
         <size>0xa</size>
         <input_file_ref idref="fl-6"/>
      </object_component>
      <object_component id="oc-c4">
         <name>.text:_ECAP1_ISR</name>
         <load_address>0x82f4f</load_address>
         <run_address>0x82f4f</run_address>
         <size>0xa</size>
         <input_file_ref idref="fl-6"/>
      </object_component>
      <object_component id="oc-c5">
         <name>.text:_ECAP2_ISR</name>
         <load_address>0x82f59</load_address>
         <run_address>0x82f59</run_address>
         <size>0xa</size>
         <input_file_ref idref="fl-6"/>
      </object_component>
      <object_component id="oc-c6">
         <name>.text:_ECAP3_ISR</name>
         <load_address>0x82f63</load_address>
         <run_address>0x82f63</run_address>
         <size>0xa</size>
         <input_file_ref idref="fl-6"/>
      </object_component>
      <object_component id="oc-c7">
         <name>.text:_ECAP4_ISR</name>
         <load_address>0x82f6d</load_address>
         <run_address>0x82f6d</run_address>
         <size>0xa</size>
         <input_file_ref idref="fl-6"/>
      </object_component>
      <object_component id="oc-c8">
         <name>.text:_ECAP5_ISR</name>
         <load_address>0x82f77</load_address>
         <run_address>0x82f77</run_address>
         <size>0xa</size>
         <input_file_ref idref="fl-6"/>
      </object_component>
      <object_component id="oc-c9">
         <name>.text:_ECAP6_ISR</name>
         <load_address>0x82f81</load_address>
         <run_address>0x82f81</run_address>
         <size>0xa</size>
         <input_file_ref idref="fl-6"/>
      </object_component>
      <object_component id="oc-11b">
         <name>.text:_EMIF_ERROR_ISR</name>
         <load_address>0x82f8b</load_address>
         <run_address>0x82f8b</run_address>
         <size>0xa</size>
         <input_file_ref idref="fl-6"/>
      </object_component>
      <object_component id="oc-9d">
         <name>.text:_EMU_ISR</name>
         <load_address>0x82f95</load_address>
         <run_address>0x82f95</run_address>
         <size>0xa</size>
         <input_file_ref idref="fl-6"/>
      </object_component>
      <object_component id="oc-10a">
         <name>.text:_EPWM10_ISR</name>
         <load_address>0x82f9f</load_address>
         <run_address>0x82f9f</run_address>
         <size>0xa</size>
         <input_file_ref idref="fl-6"/>
      </object_component>
      <object_component id="oc-106">
         <name>.text:_EPWM10_TZ_ISR</name>
         <load_address>0x82fa9</load_address>
         <run_address>0x82fa9</run_address>
         <size>0xa</size>
         <input_file_ref idref="fl-6"/>
      </object_component>
      <object_component id="oc-10b">
         <name>.text:_EPWM11_ISR</name>
         <load_address>0x82fb3</load_address>
         <run_address>0x82fb3</run_address>
         <size>0xa</size>
         <input_file_ref idref="fl-6"/>
      </object_component>
      <object_component id="oc-107">
         <name>.text:_EPWM11_TZ_ISR</name>
         <load_address>0x82fbd</load_address>
         <run_address>0x82fbd</run_address>
         <size>0xa</size>
         <input_file_ref idref="fl-6"/>
      </object_component>
      <object_component id="oc-10c">
         <name>.text:_EPWM12_ISR</name>
         <load_address>0x82fc7</load_address>
         <run_address>0x82fc7</run_address>
         <size>0xa</size>
         <input_file_ref idref="fl-6"/>
      </object_component>
      <object_component id="oc-108">
         <name>.text:_EPWM12_TZ_ISR</name>
         <load_address>0x82fd1</load_address>
         <run_address>0x82fd1</run_address>
         <size>0xa</size>
         <input_file_ref idref="fl-6"/>
      </object_component>
      <object_component id="oc-bc">
         <name>.text:_EPWM1_ISR</name>
         <load_address>0x82fdb</load_address>
         <run_address>0x82fdb</run_address>
         <size>0xa</size>
         <input_file_ref idref="fl-6"/>
      </object_component>
      <object_component id="oc-b4">
         <name>.text:_EPWM1_TZ_ISR</name>
         <load_address>0x82fe5</load_address>
         <run_address>0x82fe5</run_address>
         <size>0xa</size>
         <input_file_ref idref="fl-6"/>
      </object_component>
      <object_component id="oc-bd">
         <name>.text:_EPWM2_ISR</name>
         <load_address>0x82fef</load_address>
         <run_address>0x82fef</run_address>
         <size>0xa</size>
         <input_file_ref idref="fl-6"/>
      </object_component>
      <object_component id="oc-b5">
         <name>.text:_EPWM2_TZ_ISR</name>
         <load_address>0x82ff9</load_address>
         <run_address>0x82ff9</run_address>
         <size>0xa</size>
         <input_file_ref idref="fl-6"/>
      </object_component>
      <object_component id="oc-be">
         <name>.text:_EPWM3_ISR</name>
         <load_address>0x83003</load_address>
         <run_address>0x83003</run_address>
         <size>0xa</size>
         <input_file_ref idref="fl-6"/>
      </object_component>
      <object_component id="oc-b6">
         <name>.text:_EPWM3_TZ_ISR</name>
         <load_address>0x8300d</load_address>
         <run_address>0x8300d</run_address>
         <size>0xa</size>
         <input_file_ref idref="fl-6"/>
      </object_component>
      <object_component id="oc-bf">
         <name>.text:_EPWM4_ISR</name>
         <load_address>0x83017</load_address>
         <run_address>0x83017</run_address>
         <size>0xa</size>
         <input_file_ref idref="fl-6"/>
      </object_component>
      <object_component id="oc-b7">
         <name>.text:_EPWM4_TZ_ISR</name>
         <load_address>0x83021</load_address>
         <run_address>0x83021</run_address>
         <size>0xa</size>
         <input_file_ref idref="fl-6"/>
      </object_component>
      <object_component id="oc-c0">
         <name>.text:_EPWM5_ISR</name>
         <load_address>0x8302b</load_address>
         <run_address>0x8302b</run_address>
         <size>0xa</size>
         <input_file_ref idref="fl-6"/>
      </object_component>
      <object_component id="oc-b8">
         <name>.text:_EPWM5_TZ_ISR</name>
         <load_address>0x83035</load_address>
         <run_address>0x83035</run_address>
         <size>0xa</size>
         <input_file_ref idref="fl-6"/>
      </object_component>
      <object_component id="oc-c1">
         <name>.text:_EPWM6_ISR</name>
         <load_address>0x8303f</load_address>
         <run_address>0x8303f</run_address>
         <size>0xa</size>
         <input_file_ref idref="fl-6"/>
      </object_component>
      <object_component id="oc-b9">
         <name>.text:_EPWM6_TZ_ISR</name>
         <load_address>0x83049</load_address>
         <run_address>0x83049</run_address>
         <size>0xa</size>
         <input_file_ref idref="fl-6"/>
      </object_component>
      <object_component id="oc-c2">
         <name>.text:_EPWM7_ISR</name>
         <load_address>0x83053</load_address>
         <run_address>0x83053</run_address>
         <size>0xa</size>
         <input_file_ref idref="fl-6"/>
      </object_component>
      <object_component id="oc-ba">
         <name>.text:_EPWM7_TZ_ISR</name>
         <load_address>0x8305d</load_address>
         <run_address>0x8305d</run_address>
         <size>0xa</size>
         <input_file_ref idref="fl-6"/>
      </object_component>
      <object_component id="oc-c3">
         <name>.text:_EPWM8_ISR</name>
         <load_address>0x83067</load_address>
         <run_address>0x83067</run_address>
         <size>0xa</size>
         <input_file_ref idref="fl-6"/>
      </object_component>
      <object_component id="oc-bb">
         <name>.text:_EPWM8_TZ_ISR</name>
         <load_address>0x83071</load_address>
         <run_address>0x83071</run_address>
         <size>0xa</size>
         <input_file_ref idref="fl-6"/>
      </object_component>
      <object_component id="oc-109">
         <name>.text:_EPWM9_ISR</name>
         <load_address>0x8307b</load_address>
         <run_address>0x8307b</run_address>
         <size>0xa</size>
         <input_file_ref idref="fl-6"/>
      </object_component>
      <object_component id="oc-105">
         <name>.text:_EPWM9_TZ_ISR</name>
         <load_address>0x83085</load_address>
         <run_address>0x83085</run_address>
         <size>0xa</size>
         <input_file_ref idref="fl-6"/>
      </object_component>
      <object_component id="oc-ca">
         <name>.text:_EQEP1_ISR</name>
         <load_address>0x8308f</load_address>
         <run_address>0x8308f</run_address>
         <size>0xa</size>
         <input_file_ref idref="fl-6"/>
      </object_component>
      <object_component id="oc-cb">
         <name>.text:_EQEP2_ISR</name>
         <load_address>0x83099</load_address>
         <run_address>0x83099</run_address>
         <size>0xa</size>
         <input_file_ref idref="fl-6"/>
      </object_component>
      <object_component id="oc-cc">
         <name>.text:_EQEP3_ISR</name>
         <load_address>0x830a3</load_address>
         <run_address>0x830a3</run_address>
         <size>0xa</size>
         <input_file_ref idref="fl-6"/>
      </object_component>
      <object_component id="oc-11d">
         <name>.text:_FLASH_CORRECTABLE_ERROR_ISR</name>
         <load_address>0x830ad</load_address>
         <run_address>0x830ad</run_address>
         <size>0xa</size>
         <input_file_ref idref="fl-6"/>
      </object_component>
      <object_component id="oc-ff">
         <name>.text:_FPU_OVERFLOW_ISR</name>
         <load_address>0x830b7</load_address>
         <run_address>0x830b7</run_address>
         <size>0xa</size>
         <input_file_ref idref="fl-6"/>
      </object_component>
      <object_component id="oc-100">
         <name>.text:_FPU_UNDERFLOW_ISR</name>
         <load_address>0x830c1</load_address>
         <run_address>0x830c1</run_address>
         <size>0xa</size>
         <input_file_ref idref="fl-6"/>
      </object_component>
      <object_component id="oc-dc">
         <name>.text:_I2CA_FIFO_ISR</name>
         <load_address>0x830cb</load_address>
         <run_address>0x830cb</run_address>
         <size>0xa</size>
         <input_file_ref idref="fl-6"/>
      </object_component>
      <object_component id="oc-db">
         <name>.text:_I2CA_ISR</name>
         <load_address>0x830d5</load_address>
         <run_address>0x830d5</run_address>
         <size>0xa</size>
         <input_file_ref idref="fl-6"/>
      </object_component>
      <object_component id="oc-de">
         <name>.text:_I2CB_FIFO_ISR</name>
         <load_address>0x830df</load_address>
         <run_address>0x830df</run_address>
         <size>0xa</size>
         <input_file_ref idref="fl-6"/>
      </object_component>
      <object_component id="oc-dd">
         <name>.text:_I2CB_ISR</name>
         <load_address>0x830e9</load_address>
         <run_address>0x830e9</run_address>
         <size>0xa</size>
         <input_file_ref idref="fl-6"/>
      </object_component>
      <object_component id="oc-9f">
         <name>.text:_ILLEGAL_ISR</name>
         <load_address>0x830f3</load_address>
         <run_address>0x830f3</run_address>
         <size>0xa</size>
         <input_file_ref idref="fl-6"/>
      </object_component>
      <object_component id="oc-101">
         <name>.text:_IPC0_ISR</name>
         <load_address>0x830fd</load_address>
         <run_address>0x830fd</run_address>
         <size>0xa</size>
         <input_file_ref idref="fl-6"/>
      </object_component>
      <object_component id="oc-102">
         <name>.text:_IPC1_ISR</name>
         <load_address>0x83107</load_address>
         <run_address>0x83107</run_address>
         <size>0xa</size>
         <input_file_ref idref="fl-6"/>
      </object_component>
      <object_component id="oc-103">
         <name>.text:_IPC2_ISR</name>
         <load_address>0x83111</load_address>
         <run_address>0x83111</run_address>
         <size>0xa</size>
         <input_file_ref idref="fl-6"/>
      </object_component>
      <object_component id="oc-104">
         <name>.text:_IPC3_ISR</name>
         <load_address>0x8311b</load_address>
         <run_address>0x8311b</run_address>
         <size>0xa</size>
         <input_file_ref idref="fl-6"/>
      </object_component>
      <object_component id="oc-d1">
         <name>.text:_MCBSPA_RX_ISR</name>
         <load_address>0x83125</load_address>
         <run_address>0x83125</run_address>
         <size>0xa</size>
         <input_file_ref idref="fl-6"/>
      </object_component>
      <object_component id="oc-d2">
         <name>.text:_MCBSPA_TX_ISR</name>
         <load_address>0x8312f</load_address>
         <run_address>0x8312f</run_address>
         <size>0xa</size>
         <input_file_ref idref="fl-6"/>
      </object_component>
      <object_component id="oc-d3">
         <name>.text:_MCBSPB_RX_ISR</name>
         <load_address>0x83139</load_address>
         <run_address>0x83139</run_address>
         <size>0xa</size>
         <input_file_ref idref="fl-6"/>
      </object_component>
      <object_component id="oc-d4">
         <name>.text:_MCBSPB_TX_ISR</name>
         <load_address>0x83143</load_address>
         <run_address>0x83143</run_address>
         <size>0xa</size>
         <input_file_ref idref="fl-6"/>
      </object_component>
      <object_component id="oc-9e">
         <name>.text:_NMI_ISR</name>
         <load_address>0x8314d</load_address>
         <run_address>0x8314d</run_address>
         <size>0xa</size>
         <input_file_ref idref="fl-6"/>
      </object_component>
      <object_component id="oc-125">
         <name>.text:_NOTUSED_ISR</name>
         <load_address>0x83157</load_address>
         <run_address>0x83157</run_address>
         <size>0xa</size>
         <input_file_ref idref="fl-6"/>
      </object_component>
      <object_component id="oc-123">
         <name>.text:_PIE_RESERVED_ISR</name>
         <load_address>0x83161</load_address>
         <run_address>0x83161</run_address>
         <size>0xa</size>
         <input_file_ref idref="fl-6"/>
      </object_component>
      <object_component id="oc-11e">
         <name>.text:_RAM_ACCESS_VIOLATION_ISR</name>
         <load_address>0x8316b</load_address>
         <run_address>0x8316b</run_address>
         <size>0xa</size>
         <input_file_ref idref="fl-6"/>
      </object_component>
      <object_component id="oc-11c">
         <name>.text:_RAM_CORRECTABLE_ERROR_ISR</name>
         <load_address>0x83175</load_address>
         <run_address>0x83175</run_address>
         <size>0xa</size>
         <input_file_ref idref="fl-6"/>
      </object_component>
      <object_component id="oc-9c">
         <name>.text:_RTOS_ISR</name>
         <load_address>0x8317f</load_address>
         <run_address>0x8317f</run_address>
         <size>0xa</size>
         <input_file_ref idref="fl-6"/>
      </object_component>
      <object_component id="oc-e3">
         <name>.text:_SCIA_RX_ISR</name>
         <load_address>0x83189</load_address>
         <run_address>0x83189</run_address>
         <size>0xa</size>
         <input_file_ref idref="fl-6"/>
      </object_component>
      <object_component id="oc-e4">
         <name>.text:_SCIA_TX_ISR</name>
         <load_address>0x83193</load_address>
         <run_address>0x83193</run_address>
         <size>0xa</size>
         <input_file_ref idref="fl-6"/>
      </object_component>
      <object_component id="oc-e5">
         <name>.text:_SCIB_RX_ISR</name>
         <load_address>0x8319d</load_address>
         <run_address>0x8319d</run_address>
         <size>0xa</size>
         <input_file_ref idref="fl-6"/>
      </object_component>
      <object_component id="oc-e6">
         <name>.text:_SCIB_TX_ISR</name>
         <load_address>0x831a7</load_address>
         <run_address>0x831a7</run_address>
         <size>0xa</size>
         <input_file_ref idref="fl-6"/>
      </object_component>
      <object_component id="oc-df">
         <name>.text:_SCIC_RX_ISR</name>
         <load_address>0x831b1</load_address>
         <run_address>0x831b1</run_address>
         <size>0xa</size>
         <input_file_ref idref="fl-6"/>
      </object_component>
      <object_component id="oc-e0">
         <name>.text:_SCIC_TX_ISR</name>
         <load_address>0x831bb</load_address>
         <run_address>0x831bb</run_address>
         <size>0xa</size>
         <input_file_ref idref="fl-6"/>
      </object_component>
      <object_component id="oc-e1">
         <name>.text:_SCID_RX_ISR</name>
         <load_address>0x831c5</load_address>
         <run_address>0x831c5</run_address>
         <size>0xa</size>
         <input_file_ref idref="fl-6"/>
      </object_component>
      <object_component id="oc-e2">
         <name>.text:_SCID_TX_ISR</name>
         <load_address>0x831cf</load_address>
         <run_address>0x831cf</run_address>
         <size>0xa</size>
         <input_file_ref idref="fl-6"/>
      </object_component>
      <object_component id="oc-10d">
         <name>.text:_SD1_ISR</name>
         <load_address>0x831d9</load_address>
         <run_address>0x831d9</run_address>
         <size>0xa</size>
         <input_file_ref idref="fl-6"/>
      </object_component>
      <object_component id="oc-10e">
         <name>.text:_SD2_ISR</name>
         <load_address>0x831e3</load_address>
         <run_address>0x831e3</run_address>
         <size>0xa</size>
         <input_file_ref idref="fl-6"/>
      </object_component>
      <object_component id="oc-cd">
         <name>.text:_SPIA_RX_ISR</name>
         <load_address>0x831ed</load_address>
         <run_address>0x831ed</run_address>
         <size>0xa</size>
         <input_file_ref idref="fl-6"/>
      </object_component>
      <object_component id="oc-ce">
         <name>.text:_SPIA_TX_ISR</name>
         <load_address>0x831f7</load_address>
         <run_address>0x831f7</run_address>
         <size>0xa</size>
         <input_file_ref idref="fl-6"/>
      </object_component>
      <object_component id="oc-cf">
         <name>.text:_SPIB_RX_ISR</name>
         <load_address>0x83201</load_address>
         <run_address>0x83201</run_address>
         <size>0xa</size>
         <input_file_ref idref="fl-6"/>
      </object_component>
      <object_component id="oc-d0">
         <name>.text:_SPIB_TX_ISR</name>
         <load_address>0x8320b</load_address>
         <run_address>0x8320b</run_address>
         <size>0xa</size>
         <input_file_ref idref="fl-6"/>
      </object_component>
      <object_component id="oc-10f">
         <name>.text:_SPIC_RX_ISR</name>
         <load_address>0x83215</load_address>
         <run_address>0x83215</run_address>
         <size>0xa</size>
         <input_file_ref idref="fl-6"/>
      </object_component>
      <object_component id="oc-110">
         <name>.text:_SPIC_TX_ISR</name>
         <load_address>0x8321f</load_address>
         <run_address>0x8321f</run_address>
         <size>0xa</size>
         <input_file_ref idref="fl-6"/>
      </object_component>
      <object_component id="oc-11f">
         <name>.text:_SYS_PLL_SLIP_ISR</name>
         <load_address>0x83229</load_address>
[...]
      <symbol id="sm-9cd">
         <name>_sense_dc_bb1_i_scale</name>
         <value>0xaaf2</value>
         <object_component_ref idref="oc-2e0"/>
      </symbol>
      <symbol id="sm-9ce">
         <name>_app_GetDspAdcMain</name>
         <value>0x80c9</value>
         <object_component_ref idref="oc-3b4"/>
      </symbol>
      <symbol id="sm-9d0">
         <name>_sense_fan_current</name>
         <value>0xab5e</value>
         <object_component_ref idref="oc-2e0"/>
      </symbol>
      <symbol id="sm-9d1">
         <name>_reset_offset_seq</name>
         <value>0xaac1</value>
         <object_component_ref idref="oc-2e0"/>
      </symbol>
      <symbol id="sm-9d2">
         <name>_sense_dc_bb2_i_offset</name>
         <value>0xab0a</value>
         <object_component_ref idref="oc-2e0"/>
      </symbol>
      <symbol id="sm-9d3">
         <name>_sense_sys_pw_12vd_scale</name>
         <value>0xab3c</value>
         <object_component_ref idref="oc-2e0"/>
      </symbol>
      <symbol id="sm-9d4">
         <name>_sense_dc_bb2_i_cal</name>
         <value>0xab02</value>
         <object_component_ref idref="oc-2e0"/>
      </symbol>
      <symbol id="sm-9d5">
         <name>_stop_flag</name>
         <value>0xaac3</value>
         <object_component_ref idref="oc-2e0"/>
      </symbol>
      <symbol id="sm-9d6">
         <name>_sense_dc_bb1_i_scale_charge</name>
         <value>0xaaf4</value>
         <object_component_ref idref="oc-2e0"/>
      </symbol>
      <symbol id="sm-9d7">
         <name>_sense_dc_out_cap_v_cal</name>
         <value>0xaae2</value>
         <object_component_ref idref="oc-2e0"/>
      </symbol>
      <symbol id="sm-9d8">
         <name>_sense_dc_link_pri_r_v_scale</name>
         <value>0xaad2</value>
         <object_component_ref idref="oc-2e0"/>
      </symbol>
      <symbol id="sm-9d9">
         <name>_sense_batt_neg_v_offset</name>
         <value>0xab26</value>
         <object_component_ref idref="oc-2e0"/>
      </symbol>
      <symbol id="sm-9da">
         <name>_sense_temp_out_3_emavg</name>
         <value>0xab52</value>
         <object_component_ref idref="oc-2e0"/>
      </symbol>
      <symbol id="sm-9db">
         <name>_sense_dc_out_cap_v_scale</name>
         <value>0xaae4</value>
         <object_component_ref idref="oc-2e0"/>
      </symbol>
      <symbol id="sm-9dc">
         <name>_sense_dc_bb2_i_scale_discharge</name>
         <value>0xab08</value>
         <object_component_ref idref="oc-2e0"/>
      </symbol>
      <symbol id="sm-9dd">
         <name>_sense_temp_out_4_emavg</name>
         <value>0xab54</value>
         <object_component_ref idref="oc-2e0"/>
      </symbol>
      <symbol id="sm-9de">
         <name>_sense_batt_v</name>
         <value>0xab16</value>
         <object_component_ref idref="oc-2e0"/>
      </symbol>
      <symbol id="sm-9df">
         <name>_sense_batt_t</name>
         <value>0xab2a</value>
         <object_component_ref idref="oc-2e0"/>
      </symbol>
      <symbol id="sm-9e0">
         <name>_sense_dc_link_pri_f_v_emavg</name>
         <value>0xaace</value>
         <object_component_ref idref="oc-2e0"/>
      </symbol>
      <symbol id="sm-9e1">
         <name>_sense_dc_link_pri_f_v_offset</name>
         <value>0xaacc</value>
         <object_component_ref idref="oc-2e0"/>
      </symbol>
      <symbol id="sm-9e2">
         <name>_sense_dc_link_pri_r_v_offset</name>
         <value>0xaad4</value>
         <object_component_ref idref="oc-2e0"/>
      </symbol>
      <symbol id="sm-9e3">
         <name>_sense_dc_bb2_i_scale_charge</name>
         <value>0xab06</value>
         <object_component_ref idref="oc-2e0"/>
      </symbol>
      <symbol id="sm-9e4">
         <name>_app_GetExternalAdc</name>
         <value>0x8144</value>
         <object_component_ref idref="oc-3bb"/>
      </symbol>
      <symbol id="sm-9e6">
         <name>_sense_temp_board_3</name>
         <value>0xab4c</value>
         <object_component_ref idref="oc-2e0"/>
      </symbol>
      <symbol id="sm-9e7">
         <name>_sense_temp_board_2</name>
         <value>0xab4a</value>
         <object_component_ref idref="oc-2e0"/>
      </symbol>
      <symbol id="sm-9e8">
         <name>_sense_temp_board_1</name>
         <value>0xab48</value>
         <object_component_ref idref="oc-2e0"/>
      </symbol>
      <symbol id="sm-9e9">
         <name>_sense_dc_link_sec_v_emavg</name>
         <value>0xaade</value>
         <object_component_ref idref="oc-2e0"/>
      </symbol>
      <symbol id="sm-9ea">
         <name>_sense_dc_link_sec_v_scale</name>
         <value>0xaada</value>
         <object_component_ref idref="oc-2e0"/>
      </symbol>
      <symbol id="sm-9eb">
         <name>_sum</name>
         <value>0xab6a</value>
         <object_component_ref idref="oc-2e0"/>
      </symbol>
      <symbol id="sm-9ec">
         <name>_sense_dc_bb1_i_offset</name>
         <value>0xaaf8</value>
         <object_component_ref idref="oc-2e0"/>
      </symbol>
      <symbol id="sm-9ed">
         <name>_sense_sys_pw_p_5va</name>
         <value>0xab36</value>
         <object_component_ref idref="oc-2e0"/>
      </symbol>
      <symbol id="sm-9ee">
         <name>_sense_dc_bb1_i</name>
         <value>0xaaee</value>
         <object_component_ref idref="oc-2e0"/>
      </symbol>
      <symbol id="sm-9ef">
         <name>_avg_contact_resistance</name>
         <value>0xab64</value>
         <object_component_ref idref="oc-2e0"/>
      </symbol>
      <symbol id="sm-9f0">
         <name>_sense_sys_pw_12vd</name>
         <value>0xab3a</value>
         <object_component_ref idref="oc-2e0"/>
      </symbol>
      <symbol id="sm-9f1">
         <name>_sense_temp_board_3_emavg</name>
         <value>0xab5c</value>
         <object_component_ref idref="oc-2e0"/>
      </symbol>
      <symbol id="sm-9f2">
         <name>_sense_sys_pw_p_15va</name>
         <value>0xab32</value>
         <object_component_ref idref="oc-2e0"/>
      </symbol>
      <symbol id="sm-9f3">
         <name>_sense_dc_bb1_i_emavg</name>
         <value>0xaafa</value>
         <object_component_ref idref="oc-2e0"/>
      </symbol>
      <symbol id="sm-9f4">
         <name>_sense_dc_link_pri_r_v_emavg</name>
         <value>0xaad6</value>
         <object_component_ref idref="oc-2e0"/>
      </symbol>
      <symbol id="sm-9f5">
         <name>_sum_contact_resistance</name>
         <value>0xab66</value>
         <object_component_ref idref="oc-2e0"/>
      </symbol>
      <symbol id="sm-9f6">
         <name>_sense_temp_out_5_emavg</name>
         <value>0xab56</value>
         <object_component_ref idref="oc-2e0"/>
      </symbol>
      <symbol id="sm-9f7">
         <name>_sense_fan_current_offset</name>
         <value>0xab62</value>
         <object_component_ref idref="oc-2e0"/>
      </symbol>
      <symbol id="sm-9f8">
         <name>_sense_batt_neg_v</name>
         <value>0xab22</value>
         <object_component_ref idref="oc-2e0"/>
      </symbol>
      <symbol id="sm-9f9">
         <name>_sense_batt_t_offset</name>
         <value>0xab2e</value>
         <object_component_ref idref="oc-2e0"/>
      </symbol>
      <symbol id="sm-9fa">
         <name>_sense_temp_dsp</name>
         <value>0xaac0</value>
         <object_component_ref idref="oc-2e0"/>
      </symbol>
      <symbol id="sm-9fb">
         <name>_calc_dc_out_i_emavg</name>
         <value>0xab12</value>
         <object_component_ref idref="oc-2e0"/>
      </symbol>
      <symbol id="sm-9fc">
         <name>_reset_offset_sum</name>
         <value>0xab6c</value>
         <object_component_ref idref="oc-2e0"/>
      </symbol>
      <symbol id="sm-9fd">
         <name>_sense_batt_v_scale</name>
         <value>0xab1a</value>
         <object_component_ref idref="oc-2e0"/>
      </symbol>
      <symbol id="sm-9fe">
         <name>_sense_dc_bb2_i</name>
         <value>0xab00</value>
         <object_component_ref idref="oc-2e0"/>
      </symbol>
      <symbol id="sm-a11">
         <name>_test_io_din2</name>
         <value>0xad82</value>
         <object_component_ref idref="oc-2e7"/>
      </symbol>
      <symbol id="sm-a12">
         <name>_test_io_din1</name>
         <value>0xad81</value>
         <object_component_ref idref="oc-2e7"/>
      </symbol>
      <symbol id="sm-a13">
         <name>_test_io_fuse</name>
         <value>0xad87</value>
         <object_component_ref idref="oc-2e7"/>
      </symbol>
      <symbol id="sm-a14">
         <name>_test_pwm_duty_b</name>
         <value>0xad8c</value>
         <object_component_ref idref="oc-2e7"/>
      </symbol>
      <symbol id="sm-a15">
         <name>_test_pwm_duty_a</name>
         <value>0xad8a</value>
         <object_component_ref idref="oc-2e7"/>
      </symbol>
      <symbol id="sm-a16">
         <name>_test_io_flag</name>
         <value>0xad80</value>
         <object_component_ref idref="oc-2e7"/>
      </symbol>
      <symbol id="sm-a17">
         <name>_test_pwm_flag</name>
         <value>0xad89</value>
         <object_component_ref idref="oc-2e7"/>
      </symbol>
      <symbol id="sm-a18">
         <name>_test_io_emo</name>
         <value>0xad88</value>
         <object_component_ref idref="oc-2e7"/>
      </symbol>
      <symbol id="sm-a19">
         <name>_test_io_mux3</name>
         <value>0xad85</value>
         <object_component_ref idref="oc-2e7"/>
      </symbol>
      <symbol id="sm-a1a">
         <name>_test_io_mux2</name>
         <value>0xad84</value>
         <object_component_ref idref="oc-2e7"/>
      </symbol>
      <symbol id="sm-a1b">
         <name>_test_io_mux1</name>
         <value>0xad83</value>
         <object_component_ref idref="oc-2e7"/>
      </symbol>
      <symbol id="sm-a1c">
         <name>_test_io_mux4</name>
         <value>0xad86</value>
         <object_component_ref idref="oc-2e7"/>
      </symbol>
      <symbol id="sm-a2c">
         <name>_cpu2_tick_timer_led</name>
         <value>0xadf2</value>
         <object_component_ref idref="oc-2ef"/>
      </symbol>
      <symbol id="sm-a2d">
         <name>_cpu2_offset_timer</name>
         <value>0xadf4</value>
         <object_component_ref idref="oc-2ef"/>
      </symbol>
      <symbol id="sm-a2e">
         <name>_app_TickVal1</name>
         <value>0x8418</value>
         <object_component_ref idref="oc-3b5"/>
      </symbol>
      <symbol id="sm-a71">
         <name>_bsp_InitAD7606</name>
         <value>0x829de</value>
         <object_component_ref idref="oc-3b8"/>
      </symbol>
      <symbol id="sm-a73">
         <name>_bsp_GetFulSeqAD7606</name>
         <value>0x834f</value>
         <object_component_ref idref="oc-3e8"/>
      </symbol>
      <symbol id="sm-a75">
         <name>_bsp_ConvAD7606</name>
         <value>0x8420</value>
         <object_component_ref idref="oc-3fa"/>
      </symbol>
      <symbol id="sm-ace">
         <name>_drv_InitADC</name>
         <value>0x82000</value>
         <object_component_ref idref="oc-3b7"/>
      </symbol>
      <symbol id="sm-ad0">
         <name>_drv_GetFullSeqDspAdcSub</name>
         <value>0x81b3</value>
         <object_component_ref idref="oc-3e6"/>
      </symbol>
      <symbol id="sm-ad2">
         <name>_drv_GetFullSeqDspAdcMain</name>
         <value>0x8000</value>
         <object_component_ref idref="oc-3c7"/>
      </symbol>
      <symbol id="sm-aff">
         <name>_drv_can_msg</name>
         <value>0xa800</value>
         <object_component_ref idref="oc-307"/>
      </symbol>
      <symbol id="sm-b00">
         <name>_drv_irq_CANA</name>
         <value>0x8221e</value>
         <object_component_ref idref="oc-308"/>
      </symbol>
      <symbol id="sm-b02">
         <name>_drv_irq_DMA_CANA</name>
         <value>0x827c7</value>
         <object_component_ref idref="oc-309"/>
      </symbol>
      <symbol id="sm-b58">
         <name>_drv_WriteEMIF</name>
         <value>0x83ef</value>
         <object_component_ref idref="oc-3fe"/>
      </symbol>
      <symbol id="sm-b5a">
         <name>_drv_InitEMIF</name>
         <value>0x82622</value>
         <object_component_ref idref="oc-3b6"/>
      </symbol>
      <symbol id="sm-b5c">
         <name>_drv_ReadEMIF</name>
         <value>0x83d9</value>
         <object_component_ref idref="oc-3fb"/>
      </symbol>
      <symbol id="sm-b7b">
         <name>_sfo_error_cnt</name>
         <value>0xacae</value>
         <object_component_ref idref="oc-31c"/>
      </symbol>
      <symbol id="sm-b7c">
         <name>_dcdc_op_pwm_freq</name>
         <value>0xacb2</value>
         <object_component_ref idref="oc-31c"/>
      </symbol>
      <symbol id="sm-b7d">
         <name>_dcdc_pwm_hr_percent</name>
         <value>0xacb8</value>
         <object_component_ref idref="oc-31c"/>
      </symbol>
      <symbol id="sm-b7e">
         <name>_MEP_ScaleFactor</name>
         <value>0xacaf</value>
         <object_component_ref idref="oc-31c"/>
      </symbol>
      <symbol id="sm-b7f">
         <name>_dcdc_in_pwm_freq</name>
         <value>0xacb4</value>
         <object_component_ref idref="oc-31c"/>
      </symbol>
      <symbol id="sm-b80">
         <name>_sfo_status</name>
         <value>0xacad</value>
         <object_component_ref idref="oc-31c"/>
      </symbol>
      <symbol id="sm-b81">
         <name>_view_dcdc_b_hr_duty_reg</name>
         <value>0xacbc</value>
         <object_component_ref idref="oc-31c"/>
      </symbol>
      <symbol id="sm-b82">
         <name>_dcdc_pwm_hr_use</name>
         <value>0xacac</value>
         <object_component_ref idref="oc-31c"/>
      </symbol>
      <symbol id="sm-b83">
         <name>_view_dcdc_b_duty_reg</name>
         <value>0xacb1</value>
         <object_component_ref idref="oc-31c"/>
      </symbol>
      <symbol id="sm-b84">
         <name>_view_dcdc_t_duty_reg</name>
         <value>0xacb0</value>
         <object_component_ref idref="oc-31c"/>
      </symbol>
      <symbol id="sm-b85">
         <name>_dcdc_pwm_prd</name>
         <value>0xacb6</value>
         <object_component_ref idref="oc-31c"/>
      </symbol>
      <symbol id="sm-b86">
         <name>_view_dcdc_t_hr_duty_reg</name>
         <value>0xacba</value>
         <object_component_ref idref="oc-31c"/>
      </symbol>
      <symbol id="sm-bdc">
         <name>_drv_timer2_register</name>
         <value>0xadb0</value>
         <object_component_ref idref="oc-3a2"/>
      </symbol>
      <symbol id="sm-bdd">
         <name>_drv_timer0_register</name>
         <value>0xad8e</value>
         <object_component_ref idref="oc-39d"/>
      </symbol>
      <symbol id="sm-bde">
         <name>_drv_InitTimer</name>
         <value>0x822c3</value>
         <object_component_ref idref="oc-3b9"/>
      </symbol>
      <symbol id="sm-be0">
         <name>_timer2_count</name>
         <value>0xadf6</value>
         <object_component_ref idref="oc-324"/>
      </symbol>
      <symbol id="sm-be1">
         <name>_drv_irq_Timer2</name>
         <value>0x820d</value>
         <object_component_ref idref="oc-327"/>
      </symbol>
      <symbol id="sm-be3">
         <name>_drv_irq_Timer0</name>
         <value>0x8256</value>
         <object_component_ref idref="oc-325"/>
      </symbol>
      <symbol id="sm-be5">
         <name>_drv_irq_Timer1</name>
         <value>0x82e2</value>
         <object_component_ref idref="oc-326"/>
      </symbol>
      <symbol id="sm-be7">
         <name>_drv_timer1_register</name>
         <value>0xada6</value>
         <object_component_ref idref="oc-3a0"/>
      </symbol>
      <symbol id="sm-be8">
         <name>_drv_ConfigTimer</name>
         <value>0x8281f</value>
         <object_component_ref idref="oc-3e0"/>
      </symbol>
      <symbol id="sm-c09">
         <name>_Fapi_GlobalInit</name>
         <value>0xad74</value>
         <object_component_ref idref="oc-33a"/>
      </symbol>
      <symbol id="sm-c1c">
         <name>_SFO_CAL</name>
         <value>0xadba</value>
         <object_component_ref idref="oc-340"/>
      </symbol>
      <symbol id="sm-c4a">
         <name>_c_int00</name>
         <value>0x82583</value>
         <object_component_ref idref="oc-34b"/>
      </symbol>
      <symbol id="sm-c4b">
         <name>__stack</name>
         <value>0x400</value>
         <object_component_ref idref="oc-34c"/>
      </symbol>
      <symbol id="sm-c5c">
         <name>FS$$DIV</name>
         <value>0x8234d</value>
         <object_component_ref idref="oc-352"/>
      </symbol>
      <symbol id="sm-c68">
         <name>LL$$AND</name>
         <value>0x82bd2</value>
         <object_component_ref idref="oc-357"/>
      </symbol>
      <symbol id="sm-c69">
         <name>LL$$OR</name>
         <value>0x82bda</value>
         <object_component_ref idref="oc-357"/>
      </symbol>
      <symbol id="sm-c6a">
         <name>LL$$XOR</name>
         <value>0x82be2</value>
         <object_component_ref idref="oc-357"/>
      </symbol>
      <symbol id="sm-c78">
         <name>ULL$$CMP</name>
         <value>0x82aa9</value>
         <object_component_ref idref="oc-35c"/>
      </symbol>
      <symbol id="sm-c79">
         <name>LL$$CMP</name>
         <value>0x82a97</value>
         <object_component_ref idref="oc-35c"/>
      </symbol>
      <symbol id="sm-c88">
         <name>_copy_in</name>
         <value>0x82955</value>
         <object_component_ref idref="oc-3a5"/>
      </symbol>
      <symbol id="sm-c9a">
         <name>_memcpy</name>
         <value>0x82ab5</value>
         <object_component_ref idref="oc-3ad"/>
      </symbol>
      <symbol id="sm-ca7">
         <name>__system_pre_init</name>
         <value>0x8334e</value>
         <object_component_ref idref="oc-3a4"/>
      </symbol>
      <symbol id="sm-cb5">
         <name>__system_post_cinit</name>
         <value>0x82525</value>
         <object_component_ref idref="oc-3a6"/>
      </symbol>
      <symbol id="sm-cca">
         <name>C$$EXIT</name>
         <value>0x82849</value>
         <object_component_ref idref="oc-3a8"/>
      </symbol>
      <symbol id="sm-ccb">
         <name>_exit</name>
         <value>0x8284b</value>
         <object_component_ref idref="oc-3a8"/>
      </symbol>
      <symbol id="sm-ccd">
         <name>___TI_cleanup_ptr</name>
         <value>0xade6</value>
         <object_component_ref idref="oc-377"/>
      </symbol>
      <symbol id="sm-cce">
         <name>___TI_enable_exit_profile_output</name>
         <value>0xade4</value>
         <object_component_ref idref="oc-377"/>
      </symbol>
      <symbol id="sm-ccf">
         <name>_abort</name>
         <value>0x82849</value>
         <object_component_ref idref="oc-3a8"/>
      </symbol>
      <symbol id="sm-cd1">
         <name>___TI_dtors_ptr</name>
         <value>0xade8</value>
         <object_component_ref idref="oc-377"/>
      </symbol>
      <symbol id="sm-ce5">
         <name>__unlock</name>
         <value>0xacbe</value>
         <object_component_ref idref="oc-3eb"/>
      </symbol>
      <symbol id="sm-ce6">
         <name>__lock</name>
         <value>0xab7e</value>
         <object_component_ref idref="oc-3af"/>
      </symbol>
      <symbol id="sm-ce7">
         <name>__register_lock</name>
         <value>0x83327</value>
         <object_component_ref idref="oc-3bd"/>
      </symbol>
      <symbol id="sm-ce9">
         <name>__nop</name>
         <value>0x8332b</value>
         <object_component_ref idref="oc-3bd"/>
      </symbol>
      <symbol id="sm-ceb">
         <name>__register_unlock</name>
         <value>0x83323</value>
         <object_component_ref idref="oc-3bd"/>
      </symbol>
      <symbol id="sm-cfb">
         <name>__args_main</name>
         <value>0x82ce8</value>
         <object_component_ref idref="oc-3a7"/>
      </symbol>
      <symbol id="sm-d0f">
         <name>_errno</name>
         <value>0xadf9</value>
         <object_component_ref idref="oc-38d"/>
      </symbol>
   </symbol_table>
   <title>Link successful</title>
</link_info>
